07-21 11:20:09.763  3233  5439 W Binder  : 	at android.os.Looper.loop(Looper.java:392)
07-21 11:20:09.763  3233  5439 W Binder  : 	at android.os.HandlerThread.run(HandlerThread.java:139)
07-21 11:20:09.764  3233  3299 D SurfaceComposerClient: [SEC_SF_EFFECTS] setBackgroundBlurRadius ## Dim Layer for - Task=64905#721 backgroundBlurRadius=0
07-21 11:20:09.764  3233  5439 W Binder  : Outgoing transactions from this process must be FLAG_ONEWAY
07-21 11:20:09.764  3233  5439 W Binder  : java.lang.Throwable
07-21 11:20:09.764  3233  5439 W Binder  : 	at android.os.BinderProxy.transact(BinderProxy.java:575)
07-21 11:20:09.764  3233  5439 W Binder  : 	at android.bluetooth.IBluetoothScan$Stub$Proxy.getScannerUids(IBluetoothScan.java:459)
07-21 11:20:09.764  3233  5439 W Binder  : 	at android.bluetooth.BluetoothAdapter.getScannerUids(BluetoothAdapter.java:2041)
07-21 11:20:09.764  3233  5439 W Binder  : 	at android.bluetooth.BluetoothAdapter.getHWUsingApps(BluetoothAdapter.java:2273)
07-21 11:20:09.764  3233  5439 W Binder  : 	at com.android.server.am.mars.filter.filter.BlueToothConnectedFilter.updateBTUsingPackages(qb/110917545 19b9947018bc453be15c4857c9b134e3b1f36fd7de3bc1a54089ed027b707cc8:22)
07-21 11:20:09.764  3233  5439 W Binder  : 	at com.android.server.am.FreecessController.freeze(qb/110917545 19b9947018bc453be15c4857c9b134e3b1f36fd7de3bc1a54089ed027b707cc8:126)
07-21 11:20:09.764  3233  5439 W Binder  : 	at com.android.server.am.FreecessHandler$MainHandler.handleLcdOnFreeze(qb/110917545 19b9947018bc453be15c4857c9b134e3b1f36fd7de3bc1a54089ed027b707cc8:55)
07-21 11:20:09.764  3233  5439 W Binder  : 	at com.android.server.am.FreecessHandler$MainHandler.handleMessage(qb/110917545 19b9947018bc453be15c4857c9b134e3b1f36fd7de3bc1a54089ed027b707cc8:1686)
07-21 11:20:09.764  3233  5439 W Binder  : 	at android.os.Handler.dispatchMessage(Handler.java:132)
07-21 11:20:09.764  3233  5439 W Binder  : 	at android.os.Looper.dispatchMessage(Looper.java:358)
07-21 11:20:09.764  3233  5439 W Binder  : 	at android.os.Looper.loopOnce(Looper.java:288)
07-21 11:20:09.764  3233  5439 W Binder  : 	at android.os.Looper.loop(Looper.java:392)
07-21 11:20:09.764  3233  5439 W Binder  : 	at android.os.HandlerThread.run(HandlerThread.java:139)
07-21 11:20:09.764  5038  5038 I HoneySpace.Player: [Player:A(9.257)] container x: 1084.0352, y: 228.44217, scale : 0.17743377
07-21 11:20:09.765  5038  5038 I HoneySpace.Player: [Player:A(9.257)] container x: 1088.8406, y: 229.71524, scale : 0.17071906
07-21 11:20:09.765  5038  5038 I HoneySpace.Player: [Player:A(9.257)] container x: 1096.8738, y: 229.71524, scale : 0.17071924
07-21 11:20:09.766  5038  7574 I VRI[LauncherActivity]@16ceedf: mWNT: t=0xb40000720ea98000 mBlastBufferQueue=0xb400007185fef400 fn= 350 HdrRenderState mRenderHdrSdrRatio=1.0 caller= com.android.systemui.shared.launcher.ViewRootImplCompat.mergeWithNextTransaction:4 com.honeyspace.transition.utils.SurfaceTransactionApplier.scheduleApply$lambda$1:16 com.honeyspace.transition.utils.SurfaceTransactionApplier.b:0 
07-21 11:20:09.766  5038  7574 I VRI[LauncherActivity]@16ceedf: mWNT: t=0xb40000720ea98200 mBlastBufferQueue=0xb400007185fef400 fn= 350 HdrRenderState mRenderHdrSdrRatio=1.0 caller= com.android.systemui.shared.launcher.ViewRootImplCompat.mergeWithNextTransaction:4 com.honeyspace.transition.utils.SurfaceTransactionApplier.scheduleApply$lambda$1:16 com.honeyspace.transition.utils.SurfaceTransactionApplier.b:0 
07-21 11:20:09.766  5038  7574 I VRI[LauncherActivity]@16ceedf: mWNT: t=0xb40000720ea98400 mBlastBufferQueue=0xb400007185fef400 fn= 350 HdrRenderState mRenderHdrSdrRatio=1.0 caller= com.android.systemui.shared.launcher.ViewRootImplCompat.mergeWithNextTransaction:4 com.honeyspace.transition.utils.SurfaceTransactionApplier.scheduleApply$lambda$1:16 com.honeyspace.transition.utils.SurfaceTransactionApplier.b:0 
07-21 11:20:09.768  3233  5439 D FreecessController: FZ : com.tencent.wework(10429) [25852, 26129] reason: Bg
07-21 11:20:09.768  3233  5439 D FreecessHandler: freeze com.tencent.wework(10429)
07-21 11:20:09.768  3233  5439 W LocationManagerService: onFreezeStateChanged, uid[10429]=true
07-21 11:20:09.770  3233  5439 I PowerManagerService: [PWL] SetWakeLockEnableDisable uid = 10429 , disable= true
07-21 11:20:09.770  3233  5439 I PowerManagerService: [PWL] can not change uid =  10429
07-21 11:20:09.773  3233  3299 D SurfaceComposerClient: [SEC_SF_EFFECTS] setBackgroundBlurRadius ## Dim Layer for - Task=64905#721 backgroundBlurRadius=0
07-21 11:20:09.773  5038  5038 I HoneySpace.Player: [Player:A(9.257)] container x: 1097.8085, y: 229.2595, scale : 0.17071924
07-21 11:20:09.773  5038  5038 I HoneySpace.Player: [Player:A(9.257)] container x: 1102.6356, y: 230.50664, scale : 0.1639868
07-21 11:20:09.773  5038  5038 I HoneySpace.Player: [Player:A(9.257)] container x: 1110.8988, y: 230.50664, scale : 0.1639868
07-21 11:20:09.774  5038  7575 I VRI[LauncherActivity]@16ceedf: mWNT: t=0xb40000720ea98600 mBlastBufferQueue=0xb400007185fef400 fn= 351 HdrRenderState mRenderHdrSdrRatio=1.0 caller= com.android.systemui.shared.launcher.ViewRootImplCompat.mergeWithNextTransaction:4 com.honeyspace.transition.utils.SurfaceTransactionApplier.scheduleApply$lambda$1:16 com.honeyspace.transition.utils.SurfaceTransactionApplier.b:0 
07-21 11:20:09.774  5038  7575 I VRI[LauncherActivity]@16ceedf: mWNT: t=0xb40000720ea98800 mBlastBufferQueue=0xb400007185fef400 fn= 351 HdrRenderState mRenderHdrSdrRatio=1.0 caller= com.android.systemui.shared.launcher.ViewRootImplCompat.mergeWithNextTransaction:4 com.honeyspace.transition.utils.SurfaceTransactionApplier.scheduleApply$lambda$1:16 com.honeyspace.transition.utils.SurfaceTransactionApplier.b:0 
07-21 11:20:09.774  5038  7575 I VRI[LauncherActivity]@16ceedf: mWNT: t=0xb40000720ea98a00 mBlastBufferQueue=0xb400007185fef400 fn= 351 HdrRenderState mRenderHdrSdrRatio=1.0 caller= com.android.systemui.shared.launcher.ViewRootImplCompat.mergeWithNextTransaction:4 com.honeyspace.transition.utils.SurfaceTransactionApplier.scheduleApply$lambda$1:16 com.honeyspace.transition.utils.SurfaceTransactionApplier.b:0 
07-21 11:20:09.780  3233  3926 V MdnieScenarioControlService: mAclOffEnabled : false
07-21 11:20:09.781  3233  3299 D SurfaceComposerClient: [SEC_SF_EFFECTS] setBackgroundBlurRadius ## Dim Layer for - Task=64905#721 backgroundBlurRadius=0
07-21 11:20:09.781  5038  5038 I HoneySpace.Player: [Player:A(9.257)] container x: 1110.8988, y: 229.95041, scale : 0.16480882
07-21 11:20:09.781  5038  5038 I HoneySpace.Player: [Player:A(9.257)] container x: 1114.7161, y: 230.93008, scale : 0.15946478
07-21 11:20:09.781  5038  5038 I HoneySpace.Player: [Player:A(9.257)] container x: 1121.4083, y: 230.93008, scale : 0.15946478
07-21 11:20:09.782  5038  7574 I VRI[LauncherActivity]@16ceedf: mWNT: t=0xb40000720ea98c00 mBlastBufferQueue=0xb400007185fef400 fn= 352 HdrRenderState mRenderHdrSdrRatio=1.0 caller= com.android.systemui.shared.launcher.ViewRootImplCompat.mergeWithNextTransaction:4 com.honeyspace.transition.utils.SurfaceTransactionApplier.scheduleApply$lambda$1:16 com.honeyspace.transition.utils.SurfaceTransactionApplier.b:0 
07-21 11:20:09.782  5038  7574 I VRI[LauncherActivity]@16ceedf: mWNT: t=0xb40000720ea98e00 mBlastBufferQueue=0xb400007185fef400 fn= 352 HdrRenderState mRenderHdrSdrRatio=1.0 caller= com.android.systemui.shared.launcher.ViewRootImplCompat.mergeWithNextTransaction:4 com.honeyspace.transition.utils.SurfaceTransactionApplier.scheduleApply$lambda$1:16 com.honeyspace.transition.utils.SurfaceTransactionApplier.b:0 
07-21 11:20:09.782  5038  7574 I VRI[LauncherActivity]@16ceedf: mWNT: t=0xb40000720e924000 mBlastBufferQueue=0xb400007185fef400 fn= 352 HdrRenderState mRenderHdrSdrRatio=1.0 caller= com.android.systemui.shared.launcher.ViewRootImplCompat.mergeWithNextTransaction:4 com.honeyspace.transition.utils.SurfaceTransactionApplier.scheduleApply$lambda$1:16 com.honeyspace.transition.utils.SurfaceTransactionApplier.b:0 
07-21 11:20:09.789  3233  3299 D SurfaceComposerClient: [SEC_SF_EFFECTS] setBackgroundBlurRadius ## Dim Layer for - Task=64905#721 backgroundBlurRadius=0
07-21 11:20:09.789  5038  5038 I HoneySpace.Player: [Player:A(9.257)] container x: 1121.4083, y: 230.33273, scale : 0.15946478
07-21 11:20:09.789  5038  5038 I HoneySpace.Player: [Player:A(9.257)] container x: 1124.8229, y: 231.15277, scale : 0.15468471
07-21 11:20:09.790  5038  5038 I HoneySpace.Player: [Player:A(9.257)] container x: 1130.9348, y: 231.15277, scale : 0.15468471
07-21 11:20:09.790  5038  7575 I VRI[LauncherActivity]@16ceedf: mWNT: t=0xb40000720e924200 mBlastBufferQueue=0xb400007185fef400 fn= 353 HdrRenderState mRenderHdrSdrRatio=1.0 caller= com.android.systemui.shared.launcher.ViewRootImplCompat.mergeWithNextTransaction:4 com.honeyspace.transition.utils.SurfaceTransactionApplier.scheduleApply$lambda$1:16 com.honeyspace.transition.utils.SurfaceTransactionApplier.b:0 
07-21 11:20:09.790  5038  7575 I VRI[LauncherActivity]@16ceedf: mWNT: t=0xb40000720e924400 mBlastBufferQueue=0xb400007185fef400 fn= 353 HdrRenderState mRenderHdrSdrRatio=1.0 caller= com.android.systemui.shared.launcher.ViewRootImplCompat.mergeWithNextTransaction:4 com.honeyspace.transition.utils.SurfaceTransactionApplier.scheduleApply$lambda$1:16 com.honeyspace.transition.utils.SurfaceTransactionApplier.b:0 
07-21 11:20:09.790  5038  7575 I VRI[LauncherActivity]@16ceedf: mWNT: t=0xb40000720e924600 mBlastBufferQueue=0xb400007185fef400 fn= 353 HdrRenderState mRenderHdrSdrRatio=1.0 caller= com.android.systemui.shared.launcher.ViewRootImplCompat.mergeWithNextTransaction:4 com.honeyspace.transition.utils.SurfaceTransactionApplier.scheduleApply$lambda$1:16 com.honeyspace.transition.utils.SurfaceTransactionApplier.b:0 
07-21 11:20:09.798  3233  3299 D SurfaceComposerClient: [SEC_SF_EFFECTS] setBackgroundBlurRadius ## Dim Layer for - Task=64905#721 backgroundBlurRadius=0
07-21 11:20:09.798  5038  5038 I HoneySpace.Player: [Player:A(9.257)] container x: 1131.89, y: 230.51706, scale : 0.15468471
07-21 11:20:09.798  5038  5038 I HoneySpace.Player: [Player:A(9.257)] container x: 1134.9452, y: 231.2047, scale : 0.15041538
07-21 11:20:09.798  5038  5038 I HoneySpace.Player: [Player:A(9.257)] container x: 1140.5096, y: 231.2047, scale : 0.15041521
07-21 11:20:09.798  5038  7574 I VRI[LauncherActivity]@16ceedf: mWNT: t=0xb40000720e924800 mBlastBufferQueue=0xb400007185fef400 fn= 354 HdrRenderState mRenderHdrSdrRatio=1.0 caller= com.android.systemui.shared.launcher.ViewRootImplCompat.mergeWithNextTransaction:4 com.honeyspace.transition.utils.SurfaceTransactionApplier.scheduleApply$lambda$1:16 com.honeyspace.transition.utils.SurfaceTransactionApplier.b:0 
07-21 11:20:09.798  5038  7574 I VRI[LauncherActivity]@16ceedf: mWNT: t=0xb40000720e924a00 mBlastBufferQueue=0xb400007185fef400 fn= 354 HdrRenderState mRenderHdrSdrRatio=1.0 caller= com.android.systemui.shared.launcher.ViewRootImplCompat.mergeWithNextTransaction:4 com.honeyspace.transition.utils.SurfaceTransactionApplier.scheduleApply$lambda$1:16 com.honeyspace.transition.utils.SurfaceTransactionApplier.b:0 
07-21 11:20:09.798  5038  7574 I VRI[LauncherActivity]@16ceedf: mWNT: t=0xb40000720e924c00 mBlastBufferQueue=0xb400007185fef400 fn= 354 HdrRenderState mRenderHdrSdrRatio=1.0 caller= com.android.systemui.shared.launcher.ViewRootImplCompat.mergeWithNextTransaction:4 com.honeyspace.transition.utils.SurfaceTransactionApplier.scheduleApply$lambda$1:16 com.honeyspace.transition.utils.SurfaceTransactionApplier.b:0 
07-21 11:20:09.799  1759  2033 E minksocket: MinkIPC_QRTR_Service: client with node 1 port 5769 went down
07-21 11:20:09.799  1759  2020 E minksocket: MinkIPC_QRTR_Service: client with node 1 port 5769 went down
07-21 11:20:09.800  1759  2033 E minksocket: MinkIPC_QRTR_Service: client with node 1 port 576a went down
07-21 11:20:09.801  1759  2020 E minksocket: MinkIPC_QRTR_Service: client with node 1 port 576a went down
07-21 11:20:09.801  1759  2020 E minksocket: MinkIPC_QRTR_Service: client with node 1 port 576b went down
07-21 11:20:09.801  1759  2033 E minksocket: MinkIPC_QRTR_Service: client with node 1 port 576b went down
07-21 11:20:09.803  1759  2033 E minksocket: MinkIPC_QRTR_Service: client with node 1 port 576c went down
07-21 11:20:09.803  1759  2020 E minksocket: MinkIPC_QRTR_Service: client with node 1 port 576c went down
07-21 11:20:09.806  3233  3299 D SurfaceComposerClient: [SEC_SF_EFFECTS] setBackgroundBlurRadius ## Dim Layer for - Task=64905#721 backgroundBlurRadius=0
07-21 11:20:09.806  5038  5038 I HoneySpace.Player: [Player:A(9.257)] container x: 1140.5096, y: 230.56734, scale : 0.15041521
07-21 11:20:09.806  5038  5038 I HoneySpace.Player: [Player:A(9.257)] container x: 1143.5536, y: 231.24733, scale : 0.14616174
07-21 11:20:09.806  5038  5038 I HoneySpace.Player: [Player:A(9.257)] container x: 1149.1996, y: 231.24733, scale : 0.14616174
07-21 11:20:09.807  5038  7575 I VRI[LauncherActivity]@16ceedf: mWNT: t=0xb40000720e924e00 mBlastBufferQueue=0xb400007185fef400 fn= 355 HdrRenderState mRenderHdrSdrRatio=1.0 caller= com.android.systemui.shared.launcher.ViewRootImplCompat.mergeWithNextTransaction:4 com.honeyspace.transition.utils.SurfaceTransactionApplier.scheduleApply$lambda$1:16 com.honeyspace.transition.utils.SurfaceTransactionApplier.b:0 
07-21 11:20:09.807  5038  7575 I VRI[LauncherActivity]@16ceedf: mWNT: t=0xb40000720e925000 mBlastBufferQueue=0xb400007185fef400 fn= 355 HdrRenderState mRenderHdrSdrRatio=1.0 caller= com.android.systemui.shared.launcher.ViewRootImplCompat.mergeWithNextTransaction:4 com.honeyspace.transition.utils.SurfaceTransactionApplier.scheduleApply$lambda$1:16 com.honeyspace.transition.utils.SurfaceTransactionApplier.b:0 
07-21 11:20:09.807  5038  7575 I VRI[LauncherActivity]@16ceedf: mWNT: t=0xb40000720e925200 mBlastBufferQueue=0xb400007185fef400 fn= 355 HdrRenderState mRenderHdrSdrRatio=1.0 caller= com.android.systemui.shared.launcher.ViewRootImplCompat.mergeWithNextTransaction:4 com.honeyspace.transition.utils.SurfaceTransactionApplier.scheduleApply$lambda$1:16 com.honeyspace.transition.utils.SurfaceTransactionApplier.b:0 
07-21 11:20:09.814  3233  3299 D SurfaceComposerClient: [SEC_SF_EFFECTS] setBackgroundBlurRadius ## Dim Layer for - Task=64905#721 backgroundBlurRadius=0
07-21 11:20:09.814  5038  5038 I HoneySpace.Player: [Player:A(9.257)] container x: 1150.1653, y: 230.53874, scale : 0.14616174
07-21 11:20:09.814  5038  5038 I HoneySpace.Player: [Player:A(9.257)] container x: 1152.5618, y: 231.06903, scale : 0.14281887
07-21 11:20:09.815  5038  5038 I HoneySpace.Player: [Player:A(9.257)] container x: 1157.0702, y: 231.06903, scale : 0.14281896
07-21 11:20:09.815  5038  7574 I VRI[LauncherActivity]@16ceedf: mWNT: t=0xb40000720e925400 mBlastBufferQueue=0xb400007185fef400 fn= 356 HdrRenderState mRenderHdrSdrRatio=1.0 caller= com.android.systemui.shared.launcher.ViewRootImplCompat.mergeWithNextTransaction:4 com.honeyspace.transition.utils.SurfaceTransactionApplier.scheduleApply$lambda$1:16 com.honeyspace.transition.utils.SurfaceTransactionApplier.b:0 
07-21 11:20:09.815  5038  7574 I VRI[LauncherActivity]@16ceedf: mWNT: t=0xb40000720e925600 mBlastBufferQueue=0xb400007185fef400 fn= 356 HdrRenderState mRenderHdrSdrRatio=1.0 caller= com.android.systemui.shared.launcher.ViewRootImplCompat.mergeWithNextTransaction:4 com.honeyspace.transition.utils.SurfaceTransactionApplier.scheduleApply$lambda$1:16 com.honeyspace.transition.utils.SurfaceTransactionApplier.b:0 
07-21 11:20:09.815  5038  7574 I VRI[LauncherActivity]@16ceedf: mWNT: t=0xb40000720e925800 mBlastBufferQueue=0xb400007185fef400 fn= 356 HdrRenderState mRenderHdrSdrRatio=1.0 caller= com.android.systemui.shared.launcher.ViewRootImplCompat.mergeWithNextTransaction:4 com.honeyspace.transition.utils.SurfaceTransactionApplier.scheduleApply$lambda$1:16 com.honeyspace.transition.utils.SurfaceTransactionApplier.b:0 
07-21 11:20:09.823  3233  3299 D SurfaceComposerClient: [SEC_SF_EFFECTS] setBackgroundBlurRadius ## Dim Layer for - Task=64905#721 backgroundBlurRadius=0
07-21 11:20:09.823  5038  5038 I HoneySpace.Player: [Player:A(9.257)] container x: 1157.0702, y: 230.33002, scale : 0.14281896
07-21 11:20:09.823  5038  5038 I HoneySpace.Player: [Player:A(9.257)] container x: 1159.2014, y: 230.76842, scale : 0.1398462
07-21 11:20:09.823  5038  5038 I HoneySpace.Player: [Player:A(9.257)] container x: 1163.2625, y: 230.76842, scale : 0.1398462
07-21 11:20:09.823  5038  7575 I VRI[LauncherActivity]@16ceedf: mWNT: t=0xb40000720e925a00 mBlastBufferQueue=0xb400007185fef400 fn= 357 HdrRenderState mRenderHdrSdrRatio=1.0 caller= com.android.systemui.shared.launcher.ViewRootImplCompat.mergeWithNextTransaction:4 com.honeyspace.transition.utils.SurfaceTransactionApplier.scheduleApply$lambda$1:16 com.honeyspace.transition.utils.SurfaceTransactionApplier.b:0 
07-21 11:20:09.823  5038  7575 I VRI[LauncherActivity]@16ceedf: mWNT: t=0xb40000720e925c00 mBlastBufferQueue=0xb400007185fef400 fn= 357 HdrRenderState mRenderHdrSdrRatio=1.0 caller= com.android.systemui.shared.launcher.ViewRootImplCompat.mergeWithNextTransaction:4 com.honeyspace.transition.utils.SurfaceTransactionApplier.scheduleApply$lambda$1:16 com.honeyspace.transition.utils.SurfaceTransactionApplier.b:0 
07-21 11:20:09.823  5038  7575 I VRI[LauncherActivity]@16ceedf: mWNT: t=0xb40000720e925e00 mBlastBufferQueue=0xb400007185fef400 fn= 357 HdrRenderState mRenderHdrSdrRatio=1.0 caller= com.android.systemui.shared.launcher.ViewRootImplCompat.mergeWithNextTransaction:4 com.honeyspace.transition.utils.SurfaceTransactionApplier.scheduleApply$lambda$1:16 com.honeyspace.transition.utils.SurfaceTransactionApplier.b:0 
07-21 11:20:09.831  3233  3299 D SurfaceComposerClient: [SEC_SF_EFFECTS] setBackgroundBlurRadius ## Dim Layer for - Task=64905#721 backgroundBlurRadius=0
07-21 11:20:09.831  5038  5038 I HoneySpace.Player: [Player:A(9.257)] container x: 1163.2625, y: 230.02547, scale : 0.1398462
07-21 11:20:09.831  5038  5038 I HoneySpace.Player: [Player:A(9.257)] container x: 1165.3765, y: 230.39302, scale : 0.13689753
07-21 11:20:09.831  5038  5038 I HoneySpace.Player: [Player:A(9.257)] container x: 1169.4485, y: 230.39302, scale : 0.13689753
07-21 11:20:09.832  5038  7574 I VRI[LauncherActivity]@16ceedf: mWNT: t=0xb40000720ea18000 mBlastBufferQueue=0xb400007185fef400 fn= 358 HdrRenderState mRenderHdrSdrRatio=1.0 caller= com.android.systemui.shared.launcher.ViewRootImplCompat.mergeWithNextTransaction:4 com.honeyspace.transition.utils.SurfaceTransactionApplier.scheduleApply$lambda$1:16 com.honeyspace.transition.utils.SurfaceTransactionApplier.b:0 
07-21 11:20:09.832  5038  7574 I VRI[LauncherActivity]@16ceedf: mWNT: t=0xb40000720ea18200 mBlastBufferQueue=0xb400007185fef400 fn= 358 HdrRenderState mRenderHdrSdrRatio=1.0 caller= com.android.systemui.shared.launcher.ViewRootImplCompat.mergeWithNextTransaction:4 com.honeyspace.transition.utils.SurfaceTransactionApplier.scheduleApply$lambda$1:16 com.honeyspace.transition.utils.SurfaceTransactionApplier.b:0 
07-21 11:20:09.832  5038  7574 I VRI[LauncherActivity]@16ceedf: mWNT: t=0xb40000720ea18400 mBlastBufferQueue=0xb400007185fef400 fn= 358 HdrRenderState mRenderHdrSdrRatio=1.0 caller= com.android.systemui.shared.launcher.ViewRootImplCompat.mergeWithNextTransaction:4 com.honeyspace.transition.utils.SurfaceTransactionApplier.scheduleApply$lambda$1:16 com.honeyspace.transition.utils.SurfaceTransactionApplier.b:0 
07-21 11:20:09.839  3233  3299 D SurfaceComposerClient: [SEC_SF_EFFECTS] setBackgroundBlurRadius ## Dim Layer for - Task=64905#721 backgroundBlurRadius=0
07-21 11:20:09.839  5038  5038 I HoneySpace.Player: [Player:A(9.257)] container x: 1169.4485, y: 230.237, scale : 0.13760512
07-21 11:20:09.839  5038  5038 I HoneySpace.Player: [Player:A(9.257)] container x: 1171.1024, y: 230.52171, scale : 0.13528849
07-21 11:20:09.839  5038  5038 I HoneySpace.Player: [Player:A(9.257)] container x: 1174.3134, y: 230.52171, scale : 0.13528849
07-21 11:20:09.840  5038  7575 I VRI[LauncherActivity]@16ceedf: mWNT: t=0xb40000720ea18600 mBlastBufferQueue=0xb400007185fef400 fn= 359 HdrRenderState mRenderHdrSdrRatio=1.0 caller= com.android.systemui.shared.launcher.ViewRootImplCompat.mergeWithNextTransaction:4 com.honeyspace.transition.utils.SurfaceTransactionApplier.scheduleApply$lambda$1:16 com.honeyspace.transition.utils.SurfaceTransactionApplier.b:0 
07-21 11:20:09.840  5038  7575 I VRI[LauncherActivity]@16ceedf: mWNT: t=0xb40000720ea18800 mBlastBufferQueue=0xb400007185fef400 fn= 359 HdrRenderState mRenderHdrSdrRatio=1.0 caller= com.android.systemui.shared.launcher.ViewRootImplCompat.mergeWithNextTransaction:4 com.honeyspace.transition.utils.SurfaceTransactionApplier.scheduleApply$lambda$1:16 com.honeyspace.transition.utils.SurfaceTransactionApplier.b:0 
07-21 11:20:09.840  5038  7575 I VRI[LauncherActivity]@16ceedf: mWNT: t=0xb40000720ea18a00 mBlastBufferQueue=0xb400007185fef400 fn= 359 HdrRenderState mRenderHdrSdrRatio=1.0 caller= com.android.systemui.shared.launcher.ViewRootImplCompat.mergeWithNextTransaction:4 com.honeyspace.transition.utils.SurfaceTransactionApplier.scheduleApply$lambda$1:16 com.honeyspace.transition.utils.SurfaceTransactionApplier.b:0 
07-21 11:20:09.848  3233  3299 D SurfaceComposerClient: [SEC_SF_EFFECTS] setBackgroundBlurRadius ## Dim Layer for - Task=64905#721 backgroundBlurRadius=0
07-21 11:20:09.848  5038  5038 I HoneySpace.Player: [Player:A(9.257)] container x: 1176.7605, y: 229.79152, scale : 0.13254784
07-21 11:20:09.848  5038  5038 I HoneySpace.Player: [Player:A(9.257)] container x: 1179.6167, y: 229.79152, scale : 0.13254768
07-21 11:20:09.848  5038  7574 I VRI[LauncherActivity]@16ceedf: mWNT: t=0xb40000720ea18c00 mBlastBufferQueue=0xb400007185fef400 fn= 360 HdrRenderState mRenderHdrSdrRatio=1.0 caller= com.android.systemui.shared.launcher.ViewRootImplCompat.mergeWithNextTransaction:4 com.honeyspace.transition.utils.SurfaceTransactionApplier.scheduleApply$lambda$1:16 com.honeyspace.transition.utils.SurfaceTransactionApplier.b:0 
07-21 11:20:09.848  5038  7574 I VRI[LauncherActivity]@16ceedf: mWNT: t=0xb40000720ea18e00 mBlastBufferQueue=0xb400007185fef400 fn= 360 HdrRenderState mRenderHdrSdrRatio=1.0 caller= com.android.systemui.shared.launcher.ViewRootImplCompat.mergeWithNextTransaction:4 com.honeyspace.transition.utils.SurfaceTransactionApplier.scheduleApply$lambda$1:16 com.honeyspace.transition.utils.SurfaceTransactionApplier.b:0 
07-21 11:20:09.856  3233  3299 D SurfaceComposerClient: [SEC_SF_EFFECTS] setBackgroundBlurRadius ## Dim Layer for - Task=64905#721 backgroundBlurRadius=0
07-21 11:20:09.856  5038  5038 I HoneySpace.Player: [Player:A(9.257)] container x: 1181.0658, y: 230.0381, scale : 0.13121016
07-21 11:20:09.856  5038  5038 I HoneySpace.Player: [Player:A(9.257)] container x: 1183.8887, y: 230.0381, scale : 0.13121016
07-21 11:20:09.856  5038  7575 I VRI[LauncherActivity]@16ceedf: mWNT: t=0xb40000720eb28000 mBlastBufferQueue=0xb400007185fef400 fn= 361 HdrRenderState mRenderHdrSdrRatio=1.0 caller= com.android.systemui.shared.launcher.ViewRootImplCompat.mergeWithNextTransaction:4 com.honeyspace.transition.utils.SurfaceTransactionApplier.scheduleApply$lambda$1:16 com.honeyspace.transition.utils.SurfaceTransactionApplier.b:0 
07-21 11:20:09.857  5038  7575 I VRI[LauncherActivity]@16ceedf: mWNT: t=0xb40000720eb28200 mBlastBufferQueue=0xb400007185fef400 fn= 361 HdrRenderState mRenderHdrSdrRatio=1.0 caller= com.android.systemui.shared.launcher.ViewRootImplCompat.mergeWithNextTransaction:4 com.honeyspace.transition.utils.SurfaceTransactionApplier.scheduleApply$lambda$1:16 com.honeyspace.transition.utils.SurfaceTransactionApplier.b:0 
07-21 11:20:09.857 10782 10986 I SGPController: onForegroundAppChanged() update=false, cn=ComponentInfo{com.samsung.android.sm_cn/com.samsung.android.sm.iafd.dialog.AppErrorDialogActivityCN}, r=SkRegion((0,573,250,2771)(1190,573,1440,2771))
07-21 11:20:09.864  3233  3299 D SurfaceComposerClient: [SEC_SF_EFFECTS] setBackgroundBlurRadius ## Dim Layer for - Task=64905#721 backgroundBlurRadius=0
07-21 11:20:09.864  5038  5038 I HoneySpace.Player: [Player:A(9.257)] container x: 1185.0176, y: 229.24342, scale : 0.12963155
07-21 11:20:09.864  5038  5038 I HoneySpace.Player: [Player:A(9.257)] container x: 1187.2087, y: 229.24342, scale : 0.12963155
07-21 11:20:09.865  5038  7574 I VRI[LauncherActivity]@16ceedf: mWNT: t=0xb40000720eb28400 mBlastBufferQueue=0xb400007185fef400 fn= 362 HdrRenderState mRenderHdrSdrRatio=1.0 caller= com.android.systemui.shared.launcher.ViewRootImplCompat.mergeWithNextTransaction:4 com.honeyspace.transition.utils.SurfaceTransactionApplier.scheduleApply$lambda$1:16 com.honeyspace.transition.utils.SurfaceTransactionApplier.b:0 
07-21 11:20:09.865  5038  7574 I VRI[LauncherActivity]@16ceedf: mWNT: t=0xb40000720eb28600 mBlastBufferQueue=0xb400007185fef400 fn= 362 HdrRenderState mRenderHdrSdrRatio=1.0 caller= com.android.systemui.shared.launcher.ViewRootImplCompat.mergeWithNextTransaction:4 com.honeyspace.transition.utils.SurfaceTransactionApplier.scheduleApply$lambda$1:16 com.honeyspace.transition.utils.SurfaceTransactionApplier.b:0 
07-21 11:20:09.873  3233  3299 D SurfaceComposerClient: [SEC_SF_EFFECTS] setBackgroundBlurRadius ## Dim Layer for - Task=64905#721 backgroundBlurRadius=0
07-21 11:20:09.873  5038  5038 I HoneySpace.Player: [Player:A(9.257)] container x: 1188.2045, y: 228.41736, scale : 0.12823927
07-21 11:20:09.873  5038  5038 I HoneySpace.Player: [Player:A(9.257)] container x: 1190.1222, y: 228.41736, scale : 0.12823927
07-21 11:20:09.873  5038  7575 I VRI[LauncherActivity]@16ceedf: mWNT: t=0xb40000720eb28800 mBlastBufferQueue=0xb400007185fef400 fn= 363 HdrRenderState mRenderHdrSdrRatio=1.0 caller= com.android.systemui.shared.launcher.ViewRootImplCompat.mergeWithNextTransaction:4 com.honeyspace.transition.utils.SurfaceTransactionApplier.scheduleApply$lambda$1:16 com.honeyspace.transition.utils.SurfaceTransactionApplier.b:0 
07-21 11:20:09.873  5038  7575 I VRI[LauncherActivity]@16ceedf: mWNT: t=0xb40000720eb28a00 mBlastBufferQueue=0xb400007185fef400 fn= 363 HdrRenderState mRenderHdrSdrRatio=1.0 caller= com.android.systemui.shared.launcher.ViewRootImplCompat.mergeWithNextTransaction:4 com.honeyspace.transition.utils.SurfaceTransactionApplier.scheduleApply$lambda$1:16 com.honeyspace.transition.utils.SurfaceTransactionApplier.b:0 
07-21 11:20:09.881  3233  3299 D SurfaceComposerClient: [SEC_SF_EFFECTS] setBackgroundBlurRadius ## Dim Layer for - Task=64905#721 backgroundBlurRadius=0
07-21 11:20:09.881  5038  5038 I HoneySpace.Player: [Player:A(9.257)] container x: 1192.0914, y: 228.50142, scale : 0.12687005
07-21 11:20:09.881  5038  5038 I HoneySpace.Player: [Player:A(9.257)] container x: 1193.951, y: 228.50142, scale : 0.12687005
07-21 11:20:09.881  1135  1135 D io_stats: !@   8,0 r 2636640 29379477 w 159519 2306104 d 189399 195732212 f 2556 10079 iot 838416 0 th 0 0 0 pt 0 inp 0 0 1308.407
07-21 11:20:09.881  1135  1135 D io_stats: !@ Read_top(KB): android.vending(9468) 7488 g.android.sm_cn(19351) 3360 oid.mdecservice(25306) 240
07-21 11:20:09.882  5038  7574 I VRI[LauncherActivity]@16ceedf: mWNT: t=0xb40000720eb28c00 mBlastBufferQueue=0xb400007185fef400 fn= 364 HdrRenderState mRenderHdrSdrRatio=1.0 caller= com.android.systemui.shared.launcher.ViewRootImplCompat.mergeWithNextTransaction:4 com.honeyspace.transition.utils.SurfaceTransactionApplier.scheduleApply$lambda$1:16 com.honeyspace.transition.utils.SurfaceTransactionApplier.b:0 
07-21 11:20:09.882  1135  1135 D io_stats: !@ Write_top(KB): kworker/u16:2(22155) 2596 android.vending(9468) 1404 f2fs_ckpt-254:6(1416) 260
07-21 11:20:09.882  5038  7574 I VRI[LauncherActivity]@16ceedf: mWNT: t=0xb40000720eb28e00 mBlastBufferQueue=0xb400007185fef400 fn= 364 HdrRenderState mRenderHdrSdrRatio=1.0 caller= com.android.systemui.shared.launcher.ViewRootImplCompat.mergeWithNextTransaction:4 com.honeyspace.transition.utils.SurfaceTransactionApplier.scheduleApply$lambda$1:16 com.honeyspace.transition.utils.SurfaceTransactionApplier.b:0 
07-21 11:20:09.889  3233  3299 D SurfaceComposerClient: [SEC_SF_EFFECTS] setBackgroundBlurRadius ## Dim Layer for - Task=64905#721 backgroundBlurRadius=0
07-21 11:20:09.889  5038  5038 I HoneySpace.Player: [Player:A(9.257)] container x: 1194.7117, y: 227.57521, scale : 0.12580821
07-21 11:20:09.889  5038  5038 I HoneySpace.Player: [Player:A(9.257)] container x: 1196.1243, y: 227.57521, scale : 0.12580821
07-21 11:20:09.890  5038  7575 I VRI[LauncherActivity]@16ceedf: mWNT: t=0xb40000720e912000 mBlastBufferQueue=0xb400007185fef400 fn= 365 HdrRenderState mRenderHdrSdrRatio=1.0 caller= com.android.systemui.shared.launcher.ViewRootImplCompat.mergeWithNextTransaction:4 com.honeyspace.transition.utils.SurfaceTransactionApplier.scheduleApply$lambda$1:16 com.honeyspace.transition.utils.SurfaceTransactionApplier.b:0 
07-21 11:20:09.890  5038  7575 I VRI[LauncherActivity]@16ceedf: mWNT: t=0xb40000720e912200 mBlastBufferQueue=0xb400007185fef400 fn= 365 HdrRenderState mRenderHdrSdrRatio=1.0 caller= com.android.systemui.shared.launcher.ViewRootImplCompat.mergeWithNextTransaction:4 com.honeyspace.transition.utils.SurfaceTransactionApplier.scheduleApply$lambda$1:16 com.honeyspace.transition.utils.SurfaceTransactionApplier.b:0 
07-21 11:20:09.898  3233  3299 D SurfaceComposerClient: [SEC_SF_EFFECTS] setBackgroundBlurRadius ## Dim Layer for - Task=64905#721 backgroundBlurRadius=0
07-21 11:20:09.898  5038  5038 I HoneySpace.Player: [Player:A(9.257)] container x: 1196.87, y: 226.6452, scale : 0.12476722
07-21 11:20:09.898  5038  5038 I HoneySpace.Player: [Player:A(9.257)] container x: 1198.2156, y: 226.6452, scale : 0.12476722
07-21 11:20:09.898  5038  7574 I VRI[LauncherActivity]@16ceedf: mWNT: t=0xb40000720e912400 mBlastBufferQueue=0xb400007185fef400 fn= 366 HdrRenderState mRenderHdrSdrRatio=1.0 caller= com.android.systemui.shared.launcher.ViewRootImplCompat.mergeWithNextTransaction:4 com.honeyspace.transition.utils.SurfaceTransactionApplier.scheduleApply$lambda$1:16 com.honeyspace.transition.utils.SurfaceTransactionApplier.b:0 
07-21 11:20:09.898  5038  7574 I VRI[LauncherActivity]@16ceedf: mWNT: t=0xb40000720e912600 mBlastBufferQueue=0xb400007185fef400 fn= 366 HdrRenderState mRenderHdrSdrRatio=1.0 caller= com.android.systemui.shared.launcher.ViewRootImplCompat.mergeWithNextTransaction:4 com.honeyspace.transition.utils.SurfaceTransactionApplier.scheduleApply$lambda$1:16 com.honeyspace.transition.utils.SurfaceTransactionApplier.b:0 
07-21 11:20:09.906  3233  3299 D SurfaceComposerClient: [SEC_SF_EFFECTS] setBackgroundBlurRadius ## Dim Layer for - Task=64905#721 backgroundBlurRadius=0
07-21 11:20:09.906  5038  5038 I HoneySpace.Player: [Player:A(9.257)] container x: 1198.7922, y: 226.69266, scale : 0.12396223
07-21 11:20:09.906  5038  5038 I HoneySpace.Player: [Player:A(9.257)] container x: 1199.7932, y: 226.69266, scale : 0.12396223
07-21 11:20:09.907  5038  7575 I VRI[LauncherActivity]@16ceedf: mWNT: t=0xb40000720e912800 mBlastBufferQueue=0xb400007185fef400 fn= 367 HdrRenderState mRenderHdrSdrRatio=1.0 caller= com.android.systemui.shared.launcher.ViewRootImplCompat.mergeWithNextTransaction:4 com.honeyspace.transition.utils.SurfaceTransactionApplier.scheduleApply$lambda$1:16 com.honeyspace.transition.utils.SurfaceTransactionApplier.b:0 
07-21 11:20:09.907  5038  7575 I VRI[LauncherActivity]@16ceedf: mWNT: t=0xb40000720e912a00 mBlastBufferQueue=0xb400007185fef400 fn= 367 HdrRenderState mRenderHdrSdrRatio=1.0 caller= com.android.systemui.shared.launcher.ViewRootImplCompat.mergeWithNextTransaction:4 com.honeyspace.transition.utils.SurfaceTransactionApplier.scheduleApply$lambda$1:16 com.honeyspace.transition.utils.SurfaceTransactionApplier.b:0 
07-21 11:20:09.914  3233  3299 D SurfaceComposerClient: [SEC_SF_EFFECTS] setBackgroundBlurRadius ## Dim Layer for - Task=64905#721 backgroundBlurRadius=0
07-21 11:20:09.914  5038  5038 I HoneySpace.Player: [Player:A(9.257)] container x: 1200.2983, y: 225.73973, scale : 0.12325711
07-21 11:20:09.915  5038  5038 I HoneySpace.Player: [Player:A(9.257)] container x: 1201.1344, y: 225.73973, scale : 0.12325711
07-21 11:20:09.915  5038  7574 I VRI[LauncherActivity]@16ceedf: mWNT: t=0xb40000720e912c00 mBlastBufferQueue=0xb400007185fef400 fn= 368 HdrRenderState mRenderHdrSdrRatio=1.0 caller= com.android.systemui.shared.launcher.ViewRootImplCompat.mergeWithNextTransaction:4 com.honeyspace.transition.utils.SurfaceTransactionApplier.scheduleApply$lambda$1:16 com.honeyspace.transition.utils.SurfaceTransactionApplier.b:0 
07-21 11:20:09.915  5038  7574 I VRI[LauncherActivity]@16ceedf: mWNT: t=0xb40000720e912e00 mBlastBufferQueue=0xb400007185fef400 fn= 368 HdrRenderState mRenderHdrSdrRatio=1.0 caller= com.android.systemui.shared.launcher.ViewRootImplCompat.mergeWithNextTransaction:4 com.honeyspace.transition.utils.SurfaceTransactionApplier.scheduleApply$lambda$1:16 com.honeyspace.transition.utils.SurfaceTransactionApplier.b:0 
07-21 11:20:09.918  1787 29710 I HYPER-HAL: [RequestManager.cpp]releaseLocked(): Released ID : 5302419
07-21 11:20:09.923  3233  3299 D SurfaceComposerClient: [SEC_SF_EFFECTS] setBackgroundBlurRadius ## Dim Layer for - Task=64905#721 backgroundBlurRadius=0
07-21 11:20:09.923  3233  3298 I WindowManager: Reparenting to original parent: Surface(name=ActivityRecord{265694941 u0 com.samsung.android.sm_cn/com.samsung.android.sm.iafd.dialog.AppErrorDialogActivityCN t64905}#711)/@0xebb3cf3, destroy=true, surface=Surface(name=a6ceb14 com.samsung.android.sm_cn/com.samsung.android.sm.iafd.dialog.AppErrorDialogActivityCN#712)/@0x2e4c362
07-21 11:20:09.923  5038  5038 I HoneySpace.Player: [Player:A(9.257)] container x: 1202.6227, y: 225.77946, scale : 0.122568935
07-21 11:20:09.923  5038  5038 I HoneySpace.Player: [Player:A(9.257)] container x: 1203.387, y: 225.77946, scale : 0.122568935
07-21 11:20:09.924  5038  7575 I VRI[LauncherActivity]@16ceedf: mWNT: t=0xb40000720eb69000 mBlastBufferQueue=0xb400007185fef400 fn= 369 HdrRenderState mRenderHdrSdrRatio=1.0 caller= com.android.systemui.shared.launcher.ViewRootImplCompat.mergeWithNextTransaction:4 com.honeyspace.transition.utils.SurfaceTransactionApplier.scheduleApply$lambda$1:16 com.honeyspace.transition.utils.SurfaceTransactionApplier.b:0 
07-21 11:20:09.924  5038  7575 I VRI[LauncherActivity]@16ceedf: mWNT: t=0xb40000720eb69200 mBlastBufferQueue=0xb400007185fef400 fn= 369 HdrRenderState mRenderHdrSdrRatio=1.0 caller= com.android.systemui.shared.launcher.ViewRootImplCompat.mergeWithNextTransaction:4 com.honeyspace.transition.utils.SurfaceTransactionApplier.scheduleApply$lambda$1:16 com.honeyspace.transition.utils.SurfaceTransactionApplier.b:0 
07-21 11:20:09.931  3233  3299 D SurfaceComposerClient: [SEC_SF_EFFECTS] setBackgroundBlurRadius ## Dim Layer for - Task=64905#721 backgroundBlurRadius=0
07-21 11:20:09.931  5038  5038 I HoneySpace.Player: [Player:A(9.257)] container x: 1203.7671, y: 225.81006, scale : 0.12203929
07-21 11:20:09.931  5038  5038 I HoneySpace.Player: [Player:A(9.257)] container x: 1204.3069, y: 225.81006, scale : 0.12203945
07-21 11:20:09.932  5038  7574 I VRI[LauncherActivity]@16ceedf: mWNT: t=0xb40000720eb69400 mBlastBufferQueue=0xb400007185fef400 fn= 370 HdrRenderState mRenderHdrSdrRatio=1.0 caller= com.android.systemui.shared.launcher.ViewRootImplCompat.mergeWithNextTransaction:4 com.honeyspace.transition.utils.SurfaceTransactionApplier.scheduleApply$lambda$1:16 com.honeyspace.transition.utils.SurfaceTransactionApplier.b:0 
07-21 11:20:09.932  5038  7574 I VRI[LauncherActivity]@16ceedf: mWNT: t=0xb40000720eb69600 mBlastBufferQueue=0xb400007185fef400 fn= 370 HdrRenderState mRenderHdrSdrRatio=1.0 caller= com.android.systemui.shared.launcher.ViewRootImplCompat.mergeWithNextTransaction:4 com.honeyspace.transition.utils.SurfaceTransactionApplier.scheduleApply$lambda$1:16 com.honeyspace.transition.utils.SurfaceTransactionApplier.b:0 
07-21 11:20:09.939  1930  1930 I SurfaceFlinger: [LayerHierarchy{RequestedLayerState{a6ceb14 com.samsung.android.sm_cn/com.samsung.android.sm.iafd.dialog.AppErrorDialogActivityCN#712 parentId=711 z=1} 2 children}] reparent to LayerHierarchy{RequestedLayerState{ActivityRecord{265694941 u0 com.samsung.android.sm_cn/com.samsung.android.sm.iafd.dialog.AppErrorDialogActivityCN t64905}#711 parentId=710} 4 children}
07-21 11:20:09.939  1930  1930 I SurfaceFlinger: [LayerHierarchy{RequestedLayerState{Surface(name=a6ceb14 com.samsung.android.sm_cn/com.samsung.android.sm.iafd.dialog.AppErrorDialogActivityCN#712)/@0x2e4c362 - animation-leash of window_animation#718 z=1} no children}] reparent to OffscreenRoot
07-21 11:20:09.939  1930  1930 I SurfaceFlinger: [LayerHierarchy{RequestedLayerState{Surface(name=a6ceb14 com.samsung.android.sm_cn/com.samsung.android.sm.iafd.dialog.AppErrorDialogActivityCN#712)/@0x2e4c362 - animation-leash of window_animation#718 z=1} no children}] RelativeParent to null
07-21 11:20:09.939  3233  3299 D SurfaceComposerClient: [SEC_SF_EFFECTS] setBackgroundBlurRadius ## Dim Layer for - Task=64905#721 backgroundBlurRadius=0
07-21 11:20:09.939  5038  5038 I HoneySpace.Player: [Player:A(9.257)] container x: 1204.6382, y: 224.84015, scale : 0.12157762
07-21 11:20:09.940  5038  5038 I HoneySpace.Player: [Player:A(9.257)] container x: 1205.0618, y: 224.84015, scale : 0.12157762
07-21 11:20:09.940  3233  3298 D SurfaceComposerClient: [SEC_SF_EFFECTS] setBackgroundBlurRadius ## Dim Layer for - Task=64905#721 backgroundBlurRadius=0
07-21 11:20:09.940  5038  7575 I VRI[LauncherActivity]@16ceedf: mWNT: t=0xb40000720eb69800 mBlastBufferQueue=0xb400007185fef400 fn= 371 HdrRenderState mRenderHdrSdrRatio=1.0 caller= com.android.systemui.shared.launcher.ViewRootImplCompat.mergeWithNextTransaction:4 com.honeyspace.transition.utils.SurfaceTransactionApplier.scheduleApply$lambda$1:16 com.honeyspace.transition.utils.SurfaceTransactionApplier.b:0 
07-21 11:20:09.940  5038  7575 I VRI[LauncherActivity]@16ceedf: mWNT: t=0xb40000720eb69a00 mBlastBufferQueue=0xb400007185fef400 fn= 371 HdrRenderState mRenderHdrSdrRatio=1.0 caller= com.android.systemui.shared.launcher.ViewRootImplCompat.mergeWithNextTransaction:4 com.honeyspace.transition.utils.SurfaceTransactionApplier.scheduleApply$lambda$1:16 com.honeyspace.transition.utils.SurfaceTransactionApplier.b:0 
07-21 11:20:09.948  5038  5038 I HoneySpace.Player: [Player:A(9.257)] container x: 1205.3503, y: 224.8629, scale : 0.12117547
07-21 11:20:09.948  5038  5038 I HoneySpace.Player: [Player:A(9.257)] container x: 1205.6709, y: 224.8629, scale : 0.1211753
07-21 11:20:09.948  5038  7574 I VRI[LauncherActivity]@16ceedf: mWNT: t=0xb40000720eb69c00 mBlastBufferQueue=0xb400007185fef400 fn= 372 HdrRenderState mRenderHdrSdrRatio=1.0 caller= com.android.systemui.shared.launcher.ViewRootImplCompat.mergeWithNextTransaction:4 com.honeyspace.transition.utils.SurfaceTransactionApplier.scheduleApply$lambda$1:16 com.honeyspace.transition.utils.SurfaceTransactionApplier.b:0 
07-21 11:20:09.948  5038  7574 I VRI[LauncherActivity]@16ceedf: mWNT: t=0xb40000720eb69e00 mBlastBufferQueue=0xb400007185fef400 fn= 372 HdrRenderState mRenderHdrSdrRatio=1.0 caller= com.android.systemui.shared.launcher.ViewRootImplCompat.mergeWithNextTransaction:4 com.honeyspace.transition.utils.SurfaceTransactionApplier.scheduleApply$lambda$1:16 com.honeyspace.transition.utils.SurfaceTransactionApplier.b:0 
07-21 11:20:09.956  5038  5038 I HoneySpace.Player: [Player:A(9.257)] container x: 1205.9508, y: 223.8874, scale : 0.120785356
07-21 11:20:09.956  5038  5038 I HoneySpace.Player: [Player:A(9.257)] container x: 1206.203, y: 223.8874, scale : 0.12078552
07-21 11:20:09.957  5038  7575 I VRI[LauncherActivity]@16ceedf: mWNT: t=0xb40000720eb6a000 mBlastBufferQueue=0xb400007185fef400 fn= 373 HdrRenderState mRenderHdrSdrRatio=1.0 caller= com.android.systemui.shared.launcher.ViewRootImplCompat.mergeWithNextTransaction:4 com.honeyspace.transition.utils.SurfaceTransactionApplier.scheduleApply$lambda$1:16 com.honeyspace.transition.utils.SurfaceTransactionApplier.b:0 
07-21 11:20:09.957  5038  7575 I VRI[LauncherActivity]@16ceedf: mWNT: t=0xb40000720eb6a200 mBlastBufferQueue=0xb400007185fef400 fn= 373 HdrRenderState mRenderHdrSdrRatio=1.0 caller= com.android.systemui.shared.launcher.ViewRootImplCompat.mergeWithNextTransaction:4 com.honeyspace.transition.utils.SurfaceTransactionApplier.scheduleApply$lambda$1:16 com.honeyspace.transition.utils.SurfaceTransactionApplier.b:0 
07-21 11:20:09.964  1787 29649 I HYPER-HAL: [RequestManager.cpp]releaseLocked(): Released ID : 12703322
07-21 11:20:09.964  5038  5038 I HoneySpace.Player: [Player:A(9.257)] container x: 1206.417, y: 223.90392, scale : 0.120487295
07-21 11:20:09.964  5038  5038 I HoneySpace.Player: [Player:A(9.257)] container x: 1206.5575, y: 223.90392, scale : 0.120487295
07-21 11:20:09.965  5038  7574 I VRI[LauncherActivity]@16ceedf: mWNT: t=0xb40000720eb6a400 mBlastBufferQueue=0xb400007185fef400 fn= 374 HdrRenderState mRenderHdrSdrRatio=1.0 caller= com.android.systemui.shared.launcher.ViewRootImplCompat.mergeWithNextTransaction:4 com.honeyspace.transition.utils.SurfaceTransactionApplier.scheduleApply$lambda$1:16 com.honeyspace.transition.utils.SurfaceTransactionApplier.b:0 
07-21 11:20:09.965  5038  7574 I VRI[LauncherActivity]@16ceedf: mWNT: t=0xb40000720eb6a600 mBlastBufferQueue=0xb400007185fef400 fn= 374 HdrRenderState mRenderHdrSdrRatio=1.0 caller= com.android.systemui.shared.launcher.ViewRootImplCompat.mergeWithNextTransaction:4 com.honeyspace.transition.utils.SurfaceTransactionApplier.scheduleApply$lambda$1:16 com.honeyspace.transition.utils.SurfaceTransactionApplier.b:0 
07-21 11:20:09.970  3233  3296 W ActivityTaskManager: Activity top resumed state loss timeout for ActivityRecord{101798992 u0 com.penguenlabs.pushnote/.features.MainActivity t64904 f} isExiting}
07-21 11:20:09.971  3233  3296 D ActivityTaskManager: scheduleTopResumedActivityChanged, onTop=true, r=ActivityRecord{265694941 u0 com.samsung.android.sm_cn/com.samsung.android.sm.iafd.dialog.AppErrorDialogActivityCN t64905}, caller=com.android.server.wm.ActivityTaskSupervisor.scheduleTopResumedActivityStateIfNeeded:18 com.android.server.wm.ActivityTaskSupervisor.handleTopResumedStateReleasedIfNeeded:57 com.android.server.wm.ActivityTaskSupervisor$ActivityTaskSupervisorHandler.handleMessageInner:42 com.android.server.wm.ActivityTaskSupervisor$ActivityTaskSupervisorHandler.handleMessage:11 android.os.Handler.dispatchMessage:132 android.os.Looper.dispatchMessage:358 
07-21 11:20:09.973  5038  5038 I HoneySpace.Player: [Player:A(9.257)] container x: 1206.7429, y: 223.91818, scale : 0.12022892
07-21 11:20:09.973  5038  5038 I HoneySpace.Player: [Player:A(9.257)] container x: 1206.815, y: 223.91818, scale : 0.12022909
07-21 11:20:09.973  5038  7575 I VRI[LauncherActivity]@16ceedf: mWNT: t=0xb40000720eb6a800 mBlastBufferQueue=0xb400007185fef400 fn= 375 HdrRenderState mRenderHdrSdrRatio=1.0 caller= com.android.systemui.shared.launcher.ViewRootImplCompat.mergeWithNextTransaction:4 com.honeyspace.transition.utils.SurfaceTransactionApplier.scheduleApply$lambda$1:16 com.honeyspace.transition.utils.SurfaceTransactionApplier.b:0 
07-21 11:20:09.973  5038  7575 I VRI[LauncherActivity]@16ceedf: mWNT: t=0xb40000720eb6aa00 mBlastBufferQueue=0xb400007185fef400 fn= 375 HdrRenderState mRenderHdrSdrRatio=1.0 caller= com.android.systemui.shared.launcher.ViewRootImplCompat.mergeWithNextTransaction:4 com.honeyspace.transition.utils.SurfaceTransactionApplier.scheduleApply$lambda$1:16 com.honeyspace.transition.utils.SurfaceTransactionApplier.b:0 
07-21 11:20:09.981  5038  5038 I HoneySpace.Player: [Player:A(9.257)] container x: 1206.9938, y: 222.93347, scale : 0.11997986
07-21 11:20:09.981  5038  5038 I HoneySpace.Player: [Player:A(9.257)] container x: 1207.0048, y: 222.93347, scale : 0.11997986
07-21 11:20:09.982  5038  7574 I VRI[LauncherActivity]@16ceedf: mWNT: t=0xb40000720eb6ac00 mBlastBufferQueue=0xb400007185fef400 fn= 376 HdrRenderState mRenderHdrSdrRatio=1.0 caller= com.android.systemui.shared.launcher.ViewRootImplCompat.mergeWithNextTransaction:4 com.honeyspace.transition.utils.SurfaceTransactionApplier.scheduleApply$lambda$1:16 com.honeyspace.transition.utils.SurfaceTransactionApplier.b:0 
07-21 11:20:09.982  5038  7574 I VRI[LauncherActivity]@16ceedf: mWNT: t=0xb40000720eb6ae00 mBlastBufferQueue=0xb400007185fef400 fn= 376 HdrRenderState mRenderHdrSdrRatio=1.0 caller= com.android.systemui.shared.launcher.ViewRootImplCompat.mergeWithNextTransaction:4 com.honeyspace.transition.utils.SurfaceTransactionApplier.scheduleApply$lambda$1:16 com.honeyspace.transition.utils.SurfaceTransactionApplier.b:0 
07-21 11:20:09.989  5038  5038 I HoneySpace.Player: [Player:A(9.257)] container x: 1208.1392, y: 222.94371, scale : 0.11979065
07-21 11:20:09.990  5038  5038 I HoneySpace.Player: [Player:A(9.257)] container x: 1208.0957, y: 222.94371, scale : 0.11979065
07-21 11:20:09.990  5038  7575 I VRI[LauncherActivity]@16ceedf: mWNT: t=0xb40000720ea6f000 mBlastBufferQueue=0xb400007185fef400 fn= 377 HdrRenderState mRenderHdrSdrRatio=1.0 caller= com.android.systemui.shared.launcher.ViewRootImplCompat.mergeWithNextTransaction:4 com.honeyspace.transition.utils.SurfaceTransactionApplier.scheduleApply$lambda$1:16 com.honeyspace.transition.utils.SurfaceTransactionApplier.b:0 
07-21 11:20:09.990  5038  7575 I VRI[LauncherActivity]@16ceedf: mWNT: t=0xb40000720ea6f200 mBlastBufferQueue=0xb400007185fef400 fn= 377 HdrRenderState mRenderHdrSdrRatio=1.0 caller= com.android.systemui.shared.launcher.ViewRootImplCompat.mergeWithNextTransaction:4 com.honeyspace.transition.utils.SurfaceTransactionApplier.scheduleApply$lambda$1:16 com.honeyspace.transition.utils.SurfaceTransactionApplier.b:0 
07-21 11:20:09.998  5038  5038 I HoneySpace.Player: [Player:A(9.257)] container x: 1208.2264, y: 222.95354, scale : 0.1196089
07-21 11:20:09.998  5038  5038 I HoneySpace.Player: [Player:A(9.257)] container x: 1208.1276, y: 222.95354, scale : 0.11960873
07-21 11:20:09.998  5038  7574 I VRI[LauncherActivity]@16ceedf: mWNT: t=0xb40000720ea6f400 mBlastBufferQueue=0xb400007185fef400 fn= 378 HdrRenderState mRenderHdrSdrRatio=1.0 caller= com.android.systemui.shared.launcher.ViewRootImplCompat.mergeWithNextTransaction:4 com.honeyspace.transition.utils.SurfaceTransactionApplier.scheduleApply$lambda$1:16 com.honeyspace.transition.utils.SurfaceTransactionApplier.b:0 
07-21 11:20:09.999  5038  7574 I VRI[LauncherActivity]@16ceedf: mWNT: t=0xb40000720ea6f600 mBlastBufferQueue=0xb400007185fef400 fn= 378 HdrRenderState mRenderHdrSdrRatio=1.0 caller= com.android.systemui.shared.launcher.ViewRootImplCompat.mergeWithNextTransaction:4 com.honeyspace.transition.utils.SurfaceTransactionApplier.scheduleApply$lambda$1:16 com.honeyspace.transition.utils.SurfaceTransactionApplier.b:0 
07-21 11:20:10.006  1930  1930 E SurfaceFlinger: alpha changed 0.000 -> 0.000 - Surface(name=Task=64904#694)/@0x8140eb7_transition-leash#699
07-21 11:20:10.006  5038  5038 I HoneySpace.Player: [Player:A(9.257)] container x: 1208.2263, y: 222.96097, scale : 0.11947123
07-21 11:20:10.006  5038  5038 I HoneySpace.Player: [Player:A(9.257)] container x: 1208.1012, y: 222.96097, scale : 0.11947123
07-21 11:20:10.007  5038  7575 I VRI[LauncherActivity]@16ceedf: mWNT: t=0xb40000720ea6f800 mBlastBufferQueue=0xb400007185fef400 fn= 379 HdrRenderState mRenderHdrSdrRatio=1.0 caller= com.android.systemui.shared.launcher.ViewRootImplCompat.mergeWithNextTransaction:4 com.honeyspace.transition.utils.SurfaceTransactionApplier.scheduleApply$lambda$1:16 com.honeyspace.transition.utils.SurfaceTransactionApplier.b:0 
07-21 11:20:10.007  5038  7575 I VRI[LauncherActivity]@16ceedf: mWNT: t=0xb40000720ea6fa00 mBlastBufferQueue=0xb400007185fef400 fn= 379 HdrRenderState mRenderHdrSdrRatio=1.0 caller= com.android.systemui.shared.launcher.ViewRootImplCompat.mergeWithNextTransaction:4 com.honeyspace.transition.utils.SurfaceTransactionApplier.scheduleApply$lambda$1:16 com.honeyspace.transition.utils.SurfaceTransactionApplier.b:0 
07-21 11:20:10.014  5038  5038 I HoneySpace.Player: [Player:A(9.257)] container x: 1208.186, y: 222.96736, scale : 0.11935323
07-21 11:20:10.014  5038  5038 I HoneySpace.Player: [Player:A(9.257)] container x: 1208.0325, y: 222.96736, scale : 0.11935306
07-21 11:20:10.015  5038  7574 I VRI[LauncherActivity]@16ceedf: mWNT: t=0xb40000720ea6fc00 mBlastBufferQueue=0xb400007185fef400 fn= 380 HdrRenderState mRenderHdrSdrRatio=1.0 caller= com.android.system