07-21 11:20:09.503  3233  3825 V InputMethodManagerService: startInputOrWindowGainedFocus: userId=0 callingUserId=0 editorInfo=android.view.inputmethod.EditorInfo@228a4a2
07-21 11:20:09.503 28171 28171 I Finsky:background: [2] sny.onTrimMemory(1): Memory trim requested to level 40
07-21 11:20:09.504  9468  9468 I Finsky  : [2] sny.onTrimMemory(1): Memory trim requested to level 40
07-21 11:20:09.504 28048 28048 W SmApplication: onTrimMemory : 40
07-21 11:20:09.504 26631 26631 W SmApplication: onTrimMemory : 40
07-21 11:20:09.504  5038  5038 I HoneySpace.WallpaperAnimator: startWallpaperAnimation, isOpen-false, from:1.2189696, to:1.0, duration:1200, startFromLock=false
07-21 11:20:09.504  5038  5038 I HoneySpace.WallpaperAnimator: wallpaper animation end [48788972]
07-21 11:20:09.504  9468  9468 I Finsky  : [2] mgf.accept(12): Flushing in-memory image cache
07-21 11:20:09.504  5038  5038 I HoneySpace.WallpaperAnimator: wallpaper animation start [18081765]
07-21 11:20:09.504  3233  3423 D AnalyticsContainerHandler: handleMessage : { when=0 what=2 target=com.android.server.knox.KnoxAnalyticsContainer$AnalyticsHandler async=false heapIndex=-1 }
07-21 11:20:09.504  6518  6530 V OsAgent : broadcastSystemEvent - 7
07-21 11:20:09.504  3233  3296 D SGM:FgCheckThread: noteResumeComponent(), received pkgName: com.sec.android.app.launcher, userId: 0
07-21 11:20:09.504  3233  3825 V InputMethodManagerService: startInputOrWindowGainedFocusInternalLocked: reason=WINDOW_FOCUS_GAIN client=android.os.BinderProxy@6c67a49 inputContext=null editorInfo=android.view.inputmethod.EditorInfo@228a4a2 startInputFlags=VIEW_HAS_FOCUS|INITIAL_CONNECTION softInputMode=STATE_UNSPECIFIED|ADJUST_NOTHING windowFlags=#81910100 unverifiedTargetSdkVersion=36 bindingController=com.android.server.inputmethod.InputMethodBindingController@627a294 imeBackCallbackReceiver=android.os.ResultReceiver@4c3a533 cs=ClientState{76eabe7 mUid=10129 mPid=5038 mSelfReportedDisplayId=0} imeRequestedVisible=false
07-21 11:20:09.504  3233  3825 V InputMethodManagerService: setWindowStateInner, windowToken=android.os.BinderProxy@ce3d244, state=ImeTargetWindowState{ softInputModeState STATE_UNSPECIFIED|ADJUST_NOTHING windowFlags: 81910100 imeFocusChanged false hasFocusedEditor false isStartInputByWindowGainFocus true toolType: 1 requestedImeVisible false requestImeToken null imeDisplayId 0}
07-21 11:20:09.504  3233  3825 V InputMethodManagerService: Same window without editor will hide input
07-21 11:20:09.504  7075 22491 I [AirCmd]_ActivitySwitchDetector: onTaskFocusChanged : taskId=64886, componentName=ComponentInfo{com.sec.android.app.launcher/com.sec.android.app.launcher.Launcher}
07-21 11:20:09.504  7075 22491 I [AirCmd]_ActivitySwitchDetector: onTaskFocusChanged :mTopMostActivity = ComponentInfo{com.penguenlabs.pushnote/com.penguenlabs.pushnote.features.MainActivity}
07-21 11:20:09.504  3233  3967 I CocktailBarManagerServiceContainer: handleMessage: entry what = 5
07-21 11:20:09.504  3233  3825 I ImeTracker: com.sec.android.app.launcher:6365a9f3: onRequestHide at ORIGIN_SERVER reason HIDE_SAME_WINDOW_FOCUSED_WITHOUT_EDITOR fromUser false
07-21 11:20:09.504 25804 25804 I CMHApplication: [#CMH#] Block to verify, Change Trim Memory Level: 40 
07-21 11:20:09.504  3233  3967 I CocktailBarManagerServiceImpl: noteResumeComponent : no active host
07-21 11:20:09.505  7075 22491 I [AirCmd]_CallbackRepeater: stopRepeat : isWorking=false
07-21 11:20:09.505  7075 22491 I [AirCmd]_MediaControlStateMonitor: isForegroundAppSupportsMediaButton : mediaSession is empty
07-21 11:20:09.505  5038  7642 I HoneySpace.SPayHandler: updateSpayHandler(), show = true, defaultPage = false, minusOnePage = false, f6.r.invokeSuspend(Unknown Source:81)
07-21 11:20:09.505  3233  3825 D SemInputMethodManagerServiceUtil: restorePreviousUsedInputMethod : failed to return the previous ime becuase the stored info is null or do not need restore
07-21 11:20:09.505  3233  3825 V InputMethodManagerService: semComputeImeDisplayIdForTarget: displayToShowIme=0
07-21 11:20:09.505  3233  3825 V InputMethodManagerService: Creating new accessibility sessions for client ClientState{76eabe7 mUid=10129 mPid=5038 mSelfReportedDisplayId=0}
07-21 11:20:09.505 26096 26096 I CMHApplication: [#CMH#] Block to verify, Change Trim Memory Level: 40 
07-21 11:20:09.505  5038  5038 I ImeTracker: com.sec.android.app.launcher:6365a9f3: onCancelled at PHASE_CLIENT_ALREADY_HIDDEN
07-21 11:20:09.505  3233  3825 D InputMethodManagerService: isImeSwitcherDisabledPackage : false
07-21 11:20:09.505  7075 22491 E [AirCmd]_MediaControlStateMonitor: getActiveNotificationPackageName : notification service monitor is null
07-21 11:20:09.505  7075 22491 I [AirCmd]_ButtonEventDetectionThread: enableDoubleClickDetection: enabled= true, doubleClickWaitInterval=300
07-21 11:20:09.506  1930  1930 I SurfaceFlinger: [LayerHierarchy{RequestedLayerState{a7e572c com.penguenlabs.pushnote/com.penguenlabs.pushnote.features.MainActivity#705 parentId=709} no children}] reparent to LayerHierarchy{RequestedLayerState{Surface(name=a7e572c com.penguenlabs.pushnote/com.penguenlabs.pushnote.features.MainActivity#705)/@0x8b5b9bb - animation-leash of starting_reveal#709 parentId=695} 1 children}
07-21 11:20:09.506  3233  3977 D BackgroundInstallControlService: Package event received: 0
07-21 11:20:09.507  3233  3834 D SGM:FgCheckThread: onLooperPrepared(), msg: MSG_APP_RESUME, pkgName: com.sec.android.app.launcher, userid: 0
07-21 11:20:09.507  3233  3834 D SGM:FgCheckThread: handleResume().
07-21 11:20:09.507  5038  5038 I HoneySpace.Player: [Player:A(9.257)] container x: 81.94324, y: 15.041092, scale : 0.9400229
07-21 11:20:09.507  5038  5038 I HoneySpace.Player: [Player:A(9.257)] container x: 81.94324, y: 15.041092, scale : 0.9400229
07-21 11:20:09.507  3233  3834 D SGM:FgCheckThread: sendFocusOutConditionally() - mPrevNotiPkg: (unknown), userId: 0
07-21 11:20:09.507  3233  3834 D SGM:FgCheckThread:   handleResume(). pkgName: com.sec.android.app.launcher, userId: 0, category: non-game
07-21 11:20:09.507  3233  3834 D SGM:FgCheckThread: notifyFocusInOut(). of pkg: com.sec.android.app.launcher, type: 4, isSecGameFamily: false, userId: 0
07-21 11:20:09.507  5038  5038 I HoneySpace.Player: [Player:A(9.257)] container x: 81.94324, y: 15.041092, scale : 0.9400229
07-21 11:20:09.507  3233  3834 D SGM:FgCheckThread:   notifyFocusInOut(). unexpected mPrevNotiType: -1
07-21 11:20:09.507  3233  3834 D SGM:SystemHelper: callReleaseBlock needReleaseBlock:false
07-21 11:20:09.507  4627  4918 D NotificationIconContainerStatusBarViewModel: current tint area is empty!!!
07-21 11:20:09.507  4627  4918 D NotificationIconContainerStatusBarViewModel: current tint area is empty!!!
07-21 11:20:09.507  4627  4918 D NotificationIconContainerStatusBarViewModel: current tint area is empty!!!
07-21 11:20:09.507 25535 25535 I Reminder$ReminderCache: trimMemory 40
07-21 11:20:09.507  5038  7575 I VRI[LauncherActivity]@16ceedf: mWNT: t=0xb40000717e5ca400 mBlastBufferQueue=0xb400007185fef400 fn= 319 HdrRenderState mRenderHdrSdrRatio=1.0 caller= com.android.systemui.shared.launcher.ViewRootImplCompat.mergeWithNextTransaction:4 com.honeyspace.transition.utils.SurfaceTransactionApplier.scheduleApply$lambda$1:16 com.honeyspace.transition.utils.SurfaceTransactionApplier.b:0 
07-21 11:20:09.507 26240 26240 I MediaSearch.MediaSearchContentProvider: onTrimMemory() called with: level = [40]
07-21 11:20:09.507  5038  5038 I InsetsSourceConsumer: applyRequestedVisibilityToControl: visible=true, type=navigationBars, host=com.sec.android.app.launcher/com.sec.android.app.launcher.activities.LauncherActivity
07-21 11:20:09.507 19501 19501 I SubtitlesApplication: onTrimMemory: 40
07-21 11:20:09.508  5038  7575 I VRI[LauncherActivity]@16ceedf: mWNT: t=0xb40000717e5ca600 mBlastBufferQueue=0xb400007185fef400 fn= 319 HdrRenderState mRenderHdrSdrRatio=1.0 caller= com.android.systemui.shared.launcher.ViewRootImplCompat.mergeWithNextTransaction:4 com.honeyspace.transition.utils.SurfaceTransactionApplier.scheduleApply$lambda$1:16 com.honeyspace.transition.utils.SurfaceTransactionApplier.b:0 
07-21 11:20:09.508  5038  7575 I VRI[LauncherActivity]@16ceedf: mWNT: t=0xb40000717e5ca800 mBlastBufferQueue=0xb400007185fef400 fn= 319 HdrRenderState mRenderHdrSdrRatio=1.0 caller= com.android.systemui.shared.launcher.ViewRootImplCompat.mergeWithNextTransaction:4 com.honeyspace.transition.utils.SurfaceTransactionApplier.scheduleApply$lambda$1:16 com.honeyspace.transition.utils.SurfaceTransactionApplier.b:0 
07-21 11:20:09.508  5038  5038 I InsetsSourceConsumer: applyRequestedVisibilityToControl: visible=true, type=statusBars, host=com.sec.android.app.launcher/com.sec.android.app.launcher.activities.LauncherActivity
07-21 11:20:09.508 25785 25785 I FaceServiceApplication:: [ClusteringService: 1.0] In onTrimMemory() update ... 40 
07-21 11:20:09.508 25904 25904 I SamsungCalendar$CalendarApplication: onTrimMemory level : 40
07-21 11:20:09.508  5038  5038 I HoneySpace.IconView: setIconVisible : visible-false, currentForceHideBadge-true, label-QiPushNote, itemId-82691
07-21 11:20:09.508  5038  5038 I HoneySpace.IconView: updateInvisibleState false APP_CLOSING current:2 new:2 label:QiPushNote itemId:82691
07-21 11:20:09.508 25408 25408 I SamsungCalendar$CalendarApplication: onTrimMemory level : 40
07-21 11:20:09.508 25108 25108 I BUPlugin_Application: onTrimMemory() : level=40
07-21 11:20:09.509  4627  4750 V WindowManagerShell: onTransitionReady (#65) android.os.BinderProxy@e7487ac: {id=65 t=CLOSE f=0x10 trk=0 r=[0@Point(0, 0)] c=[
07-21 11:20:09.509  4627  4750 V WindowManagerShell:         {m=TO_FRONT f=SHOW_WALLPAPER|MOVE_TO_TOP|EDGE_EXTENSION_RESTRICTION leash=Surface(name=Task=1#46)/@0xe1d340a sb=Rect(0, 0 - 1440, 3088) eb=Rect(0, 0 - 1440, 3088) epz=Point(1440, 3088) d=0 taskParent=-1 winMode=1 userId=0 inset=Rect(0, 125 - 0, 56)},
07-21 11:20:09.509  4627  4750 V WindowManagerShell:         {m=CLOSE f=NONE leash=Surface(name=Task=64904#694)/@0x206647b sb=Rect(0, 0 - 1440, 3088) eb=Rect(0, 0 - 1440, 3088) epz=Point(1440, 3088) d=0 taskParent=-1 winMode=1 userId=0 inset=Rect(0, 0 - 0, 0) dim=true},
07-21 11:20:09.509  4627  4750 V WindowManagerShell:         {m=TO_FRONT f=IS_WALLPAPER|IS_FIXED_PORTRAIT p=WCT{android.os.BinderProxy@1faa126} leash=Surface(name=WallpaperWindowToken{7d80847}#50)/@0x1787298 sb=Rect(0, 0 - 1440, 3088) eb=Rect(0, 0 - 1440, 3088) epz=Point(1440, 3088) d=0 inset=Rect(0, 0 - 0, 0)}
07-21 11:20:09.509  4627  4750 V WindowManagerShell:     ]}
07-21 11:20:09.509  4627  4750 V ShellDesktopMode: DesktopModeLogger: taskInfo map after processing changes 0
07-21 11:20:09.509  4627  4750 D ShellDesktopMode: DesktopTaskChangeListener: onTaskClosing for taskId=64904, displayId=0 - desktop not supported
07-21 11:20:09.509  4627  4750 D ShellDesktopMode: DesktopTaskChangeListener: onTaskMovingToFront for taskId=1, displayId=0 - desktop not supported
07-21 11:20:09.509  4627  4750 I SurfaceControlRegistry: show, t=StartTransaction_SyncId<65> sc=WallpaperWindowToken{7d80847}#50, caller=android.view.SurfaceControl$Transaction.show:3679 com.android.wm.shell.transition.Transitions.dispatchReady:676 com.android.wm.shell.transition.Transitions$TransitionPlayerImpl$$ExternalSyntheticLambda1.run:284 android.os.Handler.handleCallback:1070 android.os.Handler.dispatchMessage:125 android.os.Looper.dispatchMessage:358 
07-21 11:20:09.509 25959 25959 I Reminder$ReminderCache: trimMemory 40
07-21 11:20:09.509  4627  4750 I SurfaceControlRegistry: hide, t=FinishTransaction_SyncId<65> sc=Task=64904#694, caller=android.view.SurfaceControl$Transaction.hide:3705 com.android.wm.shell.transition.Transitions.dispatchReady:1355 com.android.wm.shell.transition.Transitions$TransitionPlayerImpl$$ExternalSyntheticLambda1.run:284 android.os.Handler.handleCallback:1070 android.os.Handler.dispatchMessage:125 android.os.Looper.dispatchMessage:358 
07-21 11:20:09.509  4627  4750 I SurfaceControlRegistry: show, t=StartTransaction_SyncId<65> sc=Task=1#46, caller=android.view.SurfaceControl$Transaction.show:3679 com.android.wm.shell.transition.Transitions.dispatchReady:1372 com.android.wm.shell.transition.Transitions$TransitionPlayerImpl$$ExternalSyntheticLambda1.run:284 android.os.Handler.handleCallback:1070 android.os.Handler.dispatchMessage:125 android.os.Looper.dispatchMessage:358 
07-21 11:20:09.509  4627  4750 I SurfaceControlRegistry: show, t=FinishTransaction_SyncId<65> sc=Task=1#46, caller=android.view.SurfaceControl$Transaction.show:3679 com.android.wm.shell.transition.Transitions.dispatchReady:1470 com.android.wm.shell.transition.Transitions$TransitionPlayerImpl$$ExternalSyntheticLambda1.run:284 android.os.Handler.handleCallback:1070 android.os.Handler.dispatchMessage:125 android.os.Looper.dispatchMessage:358 
07-21 11:20:09.509  4627  4750 V WindowManagerShell: Transition (#65) android.os.BinderProxy@e7487ac@0 ready while (#64) android.os.BinderProxy@2cb1576@0 is still animating. Notify the animating transition in case they can be merged
07-21 11:20:09.509  4627  4750 V WindowManagerShell:    Requesting merge (#65) into remote: RemoteTransition { remoteTransition = android.window.IRemoteTransition$Stub$Proxy@a4b1302, appThread = null, debugName = QuickstepLaunchflags =NONE }
07-21 11:20:09.509  4627  4750 V WindowManagerShell: findRemoteTransition, Checking filter Pair{{types=[] flags=0x0] notFlags=0x100 checks=[{atype=home independent=true modes=[OPEN,TO_FRONT] flags=NONE mustBeTask=false order=TOP topActivity=ComponentInfo{com.sec.android.app.launcher/com.sec.android.app.launcher.Launcher} launchCookie=null windowingMode=undefined isCrossDisplayMove=false},{atype=recents independent=true modes=[CLOSE,TO_BACK] flags=NONE mustBeTask=false order=ANY topActivity=null launchCookie=null windowingMode=undefined isCrossDisplayMove=false}]} RemoteTransition { remoteTransition = android.window.IRemoteTransition$Stub$Proxy@52bcd4c, appThread = android.app.IApplicationThread$Stub$Proxy@fbc195, debugName = QuickstepLaunchHomeFromRecentsflags =NONE }}
07-21 11:20:09.509  3233  3825 D InputMethodManagerService: checkDisplayOfStartInputAndUpdateKeyboard: displayId=0, mFocusedDisplayId=0
07-21 11:20:09.509  7266  7266 I SDHMS:PowerAnomaly:Gatherer:AppError: update AppError : uid=10051, pkg=com.penguenlabs.pushnote, errorType=crash
07-21 11:20:09.509  3233  3825 D InputTransport: Input channel constructed: 'ClientS', fd=1170
07-21 11:20:09.510  3233  3825 D InputTransport: Input channel destroyed: 'ClientS', fd=1170
07-21 11:20:09.510  4627  4750 V WindowManagerShell: findRemoteTransition, Checking filter Pair{{types=[] flags=0x0] notFlags=0x100 checks=[{atype=home independent=true modes=[OPEN,TO_FRONT] flags=NONE mustBeTask=false order=TOP topActivity=ComponentInfo{com.sec.android.app.launcher/com.sec.android.app.launcher.Launcher} launchCookie=null windowingMode=undefined isCrossDisplayMove=false},{atype=standard independent=true modes=[CLOSE,TO_BACK] flags=NONE mustBeTask=false order=ANY topActivity=null launchCookie=null windowingMode=undefined isCrossDisplayMove=false}]} RemoteTransition { remoteTransition = android.window.IRemoteTransition$Stub$Proxy@e6b02aa, appThread = android.app.IApplicationThread$Stub$Proxy@7dc1e9b, debugName = QuickstepLaunchHomeflags =NONE }}
07-21 11:20:09.510  4627  4750 D WindowManagerShell: findRemoteTransition, Found filterPair{{types=[] flags=0x0] notFlags=0x100 checks=[{atype=home independent=true modes=[OPEN,TO_FRONT] flags=NONE mustBeTask=false order=TOP topActivity=ComponentInfo{com.sec.android.app.launcher/com.sec.android.app.launcher.Launcher} launchCookie=null windowingMode=undefined isCrossDisplayMove=false},{atype=standard independent=true modes=[CLOSE,TO_BACK] flags=NONE mustBeTask=false order=ANY topActivity=null launchCookie=null windowingMode=undefined isCrossDisplayMove=false}]} RemoteTransition { remoteTransition = android.window.IRemoteTransition$Stub$Proxy@e6b02aa, appThread = android.app.IApplicationThread$Stub$Proxy@7dc1e9b, debugName = QuickstepLaunchHomeflags =NONE }}
07-21 11:20:09.510  4627  4750 D ShellTaskOrganizer: removeStartingWindow, removalInfo=StartingWindowRemovalInfo{taskId=64904 frame=Rect(0, 0 - 1440, 3088) playRevealAnimation=true roundedCornerRadius=0.0 deferRemoveMode=0 windowlessSurface=false removeImmediately=false}
07-21 11:20:09.511  5038  5263 I RemoteAnimationRunnerHelper: Tried to merge animation, canMerge=true
07-21 11:20:09.511  5038  5263 I HoneySpace.ShellAnimationRunner: setMergefilter true. default
07-21 11:20:09.511  5038  5263 I SurfaceControlRegistry: show, t=StartTransaction_SyncId<65> sc=Task=1#46, caller=android.view.SurfaceControl$Transaction.show:3679 android.window.RemoteAnimationRunnerHelper.updateSurfaceVisibility:279 android.window.RemoteAnimationRunnerHelper.mergeAnimation:191 android.window.RemoteAnimationRunnerHelper.mergeOrTransferAnimation:147 com.android.systemui.animation.RemoteAnimationRunnerCompat$1.mergeAnimation:17 android.window.IRemoteTransition$Stub.onTransact:178 
07-21 11:20:09.511  5038  5263 I SurfaceControlRegistry: show, t=StartTransaction_SyncId<65> sc=Task=64904#694, caller=android.view.SurfaceControl$Transaction.show:3679 android.window.RemoteAnimationRunnerHelper.updateSurfaceVisibility:279 android.window.RemoteAnimationRunnerHelper.mergeAnimation:191 android.window.RemoteAnimationRunnerHelper.mergeOrTransferAnimation:147 com.android.systemui.animation.RemoteAnimationRunnerCompat$1.mergeAnimation:17 android.window.IRemoteTransition$Stub.onTransact:178 
07-21 11:20:09.511  5038  5263 I SurfaceControlRegistry: apply, t=StartTransaction_SyncId<65>, caller=android.view.SurfaceControl$Transaction.apply:3581 android.view.SurfaceControl$Transaction.apply:3569 android.view.SurfaceControl$Transaction.apply:3519 android.window.RemoteAnimationRunnerHelper.mergeAnimation:216 android.window.RemoteAnimationRunnerHelper.mergeOrTransferAnimation:147 com.android.systemui.animation.RemoteAnimationRunnerCompat$1.mergeAnimation:17 
07-21 11:20:09.511  5038  5263 I ShellAnimationDelegate: mergeCallback called!
07-21 11:20:09.511  4627 13406 V WindowManagerShell: Merged (#65) into remote
07-21 11:20:09.511  7049  7049 I InputMethodService: onNavButtonFlagsChanged: navButtonFlags=1 imeDrawsImeNavBar=true
07-21 11:20:09.511  4627  4750 V WindowManagerShell: Transition was merged: (#65) android.os.BinderProxy@e7487ac@0 into (#64) android.os.BinderProxy@2cb1576@0
07-21 11:20:09.511  4627  4750 D DesktopModeWindowDecorViewModel: onTransitionMergeOrTransferred: remains=1, m=android.os.BinderProxy@e7487ac, p=android.os.BinderProxy@2cb1576, t=false
07-21 11:20:09.512  7049  7049 D InputMethodService: unregisterCompatOnBackInvokedCallback return because registered : false
07-21 11:20:09.512  7049  7049 D InputMethodService: updateClientDisplayId: displayId=0, mClientDisplayId=0
07-21 11:20:09.513  5038  5113 I HoneySpace.HistoryViewModel@227649884@HomeOnly: Illegal access. Unknown type. skip load history items
07-21 11:20:09.513  7727  9437 W jankservice_jankMonitor: One or more values are zero, skipping update.
07-21 11:20:09.513  7727  9437 I jankservice_jankMonitor: updateFgInfo: taskId = 64904, packageName = com.penguenlabs.pushnote
07-21 11:20:09.514 10672 10672 I SAMSUNGWALLET: [Hint_PayHintService] onReceive() action=com.sec.android.app.launcher.intent.action.UPDATE_SPAY_HANDLER
07-21 11:20:09.515 10672 10672 I SAMSUNGWALLET: [Hint_PayHintService] home change, s home : true , default : false , gesture : true , s result : false , prev : false
07-21 11:20:09.515 26079 26079 I FaceServiceApplication:: [ClusteringService: 1.0] In onTrimMemory() update ... 40 
07-21 11:20:09.515  5038  5038 I HoneySpace.Player: [Player:A(9.257)] container x: 81.94324, y: 15.041092, scale : 0.9400229
07-21 11:20:09.515  5038  5038 I HoneySpace.Player: [Player:A(9.257)] container x: 81.94324, y: 15.1684265, scale : 0.9400229
07-21 11:20:09.515  5038  5038 I HoneySpace.Player: [Player:A(9.257)] container x: 86.2344, y: 17.265259, scale : 0.9333687
07-21 11:20:09.515  5038  5038 I HoneySpace.Player: [Player:A(9.257)] container x: 86.2344, y: 17.265259, scale : 0.9333687
07-21 11:20:09.515  4627  4922 D NotificationIconContainerStatusBarViewModel: current tint area is empty!!!
07-21 11:20:09.515  4627  4922 D NotificationIconContainerStatusBarViewModel: current tint area is empty!!!
07-21 11:20:09.515  4627  4922 D NotificationIconContainerStatusBarViewModel: current tint area is empty!!!
07-21 11:20:09.516  5038  7574 I VRI[LauncherActivity]@16ceedf: mWNT: t=0xb40000717e5caa00 mBlastBufferQueue=0xb400007185fef400 fn= 320 HdrRenderState mRenderHdrSdrRatio=1.0 caller= com.android.systemui.shared.launcher.ViewRootImplCompat.mergeWithNextTransaction:4 com.honeyspace.transition.utils.SurfaceTransactionApplier.scheduleApply$lambda$1:16 com.honeyspace.transition.utils.SurfaceTransactionApplier.b:0 
07-21 11:20:09.516  5038  7574 I VRI[LauncherActivity]@16ceedf: mWNT: t=0xb40000717e5cac00 mBlastBufferQueue=0xb400007185fef400 fn= 320 HdrRenderState mRenderHdrSdrRatio=1.0 caller= com.android.systemui.shared.launcher.ViewRootImplCompat.mergeWithNextTransaction:4 com.honeyspace.transition.utils.SurfaceTransactionApplier.scheduleApply$lambda$1:16 com.honeyspace.transition.utils.SurfaceTransactionApplier.b:0 
07-21 11:20:09.516  5038  7574 I VRI[LauncherActivity]@16ceedf: mWNT: t=0xb40000717e5cae00 mBlastBufferQueue=0xb400007185fef400 fn= 320 HdrRenderState mRenderHdrSdrRatio=1.0 caller= com.android.systemui.shared.launcher.ViewRootImplCompat.mergeWithNextTransaction:4 com.honeyspace.transition.utils.SurfaceTransactionApplier.scheduleApply$lambda$1:16 com.honeyspace.transition.utils.SurfaceTransactionApplier.b:0 
07-21 11:20:09.516  5038  7574 I VRI[LauncherActivity]@16ceedf: mWNT: t=0xb40000720e857000 mBlastBufferQueue=0xb400007185fef400 fn= 320 HdrRenderState mRenderHdrSdrRatio=1.0 caller= com.android.systemui.shared.launcher.ViewRootImplCompat.mergeWithNextTransaction:4 com.honeyspace.transition.utils.SurfaceTransactionApplier.scheduleApply$lambda$1:16 com.honeyspace.transition.utils.SurfaceTransactionApplier.b:0 
07-21 11:20:09.516  3233  3296 W ActivityManager: setHasOverlayUi called on unknown pid: 29657
07-21 11:20:09.517  7266  7266 I SDHMS:PowerAnomaly:Analyzer:AppError: analyze app error : uid=10051, pkg=com.penguenlabs.pushnote, appErrorCount=6
07-21 11:20:09.518 19351 19351 W ContextImpl: Calling a method in the system process without a qualified user: android.app.ContextImpl.sendBroadcast:1375 android.content.ContextWrapper.sendBroadcast:528 yz.a.e:29 com.samsung.android.sm.iafd.IafdServiceCN.b:64 ek.b.run:19 
07-21 11:20:09.518  7727  9437 I jankservice_jankMonitor: updateFgInfo: taskId = 64886, packageName = com.sec.android.app.launcher
07-21 11:20:09.518 19351 29702 I Dc.IafdDbManagerCN: updateAppCrashDailySummary packageInfo com.penguenlabs.pushnote crashCount 4
07-21 11:20:09.518  1930  4758 I SurfaceFlinger: id=702 Removed Surface(name=f0f7660 NavigationBar0#74)/@0xea60ac0 - animation-leash of insets_animation#702 (156)
07-21 11:20:09.518  4627  4927 I VRI[pushnote]@c067c9b: mWNT: t=0xb4000071b6111000 mBlastBufferQueue=0xb40000721a4fc000 fn= 2 HdrRenderState mRenderHdrSdrRatio=1.0 caller= android.view.SyncRtSurfaceTransactionApplier.applyTransaction:102 android.view.SyncRtSurfaceTransactionApplier.lambda$scheduleApply$0:75 android.view.SyncRtSurfaceTransactionApplier.$r8$lambda$afI4fXg3U3-nBZQEDQMiNy-B06s:0 
07-21 11:20:09.519  4627  4927 I VRI[pushnote]@c067c9b: mWNT: t=0xb4000071b6111200 mBlastBufferQueue=0xb40000721a4fc000 fn= 2 HdrRenderState mRenderHdrSdrRatio=1.0 caller= android.view.SyncRtSurfaceTransactionApplier.applyTransaction:102 android.view.SyncRtSurfaceTransactionApplier.lambda$scheduleApply$0:75 android.view.SyncRtSurfaceTransactionApplier.$r8$lambda$afI4fXg3U3-nBZQEDQMiNy-B06s:0 
07-21 11:20:09.519  1930  4758 I SurfaceFlinger: id=703 Removed Surface(name=a9cf450 StatusBar#81)/@0x20ec19f - animation-leash of insets_animation#703 (156)
07-21 11:20:09.520 19351 19351 W ContextImpl: Calling a method in the system process without a qualified user: android.app.ContextImpl.startActivity:1217 android.content.ContextWrapper.startActivity:458 com.samsung.android.sm.iafd.IafdServiceCN.b:99 ek.b.run:19 android.os.Handler.handleCallback:1070 
07-21 11:20:09.520 19351 19351 W ContextImpl: Calling a method in the system process without a qualified user: android.app.ContextImpl.startActivity:1229 android.app.ContextImpl.startActivity:1218 android.content.ContextWrapper.startActivity:458 com.samsung.android.sm.iafd.IafdServiceCN.b:99 ek.b.run:19 
07-21 11:20:09.521  3233  5216 D ActivityTaskManager: startActivityAsUser: callingPid=19351, callingUid=1000, caller=com.android.server.wm.ActivityTaskManagerService.startActivity:123 android.app.IActivityTaskManager$Stub.onTransact:2230 com.android.server.wm.ActivityTaskManagerService.onTransact:1 android.os.Binder.execTransactInternal:1514 android.os.Binder.execTransact:1454 <bottom of call stack> <bottom of call stack> 
07-21 11:20:09.521  3233  5216 I AppJumpBlockTool: isEngBinary:false,isAdbOpen=true,appJumpBlockValue=-100
07-21 11:20:09.521  3233  5216 E AppJumpBlockTool: skip for USB Debugging opened!
07-21 11:20:09.522  3233  5216 V WindowManager: DesktopModeLaunchParamsModifier: phase= 0 task=null activity=null display-from-option=0 display-id=0 task-display-area-windowing-mode=1 suggested-display-area=DefaultTaskDisplayArea_d0@210565852 task null, skipping
07-21 11:20:09.522  3233  5216 V WindowManager: TaskLaunchParamsModifier:phase=0 task=null activity=null display-from-option=0 display-id=0 task-display-area-windowing-mode=1 suggested-display-area=DefaultTaskDisplayArea_d0@210565852
07-21 11:20:09.522  3233  5216 D AppLockPolicy: isActivityInExceptionList: 
07-21 11:20:09.522  3233  5216 D ActivityTaskManager: Non-opaque activity is created, styleTranslucent=false, floating=true, r=ActivityRecord{265694941 u0 com.samsung.android.sm_cn/com.samsung.android.sm.iafd.dialog.AppErrorDialogActivityCN
07-21 11:20:09.522  1930  1930 I SurfaceFlinger: destroyed Surface(name=a9cf450 StatusBar#81)/@0x20ec19f - animation-leash of insets_animation#703 form LifecycleManager
07-21 11:20:09.522  1930  1930 I SurfaceFlinger: destroyed Surface(name=f0f7660 NavigationBar0#74)/@0xea60ac0 - animation-leash of insets_animation#702 form LifecycleManager
07-21 11:20:09.523  1930  1930 I SurfaceFlinger: [LayerHierarchy{RequestedLayerState{Surface(name=a7e572c com.penguenlabs.pushnote/com.penguenlabs.pushnote.features.MainActivity#705)/@0x8b5b9bb - animation-leash of starting_reveal#709} 1 children}] reparent to OffscreenRoot
07-21 11:20:09.523  1930  1930 I SurfaceFlinger: [LayerHierarchy{RequestedLayerState{Surface(name=a7e572c com.penguenlabs.pushnote/com.penguenlabs.pushnote.features.MainActivity#705)/@0x8b5b9bb - animation-leash of starting_reveal#709} 1 children}] RelativeParent to null
07-21 11:20:09.523  1930  1930 I SurfaceFlinger: [LayerHierarchy{RequestedLayerState{a7e572c com.penguenlabs.pushnote/com.penguenlabs.pushnote.features.MainActivity#705} no children}] reparent to OffscreenRoot
07-21 11:20:09.523  1930  1930 I SurfaceFlinger: [LayerHierarchy{RequestedLayerState{a7e572c com.penguenlabs.pushnote/com.penguenlabs.pushnote.features.MainActivity#705} no children}] RelativeParent to null
07-21 11:20:09.523  1930  1930 I SurfaceFlinger: id=703 onLayerDestroyed from LayerHierarchyBuilder(RequestedLayerState{Surface(name=a9cf450 StatusBar#81)/@0x20ec19f - animation-leash of insets_animation#703 !handle})
07-21 11:20:09.523  1930  1930 I SurfaceFlinger: id=702 onLayerDestroyed from LayerHierarchyBuilder(RequestedLayerState{Surface(name=f0f7660 NavigationBar0#74)/@0xea60ac0 - animation-leash of insets_animation#702 !handle})
07-21 11:20:09.523  3233  5216 D WindowManager: Transition is created, t=TransitionRecord{40bdbd9 id=-1 type=OPEN flags=0x0 parallelCollectType=NONE recentsDisplayId=-1}, caller=com.android.server.wm.Transition.<init>:203 com.android.server.wm.TransitionController.createAndStartCollecting:106 com.android.server.wm.ActivityStarter.executeRequest:3685 com.android.server.wm.ActivityStarter.execute:2555 com.android.server.wm.ActivityTaskManagerService.startActivityAsUser:95 
07-21 11:20:09.523  5038  5038 I HoneySpace.Player: [Player:A(9.257)] container x: 86.2344, y: 17.714523, scale : 0.9333687
07-21 11:20:09.523  3233  5216 D BLASTSyncEngine: SyncGroup is created, id=66, name=Transition-OPEN, caller=com.android.server.wm.BLASTSyncEngine.prepareSyncSet:60 com.android.server.wm.TransitionController.moveToCollecting:67 com.android.server.wm.TransitionController.createAndStartCollecting:109 com.android.server.wm.ActivityStarter.executeRequest:3685 com.android.server.wm.ActivityStarter.execute:2555 com.android.server.wm.ActivityTaskManagerService.startActivityAsUser:95 com.android.server.wm.ActivityTaskManagerService.startActivity:123 
07-21 11:20:09.523  3233  5216 W BLASTSyncEngine: setSyncMethod, id=66, method=0, caller=com.android.server.wm.TransitionController.moveToCollecting:80 com.android.server.wm.TransitionController.createAndStartCollecting:109 com.android.server.wm.ActivityStarter.executeRequest:3685 
07-21 11:20:09.523  1930  1930 I SurfaceFlinger: id=703 Destroyed Surface(name=a9cf450 StatusBar#81)/@0x20ec19f - animation-leash of insets_animation#703
07-21 11:20:09.523  5038  5038 I HoneySpace.Player: [Player:A(9.257)] container x: 99.645615, y: 24.25367, scale : 0.91260487
07-21 11:20:09.523  1930  1930 I SurfaceFlinger: id=702 Destroyed Surface(name=f0f7660 NavigationBar0#74)/@0xea60ac0 - animation-leash of insets_animation#702
07-21 11:20:09.523  3233  5216 V WindowManager: Start collecting in Transition: TransitionRecord{40bdbd9 id=66 type=OPEN flags=0x0 parallelCollectType=NONE recentsDisplayId=-1}, caller=com.android.server.wm.TransitionController.createAndStartCollecting:109 com.android.server.wm.ActivityStarter.executeRequest:3685 com.android.server.wm.ActivityStarter.execute:2555 com.android.server.wm.ActivityTaskManagerService.startActivityAsUser:95 com.android.server.wm.ActivityTaskManagerService.startActivity:123 
07-21 11:20:09.523  5038  5038 I HoneySpace.Player: [Player:A(9.257)] container x: 102.48448, y: 24.25367, scale : 0.91260487
07-21 11:20:09.523  3233  5216 V WindowManager: Collecting in transition 66: ActivityRecord{265694941 u0 com.samsung.android.sm_cn/com.samsung.android.sm.iafd.dialog.AppErrorDialogActivityCN t-1}, caller=com.android.server.wm.TransitionController.collect:7 com.android.server.wm.ActivityStarter.startActivityUnchecked:98 com.android.server.wm.ActivityStarter.executeRequest:3737 com.android.server.wm.ActivityStarter.execute:2555 com.android.server.wm.ActivityTaskManagerService.startActivityAsUser:95 
07-21 11:20:09.523  3233  5216 V WindowManager: DesktopModeLaunchParamsModifier: phase= 0 task=null activity=ActivityRecord{265694941 u0 com.samsung.android.sm_cn/com.samsung.android.sm.iafd.dialog.AppErrorDialogActivityCN t-1} display-from-option=0 display-id=0 task-display-area-windowing-mode=1 suggested-display-area=DefaultTaskDisplayArea_d0@210565852 task null, skipping
07-21 11:20:09.523  3233  5216 V WindowManager: TaskLaunchParamsModifier:phase=0 task=null activity=ActivityRecord{265694941 u0 com.samsung.android.sm_cn/com.samsung.android.sm.iafd.dialog.AppErrorDialogActivityCN t-1} display-from-option=0 display-id=0 task-display-area-windowing-mode=1 suggested-display-area=DefaultTaskDisplayArea_d0@210565852
07-21 11:20:09.523  3233  5216 D [secipm]: mSecIpmManager AppTouchDown com.samsung.android.sm_cn dex files
07-21 11:20:09.523  4627  4926 D NotificationIconContainerStatusBarViewModel: current tint area is empty!!!
07-21 11:20:09.523  4627  4926 D NotificationIconContainerStatusBarViewModel: current tint area is empty!!!
07-21 11:20:09.523  4627  4926 D NotificationIconContainerStatusBarViewModel: current tint area is empty!!!
07-21 11:20:09.523  3233  5216 D PkgPredictorService-SecIpmManagerServiceImpl: dexFilePreload :com.samsung.android.sm_cn
07-21 11:20:09.524  3233  5216 D PkgPredictorService-SecIpmManagerServiceImpl: dexFilePreload  uid=1000 pkgName:com.samsung.android.sm_cn path:/data/app/~~7SkvVLW-PSdTE-tkXVbSDA==/com.samsung.android.sm_cn-18Ix6TxRIcQ5O8nZjqSpRw==
07-21 11:20:09.524  3233  6815 D PkgPredictorService-IpmAdcpController: create a new DexPreloadTask pkg:com.samsung.android.sm_cn  path:/data/app/~~7SkvVLW-PSdTE-tkXVbSDA==/com.samsung.android.sm_cn-18Ix6TxRIcQ5O8nZjqSpRw==
07-21 11:20:09.524  5038  7575 I VRI[LauncherActivity]@16ceedf: mWNT: t=0xb40000720e857200 mBlastBufferQueue=0xb400007185fef400 fn= 321 HdrRenderState mRenderHdrSdrRatio=1.0 caller= com.android.systemui.shared.launcher.ViewRootImplCompat.mergeWithNextTransaction:4 com.honeyspace.transition.utils.SurfaceTransactionApplier.scheduleApply$lambda$1:16 com.honeyspace.transition.utils.SurfaceTransactionApplier.b:0 
07-21 11:20:09.524  3233  5216 V WindowManager: DesktopModeLaunchParamsModifier: phase= 3 task=null activity=ActivityRecord{265694941 u0 com.samsung.android.sm_cn/com.samsung.android.sm.iafd.dialog.AppErrorDialogActivityCN t-1} display-from-option=0 display-id=0 task-display-area-windowing-mode=1 suggested-display-area=DefaultTaskDisplayArea_d0@210565852 task null, skipping
07-21 11:20:09.524  5038  7575 I VRI[LauncherActivity]@16ceedf: mWNT: t=0xb40000720e857400 mBlastBufferQueue=0xb400007185fef400 fn= 321 HdrRenderState mRenderHdrSdrRatio=1.0 caller= com.android.systemui.shared.launcher.ViewRootImplCompat.mergeWithNextTransaction:4 com.honeyspace.transition.utils.SurfaceTransactionApplier.scheduleApply$lambda$1:16 com.honeyspace.transition.utils.SurfaceTransactionApplier.b:0 
07-21 11:20:09.524  3233  5216 V WindowManager: TaskLaunchParamsModifier:phase=3 task=null activity=ActivityRecord{265694941 u0 com.samsung.android.sm_cn/com.samsung.android.sm.iafd.dialog.AppErrorDialogActivityCN t-1} display-from-option=0 display-id=0 task-display-area-windowing-mode=1 suggested-display-area=DefaultTaskDisplayArea_d0@210565852 non-freeform-task-display-area display-area=DefaultTaskDisplayArea_d0@210565852 default-portrait freeform-size-mismatch=Rect(108, 806 - 1332, 2350)
07-21 11:20:09.524  5038  7575 I VRI[LauncherActivity]@16ceedf: mWNT: t=0xb40000720e857600 mBlastBufferQueue=0xb400007185fef400 fn= 321 HdrRenderState mRenderHdrSdrRatio=1.0 caller= com.android.systemui.shared.launcher.ViewRootImplCompat.mergeWithNextTransaction:4 com.honeyspace.transition.utils.SurfaceTransactionApplier.scheduleApply$lambda$1:16 com.honeyspace.transition.utils.SurfaceTransactionApplier.b:0 
07-21 11:20:09.524  4627  4928 I VRI[pushnote]@c067c9b: mWNT: t=0xb4000071b6111400 mBlastBufferQueue=0xb40000721a4fc000 fn= 3 HdrRenderState mRenderHdrSdrRatio=1.0 caller= android.view.SyncRtSurfaceTransactionApplier.applyTransaction:102 android.view.SyncRtSurfaceTransactionApplier.lambda$scheduleApply$0:75 android.view.SyncRtSurfaceTransactionApplier.$r8$lambda$afI4fXg3U3-nBZQEDQMiNy-B06s:0 
07-21 11:20:09.524  3233  6815 D PkgPredictorService-IpmAdcpController: /data/app/~~7SkvVLW-PSdTE-tkXVbSDA==/com.samsung.android.sm_cn-18Ix6TxRIcQ5O8nZjqSpRw==/oat/arm64/base.art size 250560
07-21 11:20:09.525  1930  2013 I SurfaceFlinger: id=710 createSurf, flag=24004, Task=64905#710
07-21 11:20:09.526  3233  4777 I SemDvfsHyPerManager: acquire hyper - AMS_APP_SWITCH/3233@30, type = -999
07-21 11:20:09.527  3233  5216 V WindowManager: DesktopModeLaunchParamsModifier: phase= 3 task=Task{1cef44c #64905 type=standard A=1000:app.error.dialog} activity=ActivityRecord{265694941 u0 com.samsung.android.sm_cn/com.samsung.android.sm.iafd.dialog.AppErrorDialogActivityCN t-1} display-from-option=0 display-id=0 task-display-area-windowing-mode=1 suggested-display-area=DefaultTaskDisplayArea_d0@210565852 non-desktop, skipping
07-21 11:20:09.527  3233  5216 V WindowManager: TaskLaunchParamsModifier:phase=3 task=Task{1cef44c #64905 type=standard A=1000:app.error.dialog} activity=ActivityRecord{265694941 u0 com.samsung.android.sm_cn/com.samsung.android.sm.iafd.dialog.AppErrorDialogActivityCN t-1} display-from-option=0 display-id=0 task-display-area-windowing-mode=1 suggested-display-area=DefaultTaskDisplayArea_d0@210565852 inherit-from-task=fullscreen non-freeform-task-display-area display-area=DefaultTaskDisplayArea_d0@210565852 default-portrait freeform-size-mismatch=Rect(108, 806 - 1332, 2350)
07-21 11:20:09.527  3233  4777 D ActivityManagerPerformance: AMP_acquire() APP_SWITCH
07-21 11:20:09.527  3233  5216 V WindowManager: Collecting in transition 66: Task{1cef44c #64905 type=standard A=1000:app.error.dialog}, caller=com.android.server.wm.Transition.collectExistenceChange:40 com.android.server.wm.ActivityStarter.setNewTask:43 com.android.server.wm.ActivityStarter.startActivityInner:2223 com.android.server.wm.ActivityStarter.startActivityUnchecked:111 com.android.server.wm.ActivityStarter.executeRequest:3737 
07-21 11:20:09.527  1787  1800 I HYPER-HAL: [RequestManager.cpp]acquire(): Acquired ID : 5325246  [3233 / 30]    HINT : AMS_APP_SWITCH    list : 
07-21 11:20:09.527  7266  7266 I SemDvfsHyPerManager: acquire hyper - APP_START_SHORT/7266@22, type = -999
07-21 11:20:09.527  1787  1800 I HYPER-HAL: [RequestManager.cpp]acquire(): Acquired ID : 26561138  [7266 / 22]    HINT : APP_START    list : [TIMEOUT / 1500] 
07-21 11:20:09.527  1930  3804 I SurfaceFlinger: id=711 createSurf, flag=84004, ActivityRecord{265694941 u0 com.samsung.android.sm_cn/com.samsung.android.sm.iafd.dialog.AppErrorDialogActivityCN t64905}#711
07-21 11:20:09.529  3233  5216 D AppLockPolicy: isActivityInExceptionList: 
07-21 11:20:09.529  3233  5216 V WindowManager: Checking theme of starting window: 0x7f140016
07-21 11:20:09.529  3233  5216 V WindowManager: Translucent=false Floating=true ShowWallpaper=false Disable=false
07-21 11:20:09.529  3233  5216 D ActivityTaskManager: addStartingWindow: type=2 typeParameter=8f
07-21 11:20:09.531  1930  1930 I SurfaceFlinger: [Task=64905#710] attach to parent LayerHierarchy{RequestedLayerState{DefaultTaskDisplayArea_d0#10 parentId=9} 10 children}
07-21 11:20:09.531  1930  1930 I SurfaceFlinger: [ActivityRecord{265694941 u0 com.samsung.android.sm_cn/com.samsung.android.sm.iafd.dialog.AppErrorDialogActivityCN t64905}#711] attach to parent LayerHierarchy{RequestedLayerState{Task=64905#710 parentId=10} 1 children}
07-21 11:20:09.531  3233  5216 V WindowManager: Collecting in transition 66: ActivityRecord{265694941 u0 com.samsung.android.sm_cn/com.samsung.android.sm.iafd.dialog.AppErrorDialogActivityCN t64905}, caller=com.android.server.wm.Transition.collectExistenceChange:40 com.android.server.wm.ActivityStarter.handleStartResult:754 com.android.server.wm.ActivityStarter.startActivityUnchecked:124 com.android.server.wm.ActivityStarter.executeRequest:3737 com.android.server.wm.ActivityStarter.execute:2555 
07-21 11:20:09.531  3233  5216 V WindowManager: Requesting StartTransition: TransitionRecord{40bdbd9 id=66 type=OPEN flags=0x0 parallelCollectType=NONE recentsDisplayId=-1 c=[
07-21 11:20:09.531  3233  5216 V WindowManager:    ChangeInfo{2dab19b container=Task{1cef44c #64905 type=standard A=1000:app.error.dialog} flags=0x0}
07-21 11:20:09.531  3233  5216 V WindowManager:    ChangeInfo{21d0938 container=AppZoomOut:2:14@124895331 flags=0x0}
07-21 11:20:09.531  3233  5216 V WindowManager:    ChangeInfo{87c2d11 container=WindowedMagnification:0:31@206589172 flags=0x0}
07-21 11:20:09.531  3233  5216 V WindowManager:    ChangeInfo{ec08e76 container=DefaultTaskDisplayArea_d0@210565852 flags=0x0}
07-21 11:20:09.531  3233  5216 V WindowManager:    ChangeInfo{8a8cc77 container=ActivityRecord{265694941 u0 com.samsung.android.sm_cn/com.samsung.android.sm.iafd.dialog.AppErrorDialogActivityCN t64905} flags=0x0}
07-21 11:20:09.531  3233  5216 V WindowManager:    ChangeInfo{93580e4 container=Display{#0 state=ON size=1440x3088 ROTATION_0} flags=0x0}
07-21 11:20:09.531  3233  5216 V WindowManager: ]
07-21 11:20:09.531  3233  5216 V WindowManager: }, caller=com.android.server.wm.ActivityStarter.handleStartResult:983 com.android.server.wm.ActivityStarter.startActivityUnchecked:124 com.android.server.wm.ActivityStarter.executeRequest:3737 com.android.server.wm.ActivityStarter.execute:2555 com.android.server.wm.ActivityTaskManagerService.startActivityAsUser:95 
07-21 11:20:09.531  5038  5038 I HoneySpace.Player: [Player:A(9.257)] container x: 102.54756, y: 24.786163, scale : 0.9124531
07-21 11:20:09.531  5038  5038 I HoneySpace.Player: [Player:A(9.257)] container x: 120.23306, y: 33.263836, scale : 0.8851014
07-21 11:20:09.531  5038  5038 I HoneySpace.Player: [Player:A(9.257)] container x: 127.00998, y: 33.263836, scale : 0.8851014
07-21 11:20:09.532  3233  5216 I Pageboost: stop alp
07-21 11:20:09.532  5038  7574 I VRI[LauncherActivity]@16ceedf: mWNT: t=0xb40000720e857800 mBlastBufferQueue=0xb400007185fef400 fn= 322 HdrRenderState mRenderHdrSdrRatio=1.0 caller= com.android.systemui.shared.launcher.ViewRootImplCompat.mergeWithNextTransaction:4 com.honeyspace.transition.utils.SurfaceTransactionApplier.scheduleApply$lambda$1:16 com.honeyspace.transition.utils.SurfaceTransactionApplier.b:0 
07-21 11:20:09.532  5038  7574 I VRI[LauncherActivity]@16ceedf: mWNT: t=0xb40000720e857a00 mBlastBufferQueue=0xb400007185fef400 fn= 322 HdrRenderState mRenderHdrSdrRatio=1.0 caller= com.android.systemui.shared.launcher.ViewRootImplCompat.mergeWithNextTransaction:4 com.honeyspace.transition.utils.SurfaceTransactionApplier.scheduleApply$lambda$1:16 com.honeyspace.transition.utils.SurfaceTransactionApplier.b:0 
07-21 11:20:09.532  5038  7574 I VRI[LauncherActivity]@16ceedf: mWNT: t=0xb40000720e857c00 mBlastBufferQueue=0xb400007185fef400 fn= 322 HdrRenderState mRenderHdrSdrRatio=1.0 caller= com.android.systemui.shared.launcher.ViewRootImplCompat.mergeWithNextTransaction:4 com.honeyspace.transition.utils.SurfaceTransactionApplier.scheduleApply$lambda$1:16 com.honeyspace.transition.utils.SurfaceTransactionApplier.b:0 
07-21 11:20:09.532  3233  5216 I ActivityTaskManager: START u0 {act=com.samsung.android.sm.ACTION_START_APP_ERROR_DIALOG flg=0x14000000 xflg=0x4 pkg=com.samsung.android.sm_cn cmp=com.samsung.android.sm_cn/com.samsung.android.sm.iafd.dialog.AppErrorDialogActivityCN (has extras)} with LAUNCH_MULTIPLE from uid 1000 (com.samsung.android.sm_cn) (BAL_ALLOW_ALLOWLISTED_UID) result code=0
07-21 11:20:09.532  4627  4918 D NotificationIconContainerStatusBarViewModel: current tint area is empty!!!
07-21 11:20:09.532  3233  5216 I SemDvfsHyPerManager: acquire hyper - AMS_APP_LAUNCH/3233@22, type = -999
07-21 11:20:09.532  4627  4918 D NotificationIconContainerStatusBarViewModel: current tint area is empty!!!
07-21 11:20:09.532  4627  4918 D NotificationIconContainerStatusBarViewModel: current tint area is empty!!!
07-21 11:20:09.532  1787  1800 I HYPER-HAL: [RequestManager.cpp]acquire(): Acquired ID : 5299162  [3233 / 22]    HINT : AMS_APP_LAUNCH    list : 
07-21 11:20:09.532  4627  4927 I VRI[pushnote]@c067c9b: mWNT: t=0xb4000071b6111600 mBlastBufferQueue=0xb40000721a4fc000 fn= 4 HdrRenderState mRenderHdrSdrRatio=1.0 caller= android.view.SyncRtSurfaceTransactionApplier.applyTransaction:102 android.view.SyncRtSurfaceTransactionApplier.lambda$scheduleApply$0:75 android.view.SyncRtSurfaceTransactionApplier.$r8$lambda$afI4fXg3U3-nBZQEDQMiNy-B06s:0 
07-21 11:20:09.533  5482  5482 E pageboostd: Received HALT command code 2
07-21 11:20:09.535  7266  7266 I SemDvfsHyPerManager: acquire hyper - APP_START/7266@24, type = -999
07-21 11:20:09.535  1787  1800 I HYPER-HAL: [RequestManager.cpp]acquire(): Acquired ID : 26575719  [7266 / 24]    HINT : APP_START    list : 
07-21 11:20:09.536  5038  5255 I HoneySpace.RecentTasks: onRecentTasksChanged l:200546322
07-21 11:20:09.539  4627  4750 V WindowManagerShell: Transition requested (#66): android.os.BinderProxy@885186 TransitionRequestInfo { type = OPEN, triggerTask = TaskInfo{userId=0 taskId=64905 effectiveUid=1000 displayId=0 isRunning=true baseIntent=Intent { act=com.samsung.android.sm.ACTION_START_APP_ERROR_DIALOG flg=0x14800000 pkg=com.samsung.android.sm_cn cmp=com.samsung.android.sm_cn/com.samsung.android.sm.iafd.dialog.AppErrorDialogActivityCN } baseActivity=ComponentInfo{com.samsung.android.sm_cn/com.samsung.android.sm.iafd.dialog.AppErrorDialogActivityCN} topActivity=ComponentInfo{com.samsung.android.sm_cn/com.samsung.android.sm.iafd.dialog.AppErrorDialogActivityCN} origActivity=null realActivity=ComponentInfo{com.samsung.android.sm_cn/com.samsung.android.sm.iafd.dialog.AppErrorDialogActivityCN} numActivities=1 lastActiveTime=1308057 supportsMultiWindow=true resizeMode=1 isResizeable=true minWidth=-1 minHeight=-1 maxWidth=-1 maxHeight=-1 defaultMinSize=220 desktopDefaultMinSize=304 token=WCT{android.os.BinderProxy@685ba47} topActivityType=1 pictureInPictureParams=null shouldDockBigOverlays=false launchIntoPipHostTaskId=-1 lastParentTaskIdBeforePip=-1 displayCutoutSafeInsets=Rect(0, 125 - 0, 0) topActivityInfo=ActivityInfo{f9c2274 com.samsung.android.sm.iafd.dialog.AppErrorDialogActivityCN} launchCookies=[] positionInParent=Point(0, 0) parentTaskId=-1 isFocused=false isVisible=false isVisibleRequested=false isTopActivityNoDisplay=false isSleeping=false locusId=null displayAreaFeatureId=1 isTopActivityTransparent=true isActivityStackTransparent=true lastNonFullscreenBounds=Rect(108, 806 - 1332, 2350) capturedLink=null capturedLinkTimestamp=0 requestedVisibleTypes=503 topActivityRequestOpenInBrowserEducationTimestamp=0 appCompatTaskInfo=AppCompatTaskInfo { topActivityInSizeCompat=false isLeafTask= true eligibleForLetterboxEducation= false isLetterboxEducationEnabled= false isLetterboxDoubleTapEnabled= false eligibleForUserAspectRatioButton= false topActivityBoundsLetterboxed= false isFromLetterboxDoubleTap= false topActivityLetterboxVerticalPosition= -1 topActivityLetterboxHorizontalPosition= -1 topActivityLetterboxWidth=-1 topActivityLetterboxHeight=-1 topActivityAppBounds=Rect(0, 0 - 1440, 3088) isUserFullscreenOverrideEnabled=false isSystemFullscreenOverrideEnabled=false hasMinAspectRatioOverride=false topActivityLetterboxBounds=null cameraCompatTaskInfo=CameraCompatTaskInfo { cameraCompatMode=undefinedundefined} topActivityBounds=null topActivityInDisplayCompat=false showForceRotationButton=false forceRotationButtonState=0aspectRatioToRestore0 singleTapFromLetterbox=false topNonResizableActivityAspectRatio=-1.0} topActivityMainWindowFrame=null originallySupportedMultiWindow=true hasWallpaper=false rootAffinity=1000:app.error.dialog isTopTaskInStage=false CoverLauncherWidgetTask=false LaunchedFromAppsCoverLauncherTask=false LaunchedFromMultistarCoverLauncherTask=false isAllowedSeamlessRotation=false isTopTransparentActivity=false isAliasManaged=false hasConfigChanged=false isAiKeyRemoveAppTask=false lastDesktopWindowingBounds=null lastExternalDesktopWindowingBounds=null safeCutoutInsets=null isAppBubble=false}, pipChange = null, remoteTransitionInfo = null, displayChange = null, requestedLocation = null, userChange = null, windowingLayerChange = null, flags = 0, debugId = 66 }
07-21 11:20:09.539  4627  4750 D ShellSplitScreen: logExit: no-op, mLoggerSessionId is null
07-21 11:20:09.539 19351 19351 W SmApplication: onTrimMemory : 40
07-21 11:20:09.540  5038  5038 I HoneySpace.Player: [Player:A(9.257)] container x: 127.072914, y: 33.879086, scale : 0.88539565
07-21 11:20:09.540  5038  5038 I HoneySpace.Player: [Player:A(9.257)] container x: 148.68645, y: 44.07849, scale : 0.8523176
07-21 11:20:09.539  4627  4750 D ShellDesktopMode: handleRequest: TransitionRequestInfo {type=1, tid=64905, debugId=66}
07-21 11:20:09.540  5038  5038 I HoneySpace.Player: [Player:A(9.257)] container x: 158.8106, y: 44.07849, scale : 0.85231745
07-21 11:20:09.540  4627  4750 V ShellDesktopMode: DesktopTasksController: skipping handleRequest reason=triggerTask's display doesn't support desktop mode
07-21 11:20:09.540  4627  4925 D NotificationIconContainerStatusBarViewModel: current tint area is empty!!!
07-21 11:20:09.540  4627  4925 D NotificationIconContainerStatusBarViewModel: current tint area is empty!!!
07-21 11:20:09.540  4627  4918 D NotificationIconContainerStatusBarViewModel: current tint area is empty!!!
07-21 11:20:09.540  3233  7328 V WindowManager: Starting Transition 66, caller=com.android.server.wm.WindowOrganizerController.startTransition:43 com.android.server.wm.WindowOrganizerController.startTransition:1 android.window.IWindowOrganizerController$Stub.onTransact:268 
07-21 11:20:09.541  5038  5038 I HoneySpace.Launcher: !@Boot_EBS_D: Launcher.onPause()
07-21 11:20:09.541  5038  7575 I VRI[LauncherActivity]@16ceedf: mWNT: t=0xb40000720e857e00 mBlastBufferQueue=0xb400007185fef400 fn= 323 HdrRenderState mRenderHdrSdrRatio=1.0 caller= com.android.systemui.shared.launcher.ViewRootImplCompat.mergeWithNextTransaction:4 com.honeyspace.transition.utils.SurfaceTransactionApplier.scheduleApply$lambda$1:16 com.honeyspace.transition.utils.SurfaceTransactionApplier.b:0 
07-21 11:20:09.541  5038  7575 I VRI[LauncherActivity]@16ceedf: mWNT: t=0xb4000071bbc25000 mBlastBufferQueue=0xb400007185fef400 fn= 323 HdrRenderState mRenderHdrSdrRatio=1.0 caller= com.android.systemui.shared.launcher.ViewRootImplCompat.mergeWithNextTransaction:4 com.honeyspace.transition.utils.SurfaceTransactionApplier.scheduleApply$lambda$1:16 com.honeyspace.transition.utils.SurfaceTransactionApplier.b:0 
07-21 11:20:09.541  5038  7575 I VRI[LauncherActivity]@16ceedf: mWNT: t=0xb4000071bbc25200 mBlastBufferQueue=0xb400007185fef400 fn= 323 HdrRenderState mRenderHdrSdrRatio=1.0 caller= com.android.systemui.shared.launcher.ViewRootImplCompat.mergeWithNextTransaction:4 com.honeyspace.transition.utils.SurfaceTransactionApplier.scheduleApply$lambda$1:16 com.honeyspace.transition.utils.SurfaceTransactionApplier.b:0 
