07-21 11:20:09.283  4627  4750 I SurfaceControlRegistry: hide, t=FinishTransaction_SyncId<64> sc=Task=1#46, caller=android.view.SurfaceControl$Transaction.hide:3705 com.android.wm.shell.transition.Transitions.dispatchReady:1355 com.android.wm.shell.transition.Transitions$TransitionPlayerImpl$$ExternalSyntheticLambda1.run:284 android.os.Handler.handleCallback:1070 android.os.Handler.dispatchMessage:125 android.os.Looper.dispatchMessage:358 
07-21 11:20:09.283  3233  3296 D LocalDisplayAdapter: updateActiveModeLocked for d=4630947093241269891, mActiveModeId=1, mActiveSfDisplayMode=DisplayMode{id=0, width=1440, height=3088, xDpi=501.041, yDpi=502.789, peakRefreshRate=120.00001, vsyncRate=120.00001, appVsyncOffsetNanos=8333333, presentationDeadlineNanos=9233333, supportedHdrTypes=[4, 2, 3], group=1440}
07-21 11:20:09.283  4627  4750 I SurfaceControlRegistry: show, t=StartTransaction_SyncId<64> sc=Task=64904#694, caller=android.view.SurfaceControl$Transaction.show:3679 com.android.wm.shell.transition.Transitions.dispatchReady:1372 com.android.wm.shell.transition.Transitions$TransitionPlayerImpl$$ExternalSyntheticLambda1.run:284 android.os.Handler.handleCallback:1070 android.os.Handler.dispatchMessage:125 android.os.Looper.dispatchMessage:358 
07-21 11:20:09.283  4627  4750 I SurfaceControlRegistry: show, t=FinishTransaction_SyncId<64> sc=Task=64904#694, caller=android.view.SurfaceControl$Transaction.show:3679 com.android.wm.shell.transition.Transitions.dispatchReady:1470 com.android.wm.shell.transition.Transitions$TransitionPlayerImpl$$ExternalSyntheticLambda1.run:284 android.os.Handler.handleCallback:1070 android.os.Handler.dispatchMessage:125 android.os.Looper.dispatchMessage:358 
07-21 11:20:09.283  4627  4750 V WindowManagerShell: Playing animation for (#64) android.os.BinderProxy@2cb1576@0
07-21 11:20:09.283  4627  4750 I SurfaceControlRegistry: show, t=StartTransaction_SyncId<64> sc=Transition Root: Task=64904#696, caller=android.view.SurfaceControl$Transaction.show:3679 com.android.wm.shell.transition.Transitions.playTransition:78 com.android.wm.shell.transition.Transitions.processReadyQueue:296 com.android.wm.shell.transition.Transitions.dispatchReady:1492 com.android.wm.shell.transition.Transitions$TransitionPlayerImpl$$ExternalSyntheticLambda1.run:284 android.os.Handler.handleCallback:1070 
07-21 11:20:09.283  4627  4750 V WindowManagerShell:  try firstHandler com.android.wm.shell.transition.DefaultMixedHandler@db92536
07-21 11:20:09.283  4627  4750 V WindowManagerShell: Mixed transition for opening an intent with a remote transition and PIP or Desktop #64
07-21 11:20:09.283  4627  4750 V WindowManagerShell: tryAnimateOpenIntentWithRemoteAndPipOrDesktop
07-21 11:20:09.283  5038  5038 I HoneySpace.Launcher: updateLauncherShowing true -> false
07-21 11:20:09.283  4627  4750 V WindowManagerShell:  Delegate animation for (#64) to RemoteTransition { remoteTransition = android.window.IRemoteTransition$Stub$Proxy@a4b1302, appThread = null, debugName = QuickstepLaunchflags =NONE }
07-21 11:20:09.283  5038  5038 I HoneySpace.HotseatAdapter: updateDragOperator - HotseatOnHomeDragOperator
07-21 11:20:09.283  5038  5038 E HoneySpace.HotseatPot@41597922: Illegal access
07-21 11:20:09.283  4627  4750 D DefaultMixedTransition: handled to PiP or Desktop=true
07-21 11:20:09.283  4627  4750 V WindowManagerShell:  animated by firstHandler
07-21 11:20:09.284  1930  2013 I SurfaceFlinger: id=699 createSurf, flag=84000, Surface(name=Task=64904#694)/@0x8140eb7_transition-leash#699
07-21 11:20:09.284  3233  3296 D SGM:FgCheckThread: notePauseComponent(), received pkgName: com.sec.android.app.launcher, userId: 0
07-21 11:20:09.284  3233  3296 D SGM:GameManager: identifyGamePackage. com.sec.android.app.launcher, mCurrentUserId: 0, callingMethodInfo: com.samsung.android.game.SemGameManager.isGamePackage(SemGameManager.java:106)
07-21 11:20:09.284  3233  3296 D SGM:SemGameManager: isGamePackage(), pkgName=com.sec.android.app.launcher, ret=false
07-21 11:20:09.284  3233  3967 I CocktailBarManagerServiceContainer: handleMessage: entry what = 6
07-21 11:20:09.284  5038  5121 I HoneySpace.TopTaskSource: onTaskMovedToFront : taskId = 64904, displayId = 0
07-21 11:20:09.284  3233  3967 I CocktailBarManagerServiceImpl: notePauseComponent : no active host
07-21 11:20:09.285  5038  5123 I HoneySpace.TopTaskUseCase: topTasks 64904 ComponentInfo{com.penguenlabs.pushnote/com.penguenlabs.pushnote.features.MainActivity}[displayId=0]
07-21 11:20:09.285  3233  3977 D BackgroundInstallControlService: Package event received: 0
07-21 11:20:09.285  4627  4863 I VRI[pushnote]@c067c9b: setView = android.widget.FrameLayout@63a5f68 IsHRR=false mFlingFrameRateChange=0 TM=true
07-21 11:20:09.285  4627  4863 D ShellStartingWindow: Single thread mode: adding view immediately
07-21 11:20:09.285  5038  7366 I SurfaceControlRegistry: show, t=StartTransaction_SyncId<64> sc=Task=64904#694, caller=android.view.SurfaceControl$Transaction.show:3679 com.android.wm.shell.shared.i.a:146 com.android.wm.shell.shared.i.r:0 com.android.systemui.animation.RemoteAnimationTargetCompat.wrap:48 com.android.systemui.animation.RemoteAnimationTargetCompat.wrapApps:10 com.android.systemui.animation.RemoteAnimationRunnerCompat$1.startAnimation:28 
07-21 11:20:09.285  1930  2013 I SurfaceFlinger: id=700 createSurf, flag=84000, Surface(name=Task=1#46)/@0x2be358d_transition-leash#700
07-21 11:20:09.285  4627  4929 D HWUI    : HWUI - treat SMPTE_170M as sRGB
07-21 11:20:09.286  5038  7366 I SurfaceControlRegistry: show, t=StartTransaction_SyncId<64> sc=Task=1#46, caller=android.view.SurfaceControl$Transaction.show:3679 com.android.wm.shell.shared.i.a:146 com.android.wm.shell.shared.i.r:0 com.android.systemui.animation.RemoteAnimationTargetCompat.wrap:48 com.android.systemui.animation.RemoteAnimationTargetCompat.wrapApps:10 com.android.systemui.animation.RemoteAnimationRunnerCompat$1.startAnimation:28 
07-21 11:20:09.286  5038  7366 I SurfaceControlRegistry: apply, t=StartTransaction_SyncId<64>, caller=android.view.SurfaceControl$Transaction.apply:3581 android.view.SurfaceControl$Transaction.apply:3569 android.view.SurfaceControl$Transaction.apply:3519 com.android.systemui.animation.RemoteAnimationRunnerCompat$1.startAnimation:617 android.window.IRemoteTransition$Stub.onTransact:162 android.os.Binder.execTransactInternal:1514 
07-21 11:20:09.286  4627  4863 D WindowOnBackDispatcher: setTopOnBackInvokedCallback (unwrapped): android.view.ViewRootImpl$$ExternalSyntheticLambda16@25c7f81
07-21 11:20:09.286  5038  5255 I HoneySpace.RecentTasks: onRecentTasksChanged l:200546322
07-21 11:20:09.286  5038  7366 I HoneySpace.ShellAnimationRunner: [onAnimationStart] appTarget(0) : taskId-64904, mode-0
07-21 11:20:09.286  5038  7366 I HoneySpace.ShellAnimationRunner: cookie: 82691
07-21 11:20:09.286  5038  7366 I HoneySpace.ShellAnimationRunner: [onAnimationStart] appTarget(1) : taskId-1, mode-1
07-21 11:20:09.286  5038  5038 I HoneySpace.ShellAnimationRunner: this , com.honeyspace.transition.ShellAnimationRunner@52b5763
07-21 11:20:09.286  5038  5038 I HoneySpace.ShellTransitionManager: open animation start
07-21 11:20:09.286  5038  5038 I HoneySpace.ShellAnimationRunner: finishExistingAnimation, null
07-21 11:20:09.286  5038  5038 I HoneySpace.AppLaunchAnimationDelegate: onAnimationStart
07-21 11:20:09.286  5038  5038 I HoneySpace.AppLaunchAnimationDelegate: composeIconLaunchAnimator
07-21 11:20:09.286  5038  5038 I HoneySpace.AppLaunchAnimationDelegate: playAnim: translucent:false
07-21 11:20:09.286  5038  5038 I HoneySpace.Player: [Player:A(9.257)] lateTargetsSetup, id: 82691
07-21 11:20:09.286  5038  5038 I HoneySpace.AppLaunchAnimationDelegate: playFloatingIconAnim, appPlayer: 12190094
07-21 11:20:09.287  5038  5038 I HoneySpace.AppTransitionAnimationAwait: prepare refCnt:1 timeout:800
07-21 11:20:09.287  5038  5038 I HoneySpace.Player: [Player:A(9.257)] value animator:[247129547] started
07-21 11:20:09.287  5038  5038 I HoneySpace.AnimationResult: setAnimation, animation: false
07-21 11:20:09.287  5038  5038 I HoneySpace.HoneySystemControllerImpl: isRecentsActivityIdleState false
07-21 11:20:09.287  3233  3264 D CoreBackPreview: Window{68ba9e3 u0 Splash Screen com.penguenlabs.pushnote}: Setting back callback OnBackInvokedCallbackInfo{mCallback=android.window.IOnBackInvokedCallback$Stub$Proxy@ec77f55, mPriority=0, mIsAnimationCallback=false, mOverrideBehavior=0}
07-21 11:20:09.287  3233  4435 I WindowManager: Relayout Window{68ba9e3 u0 Splash Screen com.penguenlabs.pushnote}: viewVisibility=0 req=1440x3088 ty=3 d0
07-21 11:20:09.287  1930  2012 I SurfaceFlinger: id=701 createSurf, flag=44004, Splash Screen com.penguenlabs.pushnote$_4627#701
07-21 11:20:09.288  3233  4435 D WindowManager: makeSurface duration=1 name=Splash Screen com.penguenlabs.pushnote$_4627
07-21 11:20:09.288  4627  4750 D ShellDesktopMode: DesktopRepository: Removes freeform task: taskId=64903
07-21 11:20:09.288  4627  4750 W ShellDesktopMode: DesktopRepository: No display id found for task: taskId=64903
07-21 11:20:09.289  3233  4435 D WindowManager: updateSystemBarAttributes: displayId=0, focusedCanBeNavColorWin=false, win=Window{ba96f2d u0 com.sec.android.app.launcher/com.sec.android.app.launcher.activities.LauncherActivity}, navColorWin=Window{68ba9e3 u0 Splash Screen com.penguenlabs.pushnote}, caller=com.android.server.wm.DisplayPolicy.finishPostLayoutPolicyLw:17 com.android.server.wm.RootWindowContainer.applySurfaceChangesTransaction$1:188 com.android.server.wm.RootWindowContainer.performSurfacePlacement:59 
07-21 11:20:09.289  3233  4435 D WindowManager: updateSystemBarAttributes, bhv=2, apr=16, statusBarAprRegions=[AppearanceRegion{LIGHT_STATUS_BARS bounds=[0,0][1440,3088]}], requestedVisibilities=503
07-21 11:20:09.289  1930  1930 I SurfaceFlinger: RequestedLayer [68ba9e3 Splash Screen com.penguenlabs.pushnote#698] hidden!! flag  from(1) --> to(0)
07-21 11:20:09.289  1930  1930 I SurfaceFlinger: RequestedLayer [Task=64904#694] hidden!! flag  from(1) --> to(0)
07-21 11:20:09.289  1930  1930 I SurfaceFlinger: RequestedLayer [Transition Root: Task=64904#696] hidden!! flag  from(1) --> to(0)
07-21 11:20:09.289  1930  1930 I SurfaceFlinger: RequestedLayer [ActivityRecord{101798992 u0 com.peng[...]e/.features.MainActivity t64904}#695] hidden!! flag  from(1) --> to(0)
07-21 11:20:09.289  1930  1930 E SurfaceFlinger: alpha changed 1.000 -> 0.000 - Surface(name=Task=64904#694)/@0x8140eb7_transition-leash#699
07-21 11:20:09.289  1930  1930 I SurfaceFlinger: [LayerHierarchy{RequestedLayerState{ImeContainer#15 parentId=110 relativeParentId=110 z=1} 1 children}] RelativeParent to null
07-21 11:20:09.289  3233  4435 D WindowManager: Changing focus from Window{ba96f2d u0 com.sec.android.app.launcher/com.sec.android.app.launcher.activities.LauncherActivity} to null displayId=0 Callers=com.android.server.wm.WindowManagerService.relayoutWindow:1350 com.android.server.wm.Session.relayout:30 android.view.IWindowSession$Stub.onTransact:840 com.android.server.wm.Session.onTransact:1 
07-21 11:20:09.289  1930  1930 I SurfaceFlinger: [LayerHierarchy{RequestedLayerState{Task=1#46 parentId=700} 2 children}] reparent to LayerHierarchy{RequestedLayerState{Surface(name=Task=1#46)/@0x2be358d_transition-leash#700 parentId=696 z=1} 1 children}
07-21 11:20:09.289  4627  4627 D SamsungLightBarControlHelper: updateStatusBar (BLACK icon) numStacks:1, StatusBarMode:MODE_TRANSPARENT, lightBarBounds:[Rect(0, 0 - 1440, 3088)], StatusBarState:SHADE, packageName:, isWhiteKeyguardStatusBar:false
07-21 11:20:09.289  1930  1930 I SurfaceFlinger: [LayerHierarchy{RequestedLayerState{Task=64904#694 parentId=699} 1 children}] reparent to LayerHierarchy{RequestedLayerState{Surface(name=Task=64904#694)/@0x8140eb7_transition-leash#699 parentId=696 z=4} 1 children}
07-21 11:20:09.289  1930  1930 I SurfaceFlinger: [Surface(name=Task=64904#694)/@0x8140eb7_transition-leash#699] attach to parent LayerHierarchy{RequestedLayerState{Transition Root: Task=64904#696 parentId=10 z=6} 1 children}
07-21 11:20:09.289  1930  1930 I SurfaceFlinger: [Surface(name=Task=1#46)/@0x2be358d_transition-leash#700] attach to parent LayerHierarchy{RequestedLayerState{Transition Root: Task=64904#696 parentId=10 z=6} 2 children}
07-21 11:20:09.290  1930  1930 I SurfaceFlinger: [Splash Screen com.penguenlabs.pushnote$_4627#701] attach to parent LayerHierarchy{RequestedLayerState{68ba9e3 Splash Screen com.penguenlabs.pushnote#698 parentId=695 z=2147483647} 1 children}
07-21 11:20:09.290  4627  4627 D SamsungLightBarControlHelper: onStatusBarAppearanceChanged() -  sbModeChanged:false, statusBarMode:0, barState:MODE_TRANSPARENT, isKeyguardShowing:false, navbarColorManagedByIme:false, (AppearanceRegion{LIGHT_STATUS_BARS bounds=[0,0][1440,3088]}, )
07-21 11:20:09.290  3233  4435 I WindowManager: Cancelling animation restarting=true, leash=Surface(name=Surface(name=f0f7660 NavigationBar0#74)/@0xea60ac0 - animation-leash of insets_animation#690)/@0xbf3585f
07-21 11:20:09.290  3233  4435 I WindowManager: Reparenting to original parent: Surface(name=WindowToken{a9b7a63 type=2019 android.os.BinderProxy@cc15ef4}#73)/@0x47943f9, destroy=false, surface=Surface(name=f0f7660 NavigationBar0#74)/@0xea60ac0
07-21 11:20:09.290  3233  4435 I WindowManager: Reparenting to leash, surface=Surface(name=f0f7660 NavigationBar0#74)/@0xea60ac0, leashParent=Surface(name=WindowToken{a9b7a63 type=2019 android.os.BinderProxy@cc15ef4}#73)/@0x47943f9
07-21 11:20:09.290  1930  2012 I SurfaceFlinger: id=702 createSurf, flag=24000, Surface(name=f0f7660 NavigationBar0#74)/@0xea60ac0 - animation-leash of insets_animation#702
07-21 11:20:09.290  5038  5038 I HoneySpace.IconView: setIconVisible : visible-false, currentForceHideBadge-false, label-QiPushNote, itemId-82691
07-21 11:20:09.290  5038  5038 I HoneySpace.IconView: updateInvisibleState false APP_CLOSING current:0 new:2 label:QiPushNote itemId:82691
07-21 11:20:09.290  5038  5038 I HoneySpace.AppLaunchAnimationDelegate: hasWallpaperFlags:false
07-21 11:20:09.290  5038  5038 I HoneySpace.ContentsAnimator: from : 0.0
07-21 11:20:09.290  5038  5038 I HoneySpace.ContentsAnimator: ContentsAnimator start [221672641]
07-21 11:20:09.290  5038  5038 I HoneySpace.WorkspaceViewModel: StartContentAnimation, type: AppLaunch, inProgress: true
07-21 11:20:09.290  3233  4435 D WindowManager: makeSurface duration=0 leash=Surface(name=Surface(name=f0f7660 NavigationBar0#74)/@0xea60ac0 - animation-leash of insets_animation#702)/@0xbcdbbd1
07-21 11:20:09.291  3233  4435 D InsetsSourceProvider: updateControlForTarget: control=InsetsSourceControl: {5bc70001 mType=navigationBars initiallyVisible mSurfacePosition=Point(0, 2908) mInsetsHint=Insets{left=0, top=0, right=0, bottom=56}}, target=Window{68ba9e3 u0 Splash Screen com.penguenlabs.pushnote}, from=com.android.server.wm.InsetsStateController.onControlTargetChanged:82 com.android.server.wm.InsetsPolicy.updateBarControlTarget:216 com.android.server.wm.DisplayPolicy.updateSystemBarAttributes:439 com.android.server.wm.WindowManagerService.updateFocusedWindowLocked:358 com.android.server.wm.WindowManagerService.relayoutWindow:1350 
07-21 11:20:09.291  3233  4435 I WindowManager: Cancelling animation restarting=true, leash=Surface(name=Surface(name=a9cf450 StatusBar#81)/@0x20ec19f - animation-leash of insets_animation#691)/@0x7f27b75
07-21 11:20:09.291  3233  4435 I WindowManager: Reparenting to original parent: Surface(name=WindowToken{e797a13 type=2000 android.os.BinderProxy@93b224d}#80)/@0xf4112ec, destroy=false, surface=Surface(name=a9cf450 StatusBar#81)/@0x20ec19f
07-21 11:20:09.291  3233  4435 I WindowManager: Reparenting to leash, surface=Surface(name=a9cf450 StatusBar#81)/@0x20ec19f, leashParent=Surface(name=WindowToken{e797a13 type=2000 android.os.BinderProxy@93b224d}#80)/@0xf4112ec
07-21 11:20:09.291  1930  2013 I SurfaceFlinger: id=703 createSurf, flag=24000, Surface(name=a9cf450 StatusBar#81)/@0x20ec19f - animation-leash of insets_animation#703
07-21 11:20:09.291  3233  4435 D WindowManager: makeSurface duration=0 leash=Surface(name=Surface(name=a9cf450 StatusBar#81)/@0x20ec19f - animation-leash of insets_animation#703)/@0xa746ea4
07-21 11:20:09.291  3233  4435 D InsetsSourceProvider: updateControlForTarget: control=InsetsSourceControl: {e7980000 mType=statusBars initiallyVisible mSurfacePosition=Point(0, 0) mInsetsHint=Insets{left=0, top=125, right=0, bottom=0}}, target=Window{68ba9e3 u0 Splash Screen com.penguenlabs.pushnote}, from=com.android.server.wm.InsetsStateController.onControlTargetChanged:82 com.android.server.wm.InsetsPolicy.updateBarControlTarget:203 com.android.server.wm.DisplayPolicy.updateSystemBarAttributes:439 com.android.server.wm.WindowManagerService.updateFocusedWindowLocked:358 com.android.server.wm.WindowManagerService.relayoutWindow:1350 
07-21 11:20:09.292  3233  4435 D WindowManager: updateSystemBarAttributes: displayId=0, focusedCanBeNavColorWin=false, win=Window{68ba9e3 u0 Splash Screen com.penguenlabs.pushnote}, navColorWin=Window{68ba9e3 u0 Splash Screen com.penguenlabs.pushnote}, caller=com.android.server.wm.WindowManagerService.updateFocusedWindowLocked:358 com.android.server.wm.WindowManagerService.relayoutWindow:1350 com.android.server.wm.Session.relayout:30 
07-21 11:20:09.292  3233  4435 D WindowManager: updateSystemBarAttributes, bhv=1, apr=24, statusBarAprRegions=[AppearanceRegion{LIGHT_STATUS_BARS bounds=[0,0][1440,3088]}], requestedVisibilities=503
07-21 11:20:09.292  4627  4627 D NavigationBar: onSystemBarAttributesChanged() -  displayId:0, appearance:24, packageName: com.penguenlabs.pushnote (APPEARANCE_LIGHT_STATUS_BARS APPEARANCE_LIGHT_NAVIGATION_BARS ), navbarColorManagedByIme:false
07-21 11:20:09.292  3233  4435 V SystemKeyManager: updateFocusedWindow() is called, 
07-21 11:20:09.292  3233  4435 I WindowManager: Relayout hash=68ba9e3, pid=4627, syncId=-1: mAttrs={(0,0)(fillxfill) sim={adjust=pan} ty=APPLICATION_STARTING fmt=TRANSLUCENT wanim=0x1030000
07-21 11:20:09.292  3233  4435 I WindowManager:   fl=81030118
07-21 11:20:09.292  3233  4435 I WindowManager:   pfl=10000010
07-21 11:20:09.292  3233  4435 I WindowManager:   apr=18
07-21 11:20:09.292  3233  4435 I WindowManager:   bhv=1
07-21 11:20:09.292  3233  4435 I WindowManager:   fitSides=0
07-21 11:20:09.292  3233  4435 I WindowManager:   frameRateBoostOnTouch=true
07-21 11:20:09.292  3233  4435 I WindowManager:   dvrrWindowFrameRateHint=true naviIconColor=0}
07-21 11:20:09.293  3233  7328 D InputDispatcher: Focus left window (0): ba96f2d com.sec.android.app.launcher/com.sec.android.app.launcher.activities.LauncherActivity
07-21 11:20:09.293  3233  3296 I DisplayDeviceRepository: Display device changed render timings: "内置屏幕", renderFrameRate=120.00001, presentationDeadlineNanos=9233333, appVsyncOffsetNanos=100000, frameRateOverrides=[{uid=10036 frameRateHz=120.00001}, {uid=10129 frameRateHz=120.00001}, {uid=10285 frameRateHz=120.00001}]
07-21 11:20:09.294  4627  4863 W libc    : Access denied finding property "vendor.display.enable_optimal_refresh_rate"
07-21 11:20:09.294  4627  4863 I BufferQueueProducer: [](id:121300000025,api:0,p:-1,c:4627) setDequeueTimeout:2077252342
07-21 11:20:09.294  4627  4863 I BLASTBufferQueue_Java: new BLASTBufferQueue, mName= VRI[pushnote]@c067c9b mNativeObject= 0xb40000721a4fc000 caller= android.view.ViewRootImpl.updateBlastSurfaceIfNeeded:3603 android.view.ViewRootImpl.relayoutWindow:11813 android.view.ViewRootImpl.performTraversals:4840 android.view.ViewRootImpl.doTraversal:3959 android.view.ViewRootImpl$TraversalRunnable.run:13034 android.view.Choreographer$CallbackRecord.run:1961 android.view.Choreographer$CallbackRecord.run:1970 android.view.Choreographer.doCallbacks:1423 android.view.Choreographer.doFrame:1348 android.view.Choreographer$FrameDisplayEventReceiver.run:1930 
07-21 11:20:09.294  4627  4863 I BLASTBufferQueue_Java: update, w= 1440 h= 3088 mName = VRI[pushnote]@c067c9b mNativeObject= 0xb40000721a4fc000 sc.mNativeObject= 0xb4000071ce6a6ac0 format= -3 caller= android.view.ViewRootImpl.updateBlastSurfaceIfNeeded:3608 android.view.ViewRootImpl.relayoutWindow:11813 android.view.ViewRootImpl.performTraversals:4840 android.view.ViewRootImpl.doTraversal:3959 android.view.ViewRootImpl$TraversalRunnable.run:13034 android.view.Choreographer$CallbackRecord.run:1961 
07-21 11:20:09.294  3233  4435 I WindowManager: Reparenting to leash, surface=Surface(name=RemoteWallpaperAnim:1:1#7)/@0x7e42758, leashParent=Surface(name=OneHanded:0:14#4)/@0x631c0b1
07-21 11:20:09.294  4627  4863 W libc    : Access denied finding property "vendor.display.enable_optimal_refresh_rate"
07-21 11:20:09.294  1930  4764 I SurfaceFlinger: id=704 createSurf, flag=24000, Surface(name=RemoteWallpaperAnim:1:1#7)/@0x7e42758 - animation-leash of remote_wallpaper#704
07-21 11:20:09.294  4627  4863 I VRI[pushnote]@c067c9b: Relayout returned: old=(0,0,1440,3088) new=(0,0,1440,3088) relayoutAsync=false req=(1440,3088)0 dur=6 res=0x3 s={true 0xb400007351c46600} ch=true seqId=0
07-21 11:20:09.295  4627  4863 I VRI[pushnote]@c067c9b: performConfigurationChange setNightDimText nightDimLevel=0
07-21 11:20:09.295  4627  4750 D ShellDesktopMode: DesktopRepository: Removes freeform task: taskId=64903
07-21 11:20:09.295  4627  4750 W ShellDesktopMode: DesktopRepository: No display id found for task: taskId=64903
07-21 11:20:09.295  3233  4435 D WindowManager: makeSurface duration=1 leash=Surface(name=Surface(name=RemoteWallpaperAnim:1:1#7)/@0x7e42758 - animation-leash of remote_wallpaper#704)/@0x2aad1d3
07-21 11:20:09.295  4627  4863 D VRI[pushnote]@c067c9b: mThreadedRenderer.initialize() mSurface={isValid=true 0xb400007351c46600} hwInitialized=true
07-21 11:20:09.295  3233  4435 D WindowManager: startAnimation for remote wallpaper, leash=Surface(name=Surface(name=RemoteWallpaperAnim:1:1#7)/@0x7e42758 - animation-leash of remote_wallpaper#704)/@0x2aad1d3
07-21 11:20:09.295  3233  4435 D WindowManager: startRemoteWallpaperAnimation, d=0, leash=Surface(name=Surface(name=RemoteWallpaperAnim:1:1#7)/@0x7e42758 - animation-leash of remote_wallpaper#704)/@0x2aad1d3
07-21 11:20:09.295  4627  4863 D VRI[pushnote]@c067c9b: reportNextDraw android.view.ViewRootImpl.performTraversals:5507 android.view.ViewRootImpl.doTraversal:3959 android.view.ViewRootImpl$TraversalRunnable.run:13034 android.view.Choreographer$CallbackRecord.run:1961 android.view.Choreographer$CallbackRecord.run:1970 
07-21 11:20:09.295  4627  4863 D VRI[pushnote]@c067c9b: Setup new sync=wmsSync-VRI[pushnote]@c067c9b#96
07-21 11:20:09.295  4627  4863 I VRI[pushnote]@c067c9b: Creating new active sync group VRI[pushnote]@c067c9b#97
07-21 11:20:09.296  5038  5038 I HoneySpace.SystemUiRepository: systemUiFlags: allow_gesture|awake
07-21 11:20:09.296  4627  4863 D VRI[pushnote]@c067c9b: registerCallbacksForSync syncBuffer=false
07-21 11:20:09.296  5038  5255 I HoneySpace.RecentTasks: onRecentTasksChanged l:200546322
07-21 11:20:09.296  5038  8014 I HoneySpace.HistoryViewModel@227649884@HomeOnly: Illegal access. Unknown type. skip load history items
07-21 11:20:09.297  4627  4627 D DisplayLifecycle: updateDisplay id = 0
07-21 11:20:09.297  4627  4928 D VRI[pushnote]@c067c9b: Received frameDrawingCallback syncResult=0 frameNum=1.
07-21 11:20:09.298  4627  4928 I VRI[pushnote]@c067c9b: mWNT: t=0xb400007351e64200 mBlastBufferQueue=0xb40000721a4fc000 fn= 1 HdrRenderState mRenderHdrSdrRatio=1.0 caller= android.view.ViewRootImpl$12.onFrameDraw:15561 android.view.ThreadedRenderer$1.onFrameDraw:751 <bottom of call stack> 
07-21 11:20:09.298  4627  4928 I VRI[pushnote]@c067c9b: Setting up sync and frameCommitCallback
07-21 11:20:09.298  5038  5038 I HoneySpace.Player: [Player:A(9.257)] container x: 1132.6367, y: 207.90092, scale : 0.1709833
07-21 11:20:09.298  1930  1930 I SurfaceFlinger: [LayerHierarchy{RequestedLayerState{f0f7660 NavigationBar0#74 parentId=702} 1 children}] reparent to LayerHierarchy{RequestedLayerState{Surface(name=f0f7660 NavigationBar0#74)/@0xea60ac0 - animation-leash of insets_animation#702 parentId=73} 1 children}
07-21 11:20:09.298  1930  1930 I SurfaceFlinger: [LayerHierarchy{RequestedLayerState{a9cf450 StatusBar#81 parentId=703} 1 children}] reparent to LayerHierarchy{RequestedLayerState{Surface(name=a9cf450 StatusBar#81)/@0x20ec19f - animation-leash of insets_animation#703 parentId=80} 1 children}
07-21 11:20:09.298  1930  1930 I SurfaceFlinger: [LayerHierarchy{RequestedLayerState{Surface(name=f0f7660 NavigationBar0#74)/@0xea60ac0 - animation-leash of insets_animation#690} no children}] reparent to OffscreenRoot
07-21 11:20:09.298  1930  1930 I SurfaceFlinger: [LayerHierarchy{RequestedLayerState{Surface(name=f0f7660 NavigationBar0#74)/@0xea60ac0 - animation-leash of insets_animation#690} no children}] RelativeParent to null
07-21 11:20:09.298  1930  1930 I SurfaceFlinger: [LayerHierarchy{RequestedLayerState{Surface(name=a9cf450 StatusBar#81)/@0x20ec19f - animation-leash of insets_animation#691} no children}] reparent to OffscreenRoot
07-21 11:20:09.298  1930  1930 I SurfaceFlinger: [LayerHierarchy{RequestedLayerState{Surface(name=a9cf450 StatusBar#81)/@0x20ec19f - animation-leash of insets_animation#691} no children}] RelativeParent to null
07-21 11:20:09.298  1930  1930 I SurfaceFlinger: [Surface(name=f0f7660 NavigationBar0#74)/@0xea60ac0 - animation-leash of insets_animation#702] attach to parent LayerHierarchy{RequestedLayerState{WindowToken{a9b7a63 type=2019 android.os.BinderProxy@cc15ef4}#73 parentId=30} 1 children}
07-21 11:20:09.298  1930  1930 I SurfaceFlinger: [Surface(name=a9cf450 StatusBar#81)/@0x20ec19f - animation-leash of insets_animation#703] attach to parent LayerHierarchy{RequestedLayerState{WindowToken{e797a13 type=2000 android.os.BinderProxy@93b224d}#80 parentId=17} 1 children}
07-21 11:20:09.298  1930  1930 I SurfaceFlinger: [Surface(name=RemoteWallpaperAnim:1:1#7)/@0x7e42758 - animation-leash of remote_wallpaper#704] attach to parent LayerHierarchy{RequestedLayerState{OneHanded:0:14#4 parentId=3} 4 children}
07-21 11:20:09.298  4627  4929 I BLASTBufferQueue: [VRI[pushnote]@c067c9b#35](f:0,a:0,s:0) onFrameAvailable the first frame is available
07-21 11:20:09.298  4627  4929 I SurfaceComposerClient: apply transaction with the first frame. layerId: 701, bufferData(ID: 19872813678840, frameNumber: 1)
07-21 11:20:09.298  1930  4764 I SurfaceFlinger: [Splash Screen com.penguenlabs.pushnote$_4627#701] setTransactionState with the first frame. bufferData(ID: 19872813678840, frameNumber: 1)
07-21 11:20:09.298  4627  4929 I VRI[pushnote]@c067c9b: Received frameCommittedCallback lastAttemptedDrawFrameNum=1 didProduceBuffer=true
07-21 11:20:09.299  5038  5038 I ImeFocusController: onPreWindowFocus: skipped hasWindowFocus=false mHasImeFocus=true
07-21 11:20:09.299  3233  3298 I SurfaceControl: apply, lowDebugName=startRemoteWallpaperAnimation_182178064, caller=android.view.SurfaceControl$Transaction.apply:3569 android.view.SurfaceControl$Transaction.apply:3519 com.android.server.wm.WindowAnimator.animate:468 com.android.server.wm.WindowAnimator$$ExternalSyntheticLambda1.doFrame:14 android.view.Choreographer$CallbackRecord.run:1959 android.view.Choreographer$CallbackRecord.run:1970 
07-21 11:20:09.299  5038  7574 I VRI[LauncherActivity]@16ceedf: mWNT: t=0xb40000717e35f000 mBlastBufferQueue=0xb400007185fef400 fn= 294 HdrRenderState mRenderHdrSdrRatio=1.0 caller= com.android.systemui.shared.launcher.ViewRootImplCompat.mergeWithNextTransaction:4 com.honeyspace.transition.utils.SurfaceTransactionApplier.scheduleApply$lambda$1:16 com.honeyspace.transition.utils.SurfaceTransactionApplier.b:0 
07-21 11:20:09.299  3233  7328 I InputMethodManagerService: isAccessoryKeyboard 0
07-21 11:20:09.299  5038  5038 I ImeFocusController: onPostWindowFocus: skipped hasWindowFocus=false mHasImeFocus=true
07-21 11:20:09.299  4627  4904 D StackScroller: onDisplayChanged for predraw skip to 2
07-21 11:20:09.299  3233  4435 D WifiDisplayAdapter: isFitToActiveDisplayLocked : false
07-21 11:20:09.300  5038  5129 I HoneySpace.TaskbarEventTracker: invokeEvent() called with: event = SystemUiStateChanged(stateFlags=268566528, displayId=0)
07-21 11:20:09.300  1711  1711 D Zygote  : Forked child process 29657
07-21 11:20:09.300  4627  4929 D HWUI    : CFMS:: SetUp Pid : 4627    Tid : 4929
07-21 11:20:09.300  4627  4863 D VRI[pushnote]@c067c9b: reportDrawFinished seqId=0
07-21 11:20:09.300  3233  3266 D WindowManager: finishDrawingWindow: Window{68ba9e3 u0 Splash Screen com.penguenlabs.pushnote} mDrawState=DRAW_PENDING seqId=0
07-21 11:20:09.301  3233  3266 V WindowManager: Finishing drawing window Window{68ba9e3 u0 Splash Screen com.penguenlabs.pushnote}: mDrawState=DRAW_PENDING
07-21 11:20:09.301  3233  3266 V WindowManager: Draw state now committed in Window{68ba9e3 u0 Splash Screen com.penguenlabs.pushnote}
07-21 11:20:09.301  4627  4863 I InsetsSourceConsumer: applyRequestedVisibilityToControl: visible=true, type=navigationBars, host=Splash Screen com.penguenlabs.pushnote
07-21 11:20:09.301  4627  4863 I InsetsSourceConsumer: applyRequestedVisibilityToControl: visible=true, type=statusBars, host=Splash Screen com.penguenlabs.pushnote
07-21 11:20:09.301  3233  3298 V WindowManager: performShowLocked: mDrawState=HAS_DRAWN in Window{68ba9e3 u0 Splash Screen com.penguenlabs.pushnote}
07-21 11:20:09.302  3233  5439 D SSRM:ProcessRestrictionManager: slowdown: stop
07-21 11:20:09.302  4627  4750 V ShellTaskOrganizer: Task appeared taskId=64904 listener=FullscreenTaskListener
07-21 11:20:09.302  4627  4750 V ShellTaskOrganizer: Fullscreen Task Appeared: #64904
07-21 11:20:09.302  3233 29621 W System.err: java.lang.InterruptedException
07-21 11:20:09.302  3233 29621 W System.err: 	at java.lang.Thread.sleep(Native Method)
07-21 11:20:09.302  3233 29621 W System.err: 	at java.lang.Thread.sleep0(Thread.java:681)
07-21 11:20:09.302  3233 29621 W System.err: 	at java.lang.Thread.sleep(Thread.java:659)
07-21 11:20:09.302  3233 29621 W System.err: 	at java.lang.Thread.sleep(Thread.java:572)
07-21 11:20:09.302  3233 29621 W System.err: 	at com.android.server.ssrm.ProcessRestrictionManager$SlowdownRunnable.run(ProcessRestrictionManager.java:306)
07-21 11:20:09.302  3233 29621 W System.err: 	at java.lang.Thread.run(Thread.java:1564)
07-21 11:20:09.302  5038 26803 I HoneySpace.RecentTasks: onRunningTaskAppeared
07-21 11:20:09.304  6518  6530 V OsAgent : broadcastSystemEvent - 7
07-21 11:20:09.304  5038  5255 I HoneySpace.RecentTasks: onRecentTasksChanged l:200546322
07-21 11:20:09.304  5038 26803 I HoneySpace.HistoryViewModel@227649884@HomeOnly: Illegal access. Unknown type. skip load history items
07-21 11:20:09.305  3233  3353 I ActivityManager: Start proc 29657:com.penguenlabs.pushnote/u0a51 for top-activity {com.penguenlabs.pushnote/com.penguenlabs.pushnote.features.MainActivity}
07-21 11:20:09.306  1930  1930 I SurfaceFlinger: [LayerHierarchy{RequestedLayerState{RemoteWallpaperAnim:1:1#7 parentId=704 z=1} 1 children}] reparent to LayerHierarchy{RequestedLayerState{Surface(name=RemoteWallpaperAnim:1:1#7)/@0x7e42758 - animation-leash of remote_wallpaper#704 parentId=4} 1 children}
07-21 11:20:09.306  5038  5038 I HoneySpace.Player: [Player:A(9.257)] container x: 1059.4213, y: 194.46187, scale : 0.22457224
07-21 11:20:09.307  5038  7575 I VRI[LauncherActivity]@16ceedf: mWNT: t=0xb40000717e35f200 mBlastBufferQueue=0xb400007185fef400 fn= 295 HdrRenderState mRenderHdrSdrRatio=1.0 caller= com.android.systemui.shared.launcher.ViewRootImplCompat.mergeWithNextTransaction:4 com.honeyspace.transition.utils.SurfaceTransactionApplier.scheduleApply$lambda$1:16 com.honeyspace.transition.utils.SurfaceTransactionApplier.b:0 
07-21 11:20:09.307  5038 26803 I HoneySpace.Memory-Monitor: current state = 2, didTrim = false
07-21 11:20:09.307  1930  4758 I SurfaceFlinger: id=690 Removed Surface(name=f0f7660 NavigationBar0#74)/@0xea60ac0 - animation-leash of insets_animation#690 (153)
07-21 11:20:09.307  1930  4764 I SurfaceFlinger: id=691 Removed Surface(name=a9cf450 StatusBar#81)/@0x20ec19f - animation-leash of insets_animation#691 (153)
07-21 11:20:09.308  3233  3296 D WindowManager: mRunner#onAnimationStart for remote wallpaper=[android.view.RemoteAnimationTarget@210a84b], transaction=startRemoteWallpaperAnimation_182178064
07-21 11:20:09.308  5038  5050 I HoneySpace.WallpaperAnimator: onAnimationStart, wallpapers: Surface(name=Surface(name=RemoteWallpaperAnim:1:1#7)/@0x7e42758 - animation-leash of remote_wallpaper#704)/@0x5f9d09f
07-21 11:20:09.308  5038  8014 I HoneySpace.HistoryViewModel@227649884@HomeOnly: Illegal access. Unknown type. skip load history items
07-21 11:20:09.308  5038  5038 I HoneySpace.WallpaperAnimator: startWallpaperAnimation, isOpen-true, from:1.0, to:1.3, duration:800, startFromLock=false
07-21 11:20:09.308  5038  5038 I HoneySpace.WallpaperAnimator: wallpaper animation start [48788972]
07-21 11:20:09.314  1930  1930 I SurfaceFlinger: RequestedLayer [Splash Screen com.penguenlabs.pushnote$_4627#701] hidden!! flag  from(1) --> to(0)
07-21 11:20:09.314  1930  1930 E SurfaceFlinger: alpha changed 0.000 -> 0.681 - Surface(name=Task=64904#694)/@0x8140eb7_transition-leash#699
07-21 11:20:09.314  1930  1930 I SurfaceFlinger: destroyed Surface(name=f0f7660 NavigationBar0#74)/@0xea60ac0 - animation-leash of insets_animation#690 form LifecycleManager
07-21 11:20:09.314  1930  1930 I SurfaceFlinger: destroyed Surface(name=a9cf450 StatusBar#81)/@0x20ec19f - animation-leash of insets_animation#691 form LifecycleManager
07-21 11:20:09.314  1930  1930 I SurfaceFlinger: id=690 onLayerDestroyed from LayerHierarchyBuilder(RequestedLayerState{Surface(name=f0f7660 NavigationBar0#74)/@0xea60ac0 - animation-leash of insets_animation#690 !handle})
07-21 11:20:09.314  1930  1930 I SurfaceFlinger: id=691 onLayerDestroyed from LayerHierarchyBuilder(RequestedLayerState{Surface(name=a9cf450 StatusBar#81)/@0x20ec19f - animation-leash of insets_animation#691 !handle})
07-21 11:20:09.314  5038  5038 I HoneySpace.Player: [Player:A(9.257)] container x: 974.2923, y: 178.83604, scale : 0.2868812
07-21 11:20:09.315  1930  1930 I SurfaceFlinger: id=690 Destroyed Surface(name=f0f7660 NavigationBar0#74)/@0xea60ac0 - animation-leash of insets_animation#690
07-21 11:20:09.315  1930  1930 I SurfaceFlinger: id=691 Destroyed Surface(name=a9cf450 StatusBar#81)/@0x20ec19f - animation-leash of insets_animation#691
07-21 11:20:09.315  5038  7575 I VRI[LauncherActivity]@16ceedf: mWNT: t=0xb40000717e35f600 mBlastBufferQueue=0xb400007185fef400 fn= 296 HdrRenderState mRenderHdrSdrRatio=1.0 caller= com.android.systemui.shared.launcher.ViewRootImplCompat.mergeWithNextTransaction:4 com.honeyspace.transition.utils.SurfaceTransactionApplier.scheduleApply$lambda$1:16 com.honeyspace.transition.utils.SurfaceTransactionApplier.b:0 
07-21 11:20:09.317  1930  1930 D SurfaceFlinger: Display 4630947093241269891 HWC layers:
07-21 11:20:09.317  1930  1930 D SurfaceFlinger:        DEVICE |           19224273616901 | 00000100 | RGBA_8888    |    0.0    0.0 1440.0 3088.0 |    0    0 1440 3088 | Wallpaper BBQ wrapper 7_systemlock#56 (1222)
07-21 11:20:09.317  1930  1930 D SurfaceFlinger:        DEVICE |           21638045237311 | 00002100 | RGBA_8888    |    0.0    0.0 1440.0 3088.0 |    0    0 1440 3088 | com.sec.android.app.launcher/com.sec[...]ctivities.LauncherActivity$_5038#668 (295)
07-21 11:20:09.317  1930  1930 D SurfaceFlinger:        CLIENT |           19872813678840 | 00002100 | RGBA_8888    |    0.0    0.0 1440.0 2321.0 | 1059  194 1383  716 | Splash Screen com.penguenlabs.pushnote$_4627#701 (1)
07-21 11:20:09.317  1930  1930 D SurfaceFlinger:        DEVICE |           19872813678760 | 00002100 | RGBA_8888    |    0.0    0.0 1440.0  125.0 |    0    0 1440  125 | StatusBar$_4627#90 (1738)
07-21 11:20:09.317  1930  1930 D SurfaceFlinger:        DEVICE |           19872813678808 | 00002100 | RGBA_8888    |    0.0    0.0 1440.0  180.0 |    0 2908 1440 3088 | NavigationBar0$_4627#86 (372)
07-21 11:20:09.317  1930  1930 D SurfaceFlinger: 
07-21 11:20:09.317  1930  5347 D NativeSemDvfsManager: acquire:: timeout = 2000 mIsAcquired = 1  mTagName : SurfaceFlinger 
07-21 11:20:09.318  1930  5347 E NativeCustomFrequencyManager: [NativeCFMS] BpCustomFrequencyManager::acquire()
07-21 11:20:09.318  1787  1800 I HYPER-HAL: [RequestManager.cpp]acquire(): Acquired ID : 4294915  [1930 / 1000]    HINT : SF_GPU_MINLOCK    list : [TIMEOUT / 2000] 
07-21 11:20:09.321 29657 29657 I Zygote  : Process 29657 created for com.penguenlabs.pushnote
07-21 11:20:09.322 29657 29657 I enlabs.pushnote: Using CollectorTypeCMC GC.
07-21 11:20:09.323  5038  5038 I HoneySpace.Player: [Player:A(9.257)] container x: 896.2933, y: 164.51895, scale : 0.34397137
07-21 11:20:09.324  5038  7574 I VRI[LauncherActivity]@16ceedf: mWNT: t=0xb40000717e35f800 mBlastBufferQueue=0xb400007185fef400 fn= 297 HdrRenderState mRenderHdrSdrRatio=1.0 caller= com.android.systemui.shared.launcher.ViewRootImplCompat.mergeWithNextTransaction:4 com.honeyspace.transition.utils.SurfaceTransactionApplier.scheduleApply$lambda$1:16 com.honeyspace.transition.utils.SurfaceTransactionApplier.b:0 
07-21 11:20:09.324  1930  1930 D SurfaceFlinger: GPIS:: requestGPISForClientComposition
07-21 11:20:09.326 29657 29657 D nativeloader: Load libframework-connectivity-tiramisu-jni.so using APEX ns com_android_tethering for caller /apex/com.android.tethering/javalib/framework-connectivity-t.jar: ok
07-21 11:20:09.328 29657 29657 D ActivityThread: setConscryptValidator
07-21 11:20:09.328 29657 29657 D ActivityThread: setConscryptValidator - put
07-21 11:20:09.331  5038  5038 I HoneySpace.Player: [Player:A(9.257)] container x: 816.5175, y: 149.87572, scale : 0.4023621
07-21 11:20:09.332  5038  7574 I VRI[LauncherActivity]@16ceedf: mWNT: t=0xb40000717e35fa00 mBlastBufferQueue=0xb400007185fef400 fn= 298 HdrRenderState mRenderHdrSdrRatio=1.0 caller= com.android.systemui.shared.launcher.ViewRootImplCompat.mergeWithNextTransaction:4 com.honeyspace.transition.utils.SurfaceTransactionApplier.scheduleApply$lambda$1:16 com.honeyspace.transition.utils.SurfaceTransactionApplier.b:0 
07-21 11:20:09.334  3233  3264 I ActivityManager: Changes in 10051 19 to 2, 0 to 511
07-21 11:20:09.334  3233  3977 D BackgroundInstallControlService: Package event received: 0
07-21 11:20:09.335  3233  3294 D PkgPredictorService-SecIpmManagerServiceImpl: onForegroundActivitiesChanged pid:29657 uid:10051
07-21 11:20:09.335 29657 29657 D CompatChangeReporter: Compat change id reported: 242716250; UID 10051; state: ENABLED
07-21 11:20:09.336  3233  3294 D SGM:GameManager: identifyForegroundApp. com.sec.android.app.launcher, mCurrentUserId: 0, callerUserId: 0
07-21 11:20:09.336  3233  3294 D SGM:SemGameManager: isForegroundGame(), ret=false
07-21 11:20:09.336  3233  3885 V NetworkPolicy: getFirewallRuleMobileData UID:10051 policy:0
07-21 11:20:09.336  3233  3784 I SmartManagerService: msg : 20
07-21 11:20:09.336  3233  3784 D SmartManagerService: com.penguenlabs.pushnote:0 not target
07-21 11:20:09.336  3233  3294 D BuffController freecess: notifyLaunch:10051 com.penguenlabs.pushnote
07-21 11:20:09.337  3233  3294 D SGM:GameManager: identifyForegroundApp. com.sec.android.app.launcher, mCurrentUserId: 0, callerUserId: 0
07-21 11:20:09.337  3233  3294 D SGM:SemGameManager: isForegroundGame(), ret=false
07-21 11:20:09.337 10672 11415 I SAMSUNGWALLET: [Hint_ProcessStatusChange] fg Change, pid : 29657 , isNotify : true , isForeground : true , fg list : [29657, 5038]
07-21 11:20:09.337  3233  3294 D NetworkPolicy: already checked 10051
07-21 11:20:09.337 29657 29657 D ApplicationLoaders: Returning zygote-cached class loader: /system_ext/framework/androidx.window.extensions.jar
07-21 11:20:09.337 29657 29657 D ApplicationLoaders: Returning zygote-cached class loader: /system_ext/framework/androidx.window.sidecar.jar
07-21 11:20:09.338  6518  6530 V OsAgent : broadcastSystemEvent - 7
07-21 11:20:09.338 29657 29657 D nativeloader: Configuring clns-9 for other apk /data/app/~~cTlPpml8RsdcdlZS4P4Vww==/com.penguenlabs.pushnote-vhsGwhRTCFb1vu5FunqbhA==/base.apk. target_sdk_version=34, uses_libraries=, library_path=/data/app/~~cTlPpml8RsdcdlZS4P4Vww==/com.penguenlabs.pushnote-vhsGwhRTCFb1vu5FunqbhA==/lib/arm64, permitted_path=/data:/mnt/expand:/data/user/0/com.penguenlabs.pushnote
07-21 11:20:09.338  5038  5050 I HoneySpace.LauncherProvider: call - com.samsung.android.spay, get_rotation_state, null
07-21 11:20:09.339  5038  5050 I HoneySpace.ExternalMethodItem: updateRefsItemsByEntryPoints. HoneySpaceInfo(name=HomeOnly, displayId=0)
07-21 11:20:09.339 10672 11528 I SAMSUNGWALLET: [Hint_PayHintService] mIsLauncherPortraitOnlyMode: true, mIsUserLock: false
07-21 11:20:09.339  5038  5038 I HoneySpace.Player: [Player:A(9.257)] container x: 726.03516, y: 133.26726, scale : 0.46858928
07-21 11:20:09.340  5038  7575 I VRI[LauncherActivity]@16ceedf: mWNT: t=0xb40000717e35fc00 mBlastBufferQueue=0xb400007185fef400 fn= 299 HdrRenderState mRenderHdrSdrRatio=1.0 caller= com.android.systemui.shared.launcher.ViewRootImplCompat.mergeWithNextTransaction:4 com.honeyspace.transition.utils.SurfaceTransactionApplier.scheduleApply$lambda$1:16 com.honeyspace.transition.utils.SurfaceTransactionApplier.b:0 
07-21 11:20:09.341 10672 10672 I SAMSUNGWALLET: [Hint_PayHintService] Hint Status - already invisible, skip hide : [4000000] - Disable on home
07-21 11:20:09.343 29657 29657 V GraphicsEnvironment: Currently set values for:
07-21 11:20:09.343 29657 29657 V GraphicsEnvironment:   angle_gl_driver_selection_pkgs=[]
07-21 11:20:09.343 29657 29657 V GraphicsEnvironment:   angle_gl_driver_selection_values=[]
07-21 11:20:09.343 29657 29657 V GraphicsEnvironment: com.penguenlabs.pushnote is not listed in per-application setting
07-21 11:20:09.343 29657 29657 V GraphicsEnvironment: ANGLE allowlist from config: com.dreamgames.royalmatch com.dts.freefiremax com.dxx.firenow com.gramgames.mergedragons com.ludo.king com.mojang.minecraftpe com.my.defense com.nintendo.zaka com.os.airforce com.playrix.fishdomdd.gplay io.teslatech.callbreak jp.konami.prospia net.peakgames.toonblast
07-21 11:20:09.343 29657 29657 V GraphicsEnvironment: No special selections for ANGLE, returning default driver choice
07-21 11:20:09.343 29657 29657 V GraphicsEnvironment: App is not on the allowlist for updatable production driver.
07-21 11:20:09.346 29657 29657 W FirebaseApp: Default FirebaseApp failed to initialize because no default options were found. This usually means that com.google.gms:google-services was not applied to your gradle project.
07-21 11:20:09.346 29657 29657 I FirebaseInitProvider: FirebaseApp initialization unsuccessful
07-21 11:20:09.348  5038  5038 I HoneySpace.Player: [Player:A(9.257)] container x: 646.86743, y: 118.735634, scale : 0.52653503
07-21 11:20:09.349  5038  7574 I VRI[LauncherActivity]@16ceedf: mWNT: t=0xb40000717e35fe00 mBlastBufferQueue=0xb400007185fef400 fn= 300 HdrRenderState mRenderHdrSdrRatio=1.0 caller= com.android.systemui.shared.launcher.ViewRootImplCompat.mergeWithNextTransaction:4 com.honeyspace.transition.utils.SurfaceTransactionApplier.scheduleApply$lambda$1:16 com.honeyspace.transition.utils.SurfaceTransactionApplier.b:0 
07-21 11:20:09.351 29657 29657 I HWUI    : Using FreeType backend (prop=Auto)
07-21 11:20:09.354  3233  3264 V WindowManager: Computed rotation=ROTATION_0 (0) for display id=0 based on lastOrientation=SCREEN_ORIENTATION_UNSPECIFIED (-1) and oldRotation=ROTATION_0 (0), caller=com.android.server.wm.DisplayRotation.updateOrientation:86 com.android.server.wm.DisplayContent.updateOrientation:41 com.android.server.wm.DisplayContent.updateOrientationAndComputeConfig:43 com.android.server.wm.RootWindowContainer.ensureVisibilityAndConfig:7 com.android.server.wm.ActivityTaskSupervisor.realStartActivityLocked:186 com.android.server.wm.RootWindowContainer.attachApplication:108 
07-21 11:20:09.355  3233  3264 D SGM:FgCheckThread: notifyAppCreated(), packageName: com.penguenlabs.pushnote, userId: 0, sendRet: true
07-21 11:20:09.355  3233  3834 D SGM:FgCheckThread: onLooperPrepared(), msg: MSG_APP_CREATE, pkgName: com.penguenlabs.pushnote, userId: 0
07-21 11:20:09.355  3233  3264 D SGM:FgCheckThread: TaskStackListener.onTaskFocusChanged(), taskId=64886, focused=false
07-21 11:20:09.355  3233  3264 D SGM:FgCheckThread: TaskStackListener.onTaskFocusChanged(), taskId=64904, focused=true
07-21 11:20:09.355  3233  3264 D SGM:FgCheckThread:   sendRunningComponentFocus(), pkgName: com.penguenlabs.pushnote, userId: 0
07-21 11:20:09.355  3233  3264 D InputDispatcher: Focused application(0): ActivityRecord{101798992 u0 com.penguenlabs.pushnote/.features.MainActivity t64904}
07-21 11:20:09.355  3233  3264 D AppLockPolicy: isActivityInExceptionList: 
07-21 11:20:09.355  3233  3264 D ActivityTaskManager: scheduleTopResumedActivityChanged, onTop=true, r=ActivityRecord{101798992 u0 com.penguenlabs.pushnote/.features.MainActivity t64904}, caller=com.android.server.wm.ActivityTaskSupervisor.scheduleTopResumedActivityStateIfNeeded:18 com.android.server.wm.ActivityTaskSupervisor.updateTopResumedActivityIfNeeded:94 com.android.server.wm.TaskFragment.setResumedActivity:29 com.android.server.wm.ActivityRecord.setState:100 com.android.server.wm.ActivityTaskSupervisor.realStartActivityLocked:548 com.android.server.wm.RootWindowContainer.attachApplication:108 
07-21 11:20:09.356  4627  4627 I {OngoingActivityController}: onTaskFocusChanged but OA data is empty
07-21 11:20:09.356  3233  3940 D AS.MultiSoundManager: mForegroundUid = 10051
07-21 11:20:09.357  3233  3834 D SGM:FgCheckThread: onLooperPrepared(), msg: MSG_TASK_FOCUSED, pkgName: com.penguenlabs.pushnote, userId: 0
07-21 11:20:09.357  3233  3834 D SGM:FgCheckThread: handleTaskFocused().
07-21 11:20:09.357  3233  3834 D SGM:FgCheckThread:   handleTaskFocused(), pkgName: com.penguenlabs.pushnote, userID:0
07-21 11:20:09.357  3233  3834 D SGM:FgCheckThread: handleResume().
07-21 11:20:09.357  3233  3834 D SGM:FgCheckThread: sendFocusOutConditionally() - mPrevNotiPkg: (unknown), userId: 0
07-21 11:20:09.357  7075 22491 I [AirCmd]_ActivitySwitchDetector: onTaskFocusChanged : taskId=64904, componentName=ComponentInfo{com.penguenlabs.pushnote/com.penguenlabs.pushnote.features.MainActivity}
07-21 11:20:09.357  7075 22491 I [AirCmd]_ActivitySwitchDetector: onTaskFocusChanged :mTopMostActivity = ComponentInfo{com.sec.android.app.launcher/com.sec.android.app.launcher.Launcher}
07-21 11:20:09.357  3233  3266 D GraphicsStatsService: requestRenderEngineFor(com.penguenlabs.pushnote)
07-21 11:20:09.357  3233  3834 D SGM:FgCheckThread:   handleResume(). pkgName: com.penguenlabs.pushnote, userId: 0, category: non-game
07-21 11:20:09.357  3233  3834 D SGM:FgCheckThread: notifyFocusInOut(). of pkg: com.penguenlabs.pushnote, type: 4, isSecGameFamily: false, userId: 0
07-21 11:20:09.357  3233  3834 D SGM:FgCheckThread:   notifyFocusInOut(). unexpected mPrevNotiType: -1
07-21 11:20:09.357  3233  3834 D SGM:SystemHelper: callReleaseBlock needReleaseBlock:false
07-21 11:20:09.355  7266  7314 I FASProvider: makeValuesForFasUpdate contentValues = package_name=com.penguenlabs.pushnote extras=0 reason=deleted_from_mars_auto disableReason=default disableResetTime=1784604009355 uid=10051 mode=1 level=2 resetTime=0
07-21 11:20:09.358 29657 29657 D ActivityThread: com.penguenlabs.pushnote will use render engine as VK
07-21 11:20:09.358 29657 29657 D HWUI    : HWUI - treat SMPTE_170M as sRGB
07-21 11:20:09.358  3233  3296 V Configuration: Updating configuration, locales updated from [] to [zh_CN_#Hans]
07-21 11:20:09.359 29657 29672 I DisplayManager: Choreographer implicitly registered for the refresh rate.
07-21 11:20:09.359  7075 22491 I [AirCmd]_CallbackRepeater: stopRepeat : isWorking=false
07-21 11:20:09.359  3233  3296 V Configuration: Updating configuration, locales updated from [] to [zh_CN_#Hans]
07-21 11:20:09.359  7075 22491 I [AirCmd]_MediaControlStateMonitor: isForegroundAppSupportsMediaButton : mediaSession is empty
07-21 11:20:09.360  3233  3296 D EnterpriseDeviceManagerService: isMdmAdminPresentInternal() : MDM Admin Found - com.samsung.knox.securefolder
07-21 11:20:09.360  3233  3296 D SGM:FgCheckThread: noteResumeComponent(), received pkgName: com.penguenlabs.pushnote, userId: 0
07-21 11:20:09.360  7075 22491 E [AirCmd]_MediaControlStateMonitor: getActiveNotificationPackageName : notification service monitor is null
07-21 11:20:09.360  3233  4116 I Pageboost: 64 bit checked : true for 29657
07-21 11:20:09.360  3233  4116 I Pageboost: IoRecord pid : 29657, started correctly
07-21 11:20:09.360  7075 22491 I [AirCmd]_ButtonEventDetectionThread: enableDoubleClickDetection: enabled= true, doubleClickWaitInterval=300
07-21 11:20:09.361  5482  5482 E pageboostd: Received HALT command code 2
07-21 11:20:09.361  3233  3967 I CocktailBarManagerServiceContainer: handleMessage: entry what = 5
07-21 11:20:09.361  3233  3967 I CocktailBarManagerServiceImpl: noteResumeComponent : no active host
07-21 11:20:09.361  5038  5038 I HoneySpace.Player: [Player:A(9.257)] container x: 571.1419, y: 104.835846, scale : 0.5819611
07-21 11:20:09.361  7266  7379 I SDHMS:k : handleResumeComponent : put = com.penguenlabs.pushnote, userid = 0 instanceid =104825967
07-21 11:20:09.361  3233  3834 D SGM:FgCheckThread: onLooperPrepared(), msg: MSG_APP_RESUME, pkgName: com.penguenlabs.pushnote, userid: 0
07-21 11:20:09.361  3233  3834 D SGM:FgCheckThread: handleResume().
07-21 11:20:09.361  3233  3834 D SGM:FgCheckThread: sendFocusOutConditionally() - mPrevNotiPkg: (unknown), userId: 0
07-21 11:20:09.361  3233  3834 D SGM:FgCheckThread:   handleResume(). pkgName: com.penguenlabs.pushnote, userId: 0, category: non-game
07-21 11:20:09.361  3233  3834 D SGM:FgCheckThread: notifyFocusInOut(). of pkg: com.penguenlabs.pushnote, type: 4, isSecGameFamily: false, userId: 0
