07-21 11:20:09.590  5038  7575 I VRI[LauncherActivity]@16ceedf: mWNT: t=0xb40000717e5cf200 mBlastBufferQueue=0xb400007185fef400 fn= 329 HdrRenderState mRenderHdrSdrRatio=1.0 caller= com.android.systemui.shared.launcher.ViewRootImplCompat.mergeWithNextTransaction:4 com.honeyspace.transition.utils.SurfaceTransactionApplier.scheduleApply$lambda$1:16 com.honeyspace.transition.utils.SurfaceTransactionApplier.b:0 
07-21 11:20:09.590  5038  7575 I VRI[LauncherActivity]@16ceedf: mWNT: t=0xb40000717e5cf400 mBlastBufferQueue=0xb400007185fef400 fn= 329 HdrRenderState mRenderHdrSdrRatio=1.0 caller= com.android.systemui.shared.launcher.ViewRootImplCompat.mergeWithNextTransaction:4 com.honeyspace.transition.utils.SurfaceTransactionApplier.scheduleApply$lambda$1:16 com.honeyspace.transition.utils.SurfaceTransactionApplier.b:0 
07-21 11:20:09.590  5038  7575 I VRI[LauncherActivity]@16ceedf: mWNT: t=0xb40000717e5cf600 mBlastBufferQueue=0xb400007185fef400 fn= 329 HdrRenderState mRenderHdrSdrRatio=1.0 caller= com.android.systemui.shared.launcher.ViewRootImplCompat.mergeWithNextTransaction:4 com.honeyspace.transition.utils.SurfaceTransactionApplier.scheduleApply$lambda$1:16 com.honeyspace.transition.utils.SurfaceTransactionApplier.b:0 
07-21 11:20:09.591  1930  1930 D SurfaceFlinger: Display 4630947093241269891 HWC layers:
07-21 11:20:09.591  1930  1930 D SurfaceFlinger:        DEVICE |           19224273616901 | 00000100 | RGBA_8888    |   84.0  179.0 1356.0 2909.0 |    0    0 1440 3088 | Wallpaper BBQ wrapper 7_systemlock#56 (1222)
07-21 11:20:09.591  1930  1930 D SurfaceFlinger:        DEVICE |           21638045237310 | 00002100 | RGBA_8888    |    0.0    0.0 1440.0 3088.0 |    0    0 1440 3088 | com.sec.android.app.launcher/com.sec[...]ctivities.LauncherActivity$_5038#668 (328)
07-21 11:20:09.591  1930  1930 D SurfaceFlinger:        DEVICE |           19872813678747 | 00002100 | RGBA_8888    |    0.0    0.0 1440.0  125.0 |    0    0 1440  125 | StatusBar$_4627#90 (1748)
07-21 11:20:09.591  1930  1930 D SurfaceFlinger:        DEVICE |           19872813678808 | 00002100 | RGBA_8888    |    0.0    0.0 1440.0  180.0 |    0 2908 1440 3088 | NavigationBar0$_4627#86 (372)
07-21 11:20:09.591  1930  1930 D SurfaceFlinger: 
07-21 11:20:09.591  4627  4924 D NotificationIconContainerStatusBarViewModel: current tint area is empty!!!
07-21 11:20:09.591  4627  4924 D NotificationIconContainerStatusBarViewModel: current tint area is empty!!!
07-21 11:20:09.591  4627  4921 D NotificationIconContainerStatusBarViewModel: current tint area is empty!!!
07-21 11:20:09.593  9468  9818 W ProxyAndroidLoggerBackend: Too many Flogger logs received before configuration. Dropping old logs.
07-21 11:20:09.593  3233  5216 I WindowManager: Relayout Window{a6ceb14 u0 com.samsung.android.sm_cn/com.samsung.android.sm.iafd.dialog.AppErrorDialogActivityCN}: viewVisibility=0 req=1440x742 ty=2 d0
07-21 11:20:09.593  1930  2013 I SurfaceFlinger: id=716 createSurf, flag=44004, com.samsung.android.sm_cn/com.samsung.android.sm.iafd.dialog.AppErrorDialogActivityCN$_19351#716
07-21 11:20:09.594  3233  5216 D WindowManager: makeSurface duration=1 name=com.samsung.android.sm_cn/com.samsung.android.sm.iafd.dialog.AppErrorDialogActivityCN$_19351
07-21 11:20:09.595  3233  5216 D BLASTSyncEngine: SyncGroup 66:  Unfinished container: ActivityRecord{265694941 u0 com.samsung.android.sm_cn/com.samsung.android.sm.iafd.dialog.AppErrorDialogActivityCN t64905} mSyncState=2
07-21 11:20:09.595  3233  5216 I WindowManager: Relayout hash=a6ceb14, pid=19351, syncId=-1: mAttrs={(0,0)(wrapxwrap) gr=BOTTOM CENTER_VERTICAL sim={adjust=pan forwardNavigation} ty=APPLICATION fmt=TRANSLUCENT wanim=0x7f140004 surfaceInsets=Rect(90, 90 - 90, 90)
07-21 11:20:09.595  3233  5216 I WindowManager:   fl=1820002
07-21 11:20:09.595  3233  5216 I WindowManager:   pfl=40000880
07-21 11:20:09.595  3233  5216 I WindowManager:   apr=10
07-21 11:20:09.595  3233  5216 I WindowManager:   bhv=1
07-21 11:20:09.595  3233  5216 I WindowManager:   fitTypes=107
07-21 11:20:09.595  3233  5216 I WindowManager:   frameRateBoostOnTouch=true
07-21 11:20:09.595  3233  5216 I WindowManager:   dvrrWindowFrameRateHint=true
07-21 11:20:09.595  3233  5216 I WindowManager:  dimAmount=0.18 dimDuration=150 naviIconColor=0
07-21 11:20:09.595  3233  5216 I WindowManager:   sfl=100000}
07-21 11:20:09.595 19351 19351 I InsetsSourceConsumer: applyRequestedVisibilityToControl: visible=true, type=navigationBars, host=com.samsung.android.sm_cn/com.samsung.android.sm.iafd.dialog.AppErrorDialogActivityCN
07-21 11:20:09.595 19351 19351 I InsetsSourceConsumer: applyRequestedVisibilityToControl: visible=true, type=statusBars, host=com.samsung.android.sm_cn/com.samsung.android.sm.iafd.dialog.AppErrorDialogActivityCN
07-21 11:20:09.596 19351 19351 W libc    : Access denied finding property "vendor.display.enable_optimal_refresh_rate"
07-21 11:20:09.596 19351 19351 I BufferQueueProducer: [](id:4b9700000002,api:0,p:0,c:19351) setDequeueTimeout:2077252342
07-21 11:20:09.596 19351 19351 I BLASTBufferQueue_Java: new BLASTBufferQueue, mName= VRI[AppErrorDialogActivityCN]@8e4deb8 mNativeObject= 0xb4000072334b0c00 caller= android.view.ViewRootImpl.updateBlastSurfaceIfNeeded:3603 android.view.ViewRootImpl.relayoutWindow:11813 android.view.ViewRootImpl.performTraversals:4840 android.view.ViewRootImpl.doTraversal:3959 android.view.ViewRootImpl$TraversalRunnable.run:13034 android.view.Choreographer$CallbackRecord.run:1961 android.view.Choreographer$CallbackRecord.run:1970 android.view.Choreographer.doCallbacks:1423 android.view.Choreographer.doFrame:1348 android.view.Choreographer$FrameDisplayEventReceiver.run:1930 
07-21 11:20:09.596 19351 19351 I BLASTBufferQueue_Java: update, w= 1620 h= 922 mName = VRI[AppErrorDialogActivityCN]@8e4deb8 mNativeObject= 0xb4000072334b0c00 sc.mNativeObject= 0xb40000734a56d000 format= -3 caller= android.view.ViewRootImpl.updateBlastSurfaceIfNeeded:3608 android.view.ViewRootImpl.relayoutWindow:11813 android.view.ViewRootImpl.performTraversals:4840 android.view.ViewRootImpl.doTraversal:3959 android.view.ViewRootImpl$TraversalRunnable.run:13034 android.view.Choreographer$CallbackRecord.run:1961 
07-21 11:20:09.596 19351 19351 W libc    : Access denied finding property "vendor.display.enable_optimal_refresh_rate"
07-21 11:20:09.596 19351 19351 I VRI[AppErrorDialogActivityCN]@8e4deb8: Relayout returned: old=(0,125,1440,3032) new=(0,2290,1440,3032) relayoutAsync=false req=(1440,742)0 dur=4 res=0x3 s={true 0xb40000734a564e00} ch=true seqId=0
07-21 11:20:09.596 19351 19351 I VRI[AppErrorDialogActivityCN]@8e4deb8: performConfigurationChange setNightDimText nightDimLevel=0
07-21 11:20:09.597  1930  1930 I SurfaceFlinger: destroyed Splash Screen com.penguenlabs.pushnote$_4627#701 form LifecycleManager
07-21 11:20:09.597 19351 19351 I VRI[AppErrorDialogActivityCN]@8e4deb8: Creating new active sync group VRI[AppErrorDialogActivityCN]@8e4deb8#7
07-21 11:20:09.598  1930  1930 I SurfaceFlinger: [com.samsung.android.sm_cn/com.samsung.android.sm.iafd.dialog.AppErrorDialogActivityCN$_19351#716] attach to parent LayerHierarchy{RequestedLayerState{a6ceb14 com.samsung.android.sm_cn/com.samsung.android.sm.iafd.dialog.AppErrorDialogActivityCN#712 parentId=711} 1 children}
07-21 11:20:09.598  1930  1930 I SurfaceFlinger: id=701 onLayerDestroyed from LayerHierarchyBuilder(RequestedLayerState{Splash Screen com.penguenlabs.pushnote$_4627#701 !handle})
07-21 11:20:09.598  5038  5038 I HoneySpace.Player: [Player:A(9.257)] container x: 435.43567, y: 122.72267, scale : 0.60650414
07-21 11:20:09.598  3233  3298 I SurfaceControl: apply, lowDebugName=Focus request: a6ceb14 com.samsung.android.sm_cn/com.samsung.android.sm.iafd.dialog.AppErrorDialogActivityCN, caller=android.view.SurfaceControl$Transaction.apply:3569 android.view.SurfaceControl$Transaction.apply:3519 com.android.server.wm.WindowAnimator.animate:468 com.android.server.wm.WindowAnimator$$ExternalSyntheticLambda1.doFrame:14 android.view.Choreographer$CallbackRecord.run:1959 android.view.Choreographer$CallbackRecord.run:1970 
07-21 11:20:09.598  5038  5038 I HoneySpace.Player: [Player:A(9.257)] container x: 464.78506, y: 135.11127, scale : 0.56376874
07-21 11:20:09.598  1930  1930 I SurfaceFlinger: id=701 Destroyed Splash Screen com.penguenlabs.pushnote$_4627#701
07-21 11:20:09.598  5038  5038 I HoneySpace.Player: [Player:A(9.257)] container x: 488.18375, y: 135.11127, scale : 0.56376874
07-21 11:20:09.599  5038  7574 I VRI[LauncherActivity]@16ceedf: mWNT: t=0xb40000717e5cf800 mBlastBufferQueue=0xb400007185fef400 fn= 330 HdrRenderState mRenderHdrSdrRatio=1.0 caller= com.android.systemui.shared.launcher.ViewRootImplCompat.mergeWithNextTransaction:4 com.honeyspace.transition.utils.SurfaceTransactionApplier.scheduleApply$lambda$1:16 com.honeyspace.transition.utils.SurfaceTransactionApplier.b:0 
07-21 11:20:09.599  5038  7574 I VRI[LauncherActivity]@16ceedf: mWNT: t=0xb40000717e5cfa00 mBlastBufferQueue=0xb400007185fef400 fn= 330 HdrRenderState mRenderHdrSdrRatio=1.0 caller= com.android.systemui.shared.launcher.ViewRootImplCompat.mergeWithNextTransaction:4 com.honeyspace.transition.utils.SurfaceTransactionApplier.scheduleApply$lambda$1:16 com.honeyspace.transition.utils.SurfaceTransactionApplier.b:0 
07-21 11:20:09.599  5038  7574 I VRI[LauncherActivity]@16ceedf: mWNT: t=0xb40000717e5cfc00 mBlastBufferQueue=0xb400007185fef400 fn= 330 HdrRenderState mRenderHdrSdrRatio=1.0 caller= com.android.systemui.shared.launcher.ViewRootImplCompat.mergeWithNextTransaction:4 com.honeyspace.transition.utils.SurfaceTransactionApplier.scheduleApply$lambda$1:16 com.honeyspace.transition.utils.SurfaceTransactionApplier.b:0 
07-21 11:20:09.599  1930  3804 I SurfaceFlinger: id=706 Removed Surface(name=f0f7660 NavigationBar0#74)/@0xea60ac0 - animation-leash of insets_animation#706 (159)
07-21 11:20:09.599  1930  3804 I SurfaceFlinger: id=707 Removed Surface(name=a9cf450 StatusBar#81)/@0x20ec19f - animation-leash of insets_animation#707 (159)
07-21 11:20:09.600 19351 28578 I VRI[AppErrorDialogActivityCN]@8e4deb8: mWNT: t=0xb4000072334abc00 mBlastBufferQueue=0xb4000072334b0c00 fn= 1 HdrRenderState mRenderHdrSdrRatio=1.0 caller= android.view.ViewRootImpl$12.onFrameDraw:15561 android.view.ThreadedRenderer$1.onFrameDraw:751 <bottom of call stack> 
07-21 11:20:09.600 19351 28578 I VRI[AppErrorDialogActivityCN]@8e4deb8: Setting up sync and frameCommitCallback
07-21 11:20:09.600  4627  4922 D NotificationIconContainerStatusBarViewModel: current tint area is empty!!!
07-21 11:20:09.600  4627  4922 D NotificationIconContainerStatusBarViewModel: current tint area is empty!!!
07-21 11:20:09.600  4627  4922 D NotificationIconContainerStatusBarViewModel: current tint area is empty!!!
07-21 11:20:09.606 19351 28573 I BLASTBufferQueue: [VRI[AppErrorDialogActivityCN]@8e4deb8#2](f:0,a:0,s:0) onFrameAvailable the first frame is available
07-21 11:20:09.606 19351 28573 I SurfaceComposerClient: apply transaction with the first frame. layerId: 716, bufferData(ID: 83111912144907, frameNumber: 1)
07-21 11:20:09.606  1930  1930 I SurfaceFlinger: destroyed Surface(name=f0f7660 NavigationBar0#74)/@0xea60ac0 - animation-leash of insets_animation#706 form LifecycleManager
07-21 11:20:09.606  1930  1930 I SurfaceFlinger: destroyed Surface(name=a9cf450 StatusBar#81)/@0x20ec19f - animation-leash of insets_animation#707 form LifecycleManager
07-21 11:20:09.606  1930  1930 I SurfaceFlinger: id=706 onLayerDestroyed from LayerHierarchyBuilder(RequestedLayerState{Surface(name=f0f7660 NavigationBar0#74)/@0xea60ac0 - animation-leash of insets_animation#706 !handle})
07-21 11:20:09.606  1930  1930 I SurfaceFlinger: id=707 onLayerDestroyed from LayerHierarchyBuilder(RequestedLayerState{Surface(name=a9cf450 StatusBar#81)/@0x20ec19f - animation-leash of insets_animation#707 !handle})
07-21 11:20:09.606 19351 28573 I VRI[AppErrorDialogActivityCN]@8e4deb8: Received frameCommittedCallback lastAttemptedDrawFrameNum=1 didProduceBuffer=true
07-21 11:20:09.606  1930  4764 I SurfaceFlinger: [com.samsung.android.sm_cn/com.samsung.android.sm.iafd.dialog.AppErrorDialogActivityCN$_19351#716] setTransactionState with the first frame. bufferData(ID: 83111912144907, frameNumber: 1)
07-21 11:20:09.606  1930  1930 I SurfaceFlinger: id=706 Destroyed Surface(name=f0f7660 NavigationBar0#74)/@0xea60ac0 - animation-leash of insets_animation#706
07-21 11:20:09.606  1930  1930 I SurfaceFlinger: id=707 Destroyed Surface(name=a9cf450 StatusBar#81)/@0x20ec19f - animation-leash of insets_animation#707
07-21 11:20:09.606  5038  5038 I HoneySpace.Player: [Player:A(9.257)] container x: 488.6304, y: 135.53581, scale : 0.56376874
07-21 11:20:09.606  5038  5038 I HoneySpace.Player: [Player:A(9.257)] container x: 513.6384, y: 145.87663, scale : 0.5275445
07-21 11:20:09.606  5038  5038 I HoneySpace.Player: [Player:A(9.257)] container x: 534.60803, y: 145.87663, scale : 0.52754456
07-21 11:20:09.607  4627  4921 D NotificationIconContainerStatusBarViewModel: current tint area is empty!!!
07-21 11:20:09.607  4627  4921 D NotificationIconContainerStatusBarViewModel: current tint area is empty!!!
07-21 11:20:09.607  4627  4921 D NotificationIconContainerStatusBarViewModel: current tint area is empty!!!
07-21 11:20:09.607  3233  5216 D WindowManager: finishDrawingWindow: Window{a6ceb14 u0 com.samsung.android.sm_cn/com.samsung.android.sm.iafd.dialog.AppErrorDialogActivityCN} mDrawState=DRAW_PENDING seqId=0
07-21 11:20:09.607  5038  7575 I VRI[LauncherActivity]@16ceedf: mWNT: t=0xb40000717e5cfe00 mBlastBufferQueue=0xb400007185fef400 fn= 331 HdrRenderState mRenderHdrSdrRatio=1.0 caller= com.android.systemui.shared.launcher.ViewRootImplCompat.mergeWithNextTransaction:4 com.honeyspace.transition.utils.SurfaceTransactionApplier.scheduleApply$lambda$1:16 com.honeyspace.transition.utils.SurfaceTransactionApplier.b:0 
07-21 11:20:09.607  5038  7575 I VRI[LauncherActivity]@16ceedf: mWNT: t=0xb40000720e8c2000 mBlastBufferQueue=0xb400007185fef400 fn= 331 HdrRenderState mRenderHdrSdrRatio=1.0 caller= com.android.systemui.shared.launcher.ViewRootImplCompat.mergeWithNextTransaction:4 com.honeyspace.transition.utils.SurfaceTransactionApplier.scheduleApply$lambda$1:16 com.honeyspace.transition.utils.SurfaceTransactionApplier.b:0 
07-21 11:20:09.607  5038  7575 I VRI[LauncherActivity]@16ceedf: mWNT: t=0xb40000720e8c2200 mBlastBufferQueue=0xb400007185fef400 fn= 331 HdrRenderState mRenderHdrSdrRatio=1.0 caller= com.android.systemui.shared.launcher.ViewRootImplCompat.mergeWithNextTransaction:4 com.honeyspace.transition.utils.SurfaceTransactionApplier.scheduleApply$lambda$1:16 com.honeyspace.transition.utils.SurfaceTransactionApplier.b:0 
07-21 11:20:09.608  1930  2210 D SurfaceFlinger: [input] setFocusedWindow: a6ceb14 com.samsung.android.sm_cn/com.samsung.android.sm.iafd.dialog.AppErrorDialogActivityCN
07-21 11:20:09.608  3233  7358 D CoreBackPreview: Window{25187f1 u0 com.samsung.android.sm_cn/com.samsung.android.sm.iafd.dialog.AppErrorDialogActivityCN}: Setting back callback OnBackInvokedCallbackInfo{mCallback=android.window.IOnBackInvokedCallback$Stub$Proxy@b2b4144, mPriority=-1, mIsAnimationCallback=false, mOverrideBehavior=0}
07-21 11:20:09.608  3233  4474 D InputDispatcher: Once focus requested (0): a6ceb14 com.samsung.android.sm_cn/com.samsung.android.sm.iafd.dialog.AppErrorDialogActivityCN
07-21 11:20:09.608  3233  4474 D InputDispatcher: Focus request (0): a6ceb14 com.samsung.android.sm_cn/com.samsung.android.sm.iafd.dialog.AppErrorDialogActivityCN but waiting because NOT_VISIBLE
07-21 11:20:09.609  3233  3298 D BLASTSyncEngine: SyncGroup 66:  Unfinished container: ActivityRecord{265694941 u0 com.samsung.android.sm_cn/com.samsung.android.sm.iafd.dialog.AppErrorDialogActivityCN t64905} mSyncState=2
07-21 11:20:09.609  3233  7358 I WindowManager: Relayout Window{25187f1 u0 com.samsung.android.sm_cn/com.samsung.android.sm.iafd.dialog.AppErrorDialogActivityCN}: viewVisibility=0 req=0x0 ty=1 d0
07-21 11:20:09.609  1930  4764 I SurfaceFlinger: id=717 createSurf, flag=44004, com.samsung.android.sm_cn/com.samsung.android.sm.iafd.dialog.AppErrorDialogActivityCN$_19351#717
07-21 11:20:09.610  3233  7358 D WindowManager: makeSurface duration=1 name=com.samsung.android.sm_cn/com.samsung.android.sm.iafd.dialog.AppErrorDialogActivityCN$_19351
07-21 11:20:09.611  3233  7358 D BLASTSyncEngine: SyncGroup 66:  Unfinished container: ActivityRecord{265694941 u0 com.samsung.android.sm_cn/com.samsung.android.sm.iafd.dialog.AppErrorDialogActivityCN t64905} mSyncState=2
07-21 11:20:09.611  3233  7358 I WindowManager: Relayout hash=25187f1, pid=19351, syncId=-1: mAttrs={(0,0)(wrapxwrap) sim={adjust=pan forwardNavigation} ty=BASE_APPLICATION fmt=TRANSPARENT wanim=0x7f140004 surfaceInsets=Rect(90, 90 - 90, 90)
07-21 11:20:09.611  3233  7358 I WindowManager:   fl=1800002
07-21 11:20:09.611  3233  7358 I WindowManager:   pfl=40000880
07-21 11:20:09.611  3233  7358 I WindowManager:   apr=10
07-21 11:20:09.611  3233  7358 I WindowManager:   bhv=1
07-21 11:20:09.611  3233  7358 I WindowManager:   fitTypes=107
07-21 11:20:09.611  3233  7358 I WindowManager:   frameRateBoostOnTouch=true
07-21 11:20:09.611  3233  7358 I WindowManager:   dvrrWindowFrameRateHint=true
07-21 11:20:09.611  3233  7358 I WindowManager:  dimAmount=0.18 naviIconColor=0
07-21 11:20:09.611  3233  7358 I WindowManager:   sfl=100000}
07-21 11:20:09.611 19351 19351 I InsetsController: onStateChanged: host=com.samsung.android.sm_cn/com.samsung.android.sm.iafd.dialog.AppErrorDialogActivityCN, from=android.view.ViewRootImpl.onInsetsStateChanged:3038, state=InsetsState: {mDisplayFrame=Rect(0, 0 - 1440, 3088), mDisplayCutout=DisplayCutout{insets=Rect(0, 125 - 0, 0) waterfall=Insets{left=0, top=0, right=0, bottom=0} boundingRect={Bounds=[Rect(0, 0 - 0, 0), Rect(684, 0 - 756, 125), Rect(0, 0 - 0, 0), Rect(0, 0 - 0, 0)]} cutoutPathParserInfo={CutoutPathParserInfo{displayWidth=1440 displayHeight=3088 physicalDisplayWidth=1440 physicalDisplayHeight=3088 density={3.75} cutoutSpec={M 0,0 H -9.6 V 33.33333333333333 H 9.6 V 0 H 0 Z @dp} rotation={0} scale={1.0} physicalPixelDisplaySizeRatio={1.0}}} sideOverrides={}}, mRoundedCorners=RoundedCorners{[RoundedCorner{position=TopLeft, radius=15, center=Point(15, 15)}, RoundedCorner{position=TopRight, radius=15, center=Point(1425, 15)}, RoundedCorner{position=BottomRight, radius=15, center=Point(1425, 3073)}, RoundedCorner{position=BottomLeft, radius=15, center=Point(15, 3073)}]}  mRoundedCornerFrame=Rect(0, 0 - 1440, 3088), mPrivacyIndicatorBounds=PrivacyIndicatorBounds {static bounds=Rect(1275, 0 - 1440, 125) rotation=0}, mDisplayShape=DisplayShape{ spec=-311912193 displayWidth=1440 displayHeight=3088 physicalPixelDisplaySizeRatio=1.0 rotation=0 offsetX=0 offsetY=0 scale=1.0}, mSources= { InsetsSource: {e7980000 mType=statusBars mFrame=[0,0][1440,125] mAttachedInsets=null mVisible=true mFlags= mSideHint=TOP mBoundingRects=null}, InsetsSource: {e7980005 mType=mandatorySystemGestures mFrame=[0,0][1440,170] mAttachedInsets=null mVisible=true mFlags= mSideHint=TOP mBoundingRects=null}, InsetsSource: {e7980006 mType=tappableElement mFrame=[0,0][1440,125] mAttachedInsets=null mVisible=true mFlags= mSideHint=TOP mBoundingRects=null}, InsetsSource: {3 mType=ime mFrame=[0,0][0,0] mAttachedInsets=null mVisible=false mFlags=INVALID mSideHint=NONE mBoundingRects=null}, InsetsSource: {27 mType=displayCutout mFrame=[0,0][1440,125] mAttachedInsets=null mVisible=true mFlags= mSideHint=TOP mBoundingRects=null}, InsetsSource: {5bc70001 mType=navigationBars mFrame=[0,3032][1440,3088] mAttachedInsets=null mVisible=true mFlags=SUPPRESS_SCRIM mSideHint=BOTTOM mBoundingRects=null}, InsetsSource: {5bc70004 mType=systemGestures mFrame=[0,0][112,3088] mAttachedInsets=null mVisible=true mFlags= mSideHint=LEFT mBoundingRects=null}, InsetsSource: {5bc70005 mType=mandatorySystemGestures mFrame=[0,2968][1440,3088] mAttachedInsets=null mVisible=true mFlags= mSideHint=BOTTOM mBoundingRects=null}, InsetsSource: {5bc70006 mType=tappableElement mFrame=[0,0][0,0] mAttachedInsets=null mVisible=true mFlags= mSideHint=NONE mBoundingRects=null}, InsetsSource: {5bc70024 mType=systemGestures mFrame=[1328,0][1440,3088] mAttachedInsets=null mVisible=true mFlags= mSideHint=RIGHT mBoundingRects=null} }
07-21 11:20:09.612 19351 19351 W libc    : Access denied finding property "vendor.display.enable_optimal_refresh_rate"
07-21 11:20:09.612 19351 19351 I BufferQueueProducer: [](id:4b9700000003,api:0,p:0,c:19351) setDequeueTimeout:2077252342
07-21 11:20:09.612 19351 19351 I BLASTBufferQueue_Java: new BLASTBufferQueue, mName= VRI[AppErrorDialogActivityCN]@991f3d mNativeObject= 0xb400007327ff0400 caller= android.view.ViewRootImpl.updateBlastSurfaceIfNeeded:3603 android.view.ViewRootImpl.relayoutWindow:11813 android.view.ViewRootImpl.performTraversals:4840 android.view.ViewRootImpl.doTraversal:3959 android.view.ViewRootImpl$TraversalRunnable.run:13034 android.view.Choreographer$CallbackRecord.run:1961 android.view.Choreographer$CallbackRecord.run:1970 android.view.Choreographer.doCallbacks:1423 android.view.Choreographer.doFrame:1348 android.view.Choreographer$FrameDisplayEventReceiver.run:1930 
07-21 11:20:09.612  2254  2285 I shsusrd : shsusr_check_cpu_usage(): Output of /proc/2254/stat/ : 2254 (shsusrd0) S 1 2254 0 0 -1 1077936384 57754 0 32 0 119 525 0 0 20 0 11 0 784 2574155776 978 18446744073709551615 411031928832 411032187288 549403044064 0 0 0 0 0 1073794810 0 0 0 17 4 0 0 0 0 0 411032210368 411032211304 411217358848 549403047949 549403047992 549403047992 549403054045 0
07-21 11:20:09.612  2254  2285 I shsusrd : 
07-21 11:20:09.612 19351 19351 I BLASTBufferQueue_Java: update, w= 181 h= 181 mName = VRI[AppErrorDialogActivityCN]@991f3d mNativeObject= 0xb400007327ff0400 sc.mNativeObject= 0xb40000734a56dfc0 format= -2 caller= android.view.ViewRootImpl.updateBlastSurfaceIfNeeded:3608 android.view.ViewRootImpl.relayoutWindow:11813 android.view.ViewRootImpl.performTraversals:4840 android.view.ViewRootImpl.doTraversal:3959 android.view.ViewRootImpl$TraversalRunnable.run:13034 android.view.Choreographer$CallbackRecord.run:1961 
07-21 11:20:09.612  2254  2285 I shsusrd : shsusr_check_cpu_usage(): utime 119 stime 525 cpu_time_last 638
07-21 11:20:09.612  2254  2285 I shsusrd : shsusr_check_cpu_usage(): user time = 119 | system time = 525 | total = 644 | cpu_time_delta = 6, clk_tck 100
07-21 11:20:09.612  2254  2285 I shsusrd : shsusr_check_cpu_usage(): time_cur 1784604009 time_last 1784603999
07-21 11:20:09.612  2254  2285 I shsusrd : shsusr_check_cpu_usage(): shsusrd is using 0 pct of CPU - time_delta 10
07-21 11:20:09.612  2254  2285 I shsusrd : shsusr_check_cpu_usage(): shsusrd usage 0
07-21 11:20:09.612  2254  2285 I shsusrd : shsusr_check_cpu_usage_combined(): time_delta for combined : 10 time_cur 1784604009 time_last_combined 1784603999
07-21 11:20:09.612 19351 19351 W libc    : Access denied finding property "vendor.display.enable_optimal_refresh_rate"
07-21 11:20:09.612 19351 19351 I VRI[AppErrorDialogActivityCN]@991f3d: Relayout returned: old=(0,125,1440,3032) new=(720,1578,720,1578) relayoutAsync=false req=(0,0)0 dur=4 res=0x3 s={true 0xb40000722a6b6100} ch=true seqId=0
07-21 11:20:09.612  2254  2285 I shsusrd : shsusr_check_cpu_usage_combined(): Output of /proc/2254/task/2254/stat: 2254 (shsusrd0) S 1 2254 0 0 -1 1077936384 1188 0 10 0 2 0 0 0 20 0 11 0 784 2574155776 978 18446744073709551615 411031928832 411032187288 549403044064 0 0 0 0 0 1073794810 1 0 0 17 4 0 0 0 0 0 411032210368 411032211304 411217358848 549403047949 549403047992 549403047992 549403054045 0
07-21 11:20:09.612  2254  2285 I shsusrd : 
07-21 11:20:09.612  2254  2285 I shsusrd : shsusr_check_cpu_usage_combined(): tid 2254 utime 2 stime 0 time_delta 10 clk_tck 100, usage 0
07-21 11:20:09.612 19351 19351 I VRI[AppErrorDialogActivityCN]@991f3d: performConfigurationChange setNightDimText nightDimLevel=0
07-21 11:20:09.612  2254  2285 I shsusrd : shsusr_check_cpu_usage_combined(): Output of /proc/2254/task/2282/stat: 2282 (shsusrd12) S 1 2254 0 0 -1 4194368 52544 0 1 0 106 418 0 0 20 0 11 0 787 2574155776 978 18446744073709551615 411031928832 411032187288 549403044064 0 0 0 0 0 1073794810 1 0 0 -1 0 0 0 0 0 0 411032210368 411032211304 411217358848 549403047949 549403047992 549403047992 549403054045 0
07-21 11:20:09.612  2254  2285 I shsusrd : 
07-21 11:20:09.612  2254  2285 I shsusrd : shsusr_check_cpu_usage_combined(): tid 2282 utime 106 stime 418 time_delta 10 clk_tck 100, usage 0
07-21 11:20:09.613 19351 19351 I VRI[AppErrorDialogActivityCN]@991f3d: Creating new active sync group VRI[AppErrorDialogActivityCN]@991f3d#9
07-21 11:20:09.613  2254  2285 I shsusrd : shsusr_check_cpu_usage_combined(): Output of /proc/2254/task/2283/stat: 2283 (shsusrd2) S 1 2254 0 0 -1 4194368 173 0 0 0 0 0 0 0 20 0 11 0 787 2574155776 978 18446744073709551615 411031928832 411032187288 549403044064 0 0 0 0 0 1073794810 1 0 0 -1 2 0 0 0 0 0 411032210368 411032211304 411217358848 549403047949 549403047992 549403047992 549403054045 0
07-21 11:20:09.613  2254  2285 I shsusrd : 
07-21 11:20:09.613  2254  2285 I shsusrd : shsusr_check_cpu_usage_combined(): tid 2283 utime 0 stime 0 time_delta 10 clk_tck 100, usage 0
07-21 11:20:09.613  2254  2285 I shsusrd : shsusr_check_cpu_usage_combined(): Output of /proc/2254/task/2284/stat: 2284 (shsusrd13) S 1 2254 0 0 -1 1077936192 1 0 0 0 17 0 0 0 20 0 11 0 787 2574155776 978 18446744073709551615 411031928832 411032187288 549403044064 0 0 0 0 0 1073794810 1 0 0 -1 3 0 0 0 0 0 411032210368 411032211304 411217358848 549403047949 549403047992 549403047992 549403054045 0
07-21 11:20:09.613  2254  2285 I shsusrd : 
07-21 11:20:09.613  2254  2285 I shsusrd : shsusr_check_cpu_usage_combined(): tid 2284 utime 17 stime 0 time_delta 10 clk_tck 100, usage 0
07-21 11:20:09.613  2254  2285 I shsusrd : shsusr_check_cpu_usage_combined(): Output of /proc/2254/task/2285/stat: 2285 (shsusrd42) R 1 2254 0 0 -1 4194368 12 0 13 0 4 17 0 0 20 0 11 0 787 2574155776 978 18446744073709551615 411031928832 411032187288 549403044064 0 0 0 0 0 1073794810 0 0 0 -1 2 0 0 0 0 0 411032210368 411032211304 411217358848 549403047949 549403047992 549403047992 549403054045 0
07-21 11:20:09.613  2254  2285 I shsusrd : 
07-21 11:20:09.613  2254  2285 I shsusrd : shsusr_check_cpu_usage_combined(): tid 2285 utime 4 stime 17 time_delta 10 clk_tck 100, usage 0
07-21 11:20:09.613  2254  2285 I shsusrd : shsusr_check_cpu_usage_combined(): Output of /proc/2254/task/2289/stat: 2289 (shsusrd4) S 1 2254 0 0 -1 4194368 0 0 0 0 0 0 0 0 20 0 11 0 787 2574155776 978 18446744073709551615 411031928832 411032187288 549403044064 0 0 0 0 0 1073794810 1 0 0 -1 5 0 0 0 0 0 411032210368 411032211304 411217358848 549403047949 549403047992 549403047992 549403054045 0
07-21 11:20:09.613  2254  2285 I shsusrd : 
07-21 11:20:09.613  2254  2285 I shsusrd : shsusr_check_cpu_usage_combined(): tid 2289 utime 0 stime 0 time_delta 10 clk_tck 100, usage 0
07-21 11:20:09.613  2254  2285 I shsusrd : shsusr_check_cpu_usage_combined(): Output of /proc/2254/task/2290/stat: 2290 (shsusrd14) S 1 2254 0 0 -1 4194368 31 0 6 0 0 0 0 0 20 0 11 0 787 2574155776 978 18446744073709551615 411031928832 411032187288 549403044064 0 0 0 0 0 1073794810 1 0 0 -1 4 0 0 0 0 0 411032210368 411032211304 411217358848 549403047949 549403047992 549403047992 549403054045 0
07-21 11:20:09.613  2254  2285 I shsusrd : 
07-21 11:20:09.613  2254  2285 I shsusrd : shsusr_check_cpu_usage_combined(): tid 2290 utime 0 stime 0 time_delta 10 clk_tck 100, usage 0
07-21 11:20:09.613  2254  2285 I shsusrd : shsusr_check_cpu_usage_combined(): Output of /proc/2254/task/5991/stat: 5991 (shsusrd14) S 1 2254 0 0 -1 4194368 0 0 0 0 0 0 0 0 20 0 11 0 2239 2574155776 978 18446744073709551615 411031928832 411032187288 549403044064 0 0 0 0 0 1073794810 1 0 0 -1 7 0 0 0 0 0 411032210368 411032211304 411217358848 549403047949 549403047992 549403047992 549403054045 0
07-21 11:20:09.613  2254  2285 I shsusrd : 
07-21 11:20:09.613  2254  2285 I shsusrd : shsusr_check_cpu_usage_combined(): tid 5991 utime 0 stime 0 time_delta 10 clk_tck 100, usage 0
07-21 11:20:09.613  2254  2285 I shsusrd : shsusr_check_cpu_usage_combined(): Output of /proc/2254/task/5994/stat: 5994 (shsusrd7) S 1 2254 0 0 -1 4194368 4 0 0 0 0 0 0 0 20 0 11 0 2239 2574155776 978 18446744073709551615 411031928832 411032187288 549403044064 0 0 0 0 0 1073794810 1 0 0 -1 4 0 0 0 0 0 411032210368 411032211304 411217358848 549403047949 549403047992 549403047992 549403054045 0
07-21 11:20:09.613  2254  2285 I shsusrd : 
07-21 11:20:09.613  2254  2285 I shsusrd : shsusr_check_cpu_usage_combined(): tid 5994 utime 0 stime 0 time_delta 10 clk_tck 100, usage 0
07-21 11:20:09.613  2254  2285 I shsusrd : shsusr_check_cpu_usage_combined(): Output of /proc/2254/task/6005/stat: 6005 (shsusrd5) S 1 2254 0 0 -1 4194368 1 0 0 0 0 0 0 0 20 0 11 0 2241 2574155776 978 18446744073709551615 411031928832 411032187288 549403044064 0 0 0 0 0 1073794810 1 0 0 -1 3 0 0 0 0 0 411032210368 411032211304 411217358848 549403047949 549403047992 549403047992 549403054045 0
07-21 11:20:09.613  2254  2285 I shsusrd : 
07-21 11:20:09.613  3233  7358 D WindowManager: finishDrawingWindow: Window{25187f1 u0 com.samsung.android.sm_cn/com.samsung.android.sm.iafd.dialog.AppErrorDialogActivityCN} mDrawState=DRAW_PENDING seqId=0
07-21 11:20:09.613  2254  2285 I shsusrd : shsusr_check_cpu_usage_combined(): tid 6005 utime 0 stime 0 time_delta 10 clk_tck 100, usage 0
07-21 11:20:09.613  2254  2285 I shsusrd : shsusr_check_cpu_usage_combined(): Output of /proc/2254/task/6189/stat: 6189 (HwBinder:2254_1) S 1 2254 0 0 -1 1077936192 4 0 0 0 0 0 0 0 20 0 11 0 2334 2574155776 978 18446744073709551615 411031928832 411032187288 549403044064 0 0 0 0 0 1073794810 1 0 0 -1 4 0 0 0 0 0 411032210368 411032211304 411217358848 549403047949 549403047992 549403047992 549403054045 0
07-21 11:20:09.613  2254  2285 I shsusrd : 
07-21 11:20:09.613 19351 19351 I NestedScrollView: GTT HSC not support : Small Height child
07-21 11:20:09.613  2254  2285 I shsusrd : shsusr_check_cpu_usage_combined(): tid 6189 utime 0 stime 0 time_delta 10 clk_tck 100, usage 0
07-21 11:20:09.614  2254  2285 I shsusrd : shsusr_check_cpu_usage_combined(): Combined CPU usage: total_utime 129 total_stime 435 total_cpu_time_seconds 0.00, clk_tck 100
07-21 11:20:09.614  2254  2285 I shsusrd : shsusr_check_cpu_usage_combined(): Combined shsusrd usage 0
07-21 11:20:09.614  2254  2285 I shsusrd : shsusr_check_cpu_usage_combined(): Combined shsusrd usage FINAL 0
07-21 11:20:09.614  3233  3298 V WindowManager: SyncGroup 66: Finished!
07-21 11:20:09.614  1930  1930 I SurfaceFlinger: [com.samsung.android.sm_cn/com.samsung.android.sm.iafd.dialog.AppErrorDialogActivityCN$_19351#717] attach to parent LayerHierarchy{RequestedLayerState{25187f1 com.samsung.android.sm_cn/com.samsung.android.sm.iafd.dialog.AppErrorDialogActivityCN#715 parentId=711} 1 children}
07-21 11:20:09.614  3233  3298 I SemDvfsHyPerManager: acquire hyper - AMS_RESUME_TAIL/3233@23, type = -999
07-21 11:20:09.614  3233  3298 I SemDvfsHyPerManager: acquire hyper - AMS_ACT_LAZY/3233@24, type = -999
07-21 11:20:09.614  3233  3298 D ActivityManagerPerformance: AMP_acquire() TAIL
07-21 11:20:09.614  3233  3298 D ActivityManagerPerformance: AMP_release() APP_SWITCH
07-21 11:20:09.614  1787  1800 I HYPER-HAL: [RequestManager.cpp]acquire(): Acquired ID : 5302419  [3233 / 23]    HINT : AMS_RESUME_TAIL    list : 
07-21 11:20:09.614  3233  3298 V WindowManager: Loading animations: picked package=com.samsung.android.sm_cn
07-21 11:20:09.615  5038  5038 I HoneySpace.Player: [Player:A(9.257)] container x: 535.09845, y: 145.71042, scale : 0.5275446
07-21 11:20:09.615  5038  5038 I HoneySpace.Player: [Player:A(9.257)] container x: 558.9469, y: 155.37051, scale : 0.4931682
07-21 11:20:09.615  3233  3298 I WindowManager: Reparenting to leash, surface=Surface(name=a6ceb14 com.samsung.android.sm_cn/com.samsung.android.sm.iafd.dialog.AppErrorDialogActivityCN#712)/@0x2e4c362, leashParent=Surface(name=ActivityRecord{265694941 u0 com.samsung.android.sm_cn/com.samsung.android.sm.iafd.dialog.AppErrorDialogActivityCN t64905}#711)/@0xebb3cf3
07-21 11:20:09.615  5038  5038 I HoneySpace.Player: [Player:A(9.257)] container x: 579.87244, y: 155.37051, scale : 0.49316806
07-21 11:20:09.615  1930  4764 I SurfaceFlinger: id=718 createSurf, flag=24004, Surface(name=a6ceb14 com.samsung.android.sm_cn/com.samsung.android.sm.iafd.dialog.AppErrorDialogActivityCN#712)/@0x2e4c362 - animation-leash of window_animation#718
07-21 11:20:09.615  4627  4926 D NotificationIconContainerStatusBarViewModel: current tint area is empty!!!
07-21 11:20:09.616  3233  3298 D WindowManager: makeSurface duration=1 leash=Surface(name=Surface(name=a6ceb14 com.samsung.android.sm_cn/com.samsung.android.sm.iafd.dialog.AppErrorDialogActivityCN#712)/@0x2e4c362 - animation-leash of window_animation#718)/@0x4cfb3ae
07-21 11:20:09.616  5038  7574 I VRI[LauncherActivity]@16ceedf: mWNT: t=0xb40000720e8c2400 mBlastBufferQueue=0xb400007185fef400 fn= 332 HdrRenderState mRenderHdrSdrRatio=1.0 caller= com.android.systemui.shared.launcher.ViewRootImplCompat.mergeWithNextTransaction:4 com.honeyspace.transition.utils.SurfaceTransactionApplier.scheduleApply$lambda$1:16 com.honeyspace.transition.utils.SurfaceTransactionApplier.b:0 
07-21 11:20:09.616  5038  7574 I VRI[LauncherActivity]@16ceedf: mWNT: t=0xb40000720e8c2600 mBlastBufferQueue=0xb400007185fef400 fn= 332 HdrRenderState mRenderHdrSdrRatio=1.0 caller= com.android.systemui.shared.launcher.ViewRootImplCompat.mergeWithNextTransaction:4 com.honeyspace.transition.utils.SurfaceTransactionApplier.scheduleApply$lambda$1:16 com.honeyspace.transition.utils.SurfaceTransactionApplier.b:0 
07-21 11:20:09.616  5038  7574 I VRI[LauncherActivity]@16ceedf: mWNT: t=0xb40000720e8c2800 mBlastBufferQueue=0xb400007185fef400 fn= 332 HdrRenderState mRenderHdrSdrRatio=1.0 caller= com.android.systemui.shared.launcher.ViewRootImplCompat.mergeWithNextTransaction:4 com.honeyspace.transition.utils.SurfaceTransactionApplier.scheduleApply$lambda$1:16 com.honeyspace.transition.utils.SurfaceTransactionApplier.b:0 
07-21 11:20:09.616  4627  4921 D NotificationIconContainerStatusBarViewModel: current tint area is empty!!!
07-21 11:20:09.616  4627  4921 D NotificationIconContainerStatusBarViewModel: current tint area is empty!!!
07-21 11:20:09.616  3233  3298 V WindowManager: performShowLocked: mDrawState=HAS_DRAWN in Window{a6ceb14 u0 com.samsung.android.sm_cn/com.samsung.android.sm.iafd.dialog.AppErrorDialogActivityCN}
07-21 11:20:09.616  3233  3298 V WindowManager: performShowLocked: mDrawState=HAS_DRAWN in Window{25187f1 u0 com.samsung.android.sm_cn/com.samsung.android.sm.iafd.dialog.AppErrorDialogActivityCN}
07-21 11:20:09.616  1787  1800 I HYPER-HAL: [RequestManager.cpp]acquire(): Acquired ID : 5305677  [3233 / 24]    HINT : AMS_ACT_LAZY    list : 
07-21 11:20:09.616  3233  3298 D ChangeTransitionController: onTransactionReady: TransitionRecord{40bdbd9 id=66 type=OPEN flags=0x0 parallelCollectType=NONE recentsDisplayId=-1 c=[
07-21 11:20:09.616  3233  3298 D ChangeTransitionController:    ChangeInfo{2dab19b container=Task{1cef44c #64905 type=standard A=1000:app.error.dialog} flags=0x0}
07-21 11:20:09.616  3233  3298 D ChangeTransitionController:    ChangeInfo{21d0938 container=AppZoomOut:2:14@124895331 flags=0x0}
07-21 11:20:09.616  3233  3298 D ChangeTransitionController:    ChangeInfo{87c2d11 container=WindowedMagnification:0:31@206589172 flags=0x0}
07-21 11:20:09.616  3233  3298 D ChangeTransitionController:    ChangeInfo{ec08e76 container=DefaultTaskDisplayArea_d0@210565852 flags=0x0}
07-21 11:20:09.616  3233  3298 D ChangeTransitionController:    ChangeInfo{8a8cc77 container=ActivityRecord{265694941 u0 com.samsung.android.sm_cn/com.samsung.android.sm.iafd.dialog.AppErrorDialogActivityCN t64905} flags=0x0}
07-21 11:20:09.616  3233  3298 D ChangeTransitionController:    ChangeInfo{93580e4 container=Display{#0 state=ON size=1440x3088 ROTATION_0} flags=0x0}
07-21 11:20:09.616  3233  3298 D ChangeTransitionController: ]
07-21 11:20:09.616  3233  3298 D ChangeTransitionController: }
07-21 11:20:09.616  3233  3298 V WindowManager: Start calculating TransitionInfo based on participants: {Task{1cef44c #64905 type=standard A=1000:app.error.dialog}, ActivityRecord{265694941 u0 com.samsung.android.sm_cn/com.samsung.android.sm.iafd.dialog.AppErrorDialogActivityCN t64905}}
07-21 11:20:09.616  3233  3298 V WindowManager:   Final targets: [ChangeInfo{2dab19b container=Task{1cef44c #64905 type=standard A=1000:app.error.dialog} flags=0x10}]
07-21 11:20:09.617  1930  2013 I SurfaceFlinger: id=719 createSurf, flag=84004, Transition Root: Task=64905#719
07-21 11:20:09.617 19351 19351 I VRI[AppErrorDialogActivityCN]@8e4deb8: handleResized, frames=ClientWindowFrames{frame=[0,2290][1440,3032] display=[0,125][1440,3032] parentFrame=[0,0][0,0]} displayId=0 dragResizing=false compatScale=1.0 frameChanged=false attachedFrameChanged=false configChanged=false displayChanged=false compatScaleChanged=false dragResizingChanged=false
07-21 11:20:09.617 19351 19351 I VRI[AppErrorDialogActivityCN]@8e4deb8: handleResized mSyncSeqId = 0
07-21 11:20:09.617 19351 19351 I NestedScrollView: GTT HSC not support : Small Height child
07-21 11:20:09.617 19351 19351 I VRI[AppErrorDialogActivityCN]@991f3d: handleResized, frames=ClientWindowFrames{frame=[720,1578][720,1578] display=[0,125][1440,3032] parentFrame=[0,0][0,0]} displayId=0 dragResizing=false compatScale=1.0 frameChanged=false attachedFrameChanged=false configChanged=false displayChanged=false compatScaleChanged=false dragResizingChanged=false
07-21 11:20:09.617 19351 19351 I VRI[AppErrorDialogActivityCN]@991f3d: handleResized mSyncSeqId = 0
07-21 11:20:09.618  3233  3298 I SurfaceControlRegistry: show, t=StartTransaction_SyncId<66> sc=ActivityRecord{265694941 u0 com.samsung.android.sm_cn/com.samsung.android.sm.iafd.dialog.AppErrorDialogActivityCN t64905}#711, caller=android.view.SurfaceControl$Transaction.show:3679 com.android.server.wm.Transition.onTransactionReady:2078 com.android.server.wm.BLASTSyncEngine$SyncGroup.finishNow:261 com.android.server.wm.BLASTSyncEngine.onSurfacePlacement:263 com.android.server.wm.RootWindowContainer.performSurfacePlacement:1105 com.android.server.wm.WindowSurfacePlacer.performSurfacePlacement:163 
07-21 11:20:09.618  3233  3298 V WindowManager: Calling onTransitionReady: {id=66 t=OPEN f=0x0 trk=0 r=[0@Point(0, 0)] c=[
07-21 11:20:09.618  3233  3298 V WindowManager:         {WCT{RemoteToken{b034f61 Task{1cef44c #64905 type=standard A=1000:app.error.dialog}}} m=OPEN f=TRANSLUCENT|EDGE_EXTENSION_RESTRICTION leash=Surface(name=Task=64905#710)/@0x81f576b sb=Rect(0, 0 - 1440, 3088) eb=Rect(0, 0 - 1440, 3088) epz=Point(1440, 3088) d=0 taskParent=-1 winMode=1 userId=0 inset=Rect(0, 125 - 0, 56)}
07-21 11:20:09.618  3233  3298 V WindowManager:     ]}
07-21 11:20:09.620  3233  3298 I ActivityTaskManager: done cause=notifyTransitionStarting drawn timestamp=1308145844811 info=TransitionInfo{359ff47 a=ActivityRecord{265694941 u0 com.samsung.android.sm_cn/com.samsung.android.sm.iafd.dialog.AppErrorDialogActivityCN t64905} r=null d=true}
07-21 11:20:09.620  1787  1800 I HYPER-HAL: [RequestManager.cpp]releaseLocked(): Released ID : 5325246
07-21 11:20:09.620  4627  4697 V WindowManagerShell: onTransitionReady(transaction=13885629274976)
07-21 11:20:09.620  4627  4750 V WindowManagerShell: onTransitionReady (#66) android.os.BinderProxy@885186: {id=66 t=OPEN f=0x0 trk=0 r=[0@Point(0, 0)] c=[
07-21 11:20:09.620  4627  4750 V WindowManagerShell:         {m=OPEN f=TRANSLUCENT|EDGE_EXTENSION_RESTRICTION leash=Surface(name=Task=64905#710)/@0x856080e sb=Rect(0, 0 - 1440, 3088) eb=Rect(0, 0 - 1440, 3088) epz=Point(1440, 3088) d=0 taskParent=-1 winMode=1 userId=0 inset=Rect(0, 125 - 0, 56)}
07-21 11:20:09.620  4627  4750 V WindowManagerShell:     ]}
07-21 11:20:09.621  4627  4750 V ShellDesktopMode: DesktopModeLogger: taskInfo map after processing changes 0
07-21 11:20:09.621  3233  3293 D [secipm]: mSecIpmManager report to nap
07-21 11:20:09.621  4627  4750 D ShellDesktopMode: DesktopTaskChangeListener: onTaskOpening for taskId=64905, displayId=0 userId=0 currentUserId=0 parentTaskId=-1 isFreeform=false isActive=false
07-21 11:20:09.621  4627  4750 D ShellDesktopMode: DesktopTaskChangeListener: onTaskOpening for taskId=64905, displayId=0 - desktop not supported
07-21 11:20:09.621  4627  4750 I SurfaceControlRegistry: show, t=StartTransaction_SyncId<66> sc=Task=64905#710, caller=android.view.SurfaceControl$Transaction.show:3679 com.android.wm.shell.transition.Transitions.dispatchReady:1372 com.android.wm.shell.transition.Transitions$TransitionPlayerImpl$$ExternalSyntheticLambda1.run:284 android.os.Handler.handleCallback:1070 android.os.Handler.dispatchMessage:125 android.os.Looper.dispatchMessage:358 
07-21 11:20:09.621  4627  4750 I SurfaceControlRegistry: show, t=FinishTransaction_SyncId<66> sc=Task=64905#710, caller=android.view.SurfaceControl$Transaction.show:3679 com.android.wm.shell.transition.Transitions.dispatchReady:1470 com.android.wm.shell.transition.Transitions$TransitionPlayerImpl$$ExternalSyntheticLambda1.run:284 android.os.Handler.handleCallback:1070 android.os.Handler.dispatchMessage:125 android.os.Looper.dispatchMessage:358 
07-21 11:20:09.621  4627  4750 V WindowManagerShell: Transition (#66) android.os.BinderProxy@885186@0 ready while (#64) android.os.BinderProxy@2cb1576@0 is still animating. Notify the animating transition in case they can be merged
07-21 11:20:09.621  4627  4750 V WindowManagerShell:    Requesting merge (#66) into remote: RemoteTransition { remoteTransition = android.window.IRemoteTransition$Stub$Proxy@a4b1302, appThread = null, debugName = QuickstepLaunchflags =NONE }
07-21 11:20:09.621  4627  4750 I WindowManagerShell:    Merge translucent, activity only transit into remote: RemoteTransition { remoteTransition = android.window.IRemoteTransition$Stub$Proxy@a4b1302, appThread = null, debugName = QuickstepLaunchflags =NONE }
07-21 11:20:09.621  4627  4750 I SurfaceControlRegistry: hide, t=StartTransaction_SyncId<66> sc=Task=64905#710, caller=android.view.SurfaceControl$Transaction.hide:3705 com.android.wm.shell.transition.RemoteTransitionHandler.mergeAnimationIfNeeded:70 com.android.wm.shell.transition.RemoteTransitionHandler.mergeAnimation:280 com.android.wm.shell.transition.DefaultMixedTransition.mergeAnimation:156 com.android.wm.shell.transition.DefaultMixedHandler.mergeAnimation:49 com.android.wm.shell.transition.Transitions.processReadyQueue:447 
07-21 11:20:09.621  1930  2013 I SurfaceFlinger: id=720 createSurf, flag=84000, 5c69620 ActivityRecordInputSink com.samsung.android.sm_cn/com.samsung.android.sm.iafd.dialog.AppErrorDialogActivityCN#720
07-21 11:20:09.621  4627  4750 I SurfaceControlRegistry: apply, t=StartTransaction_SyncId<66>, caller=android.view.SurfaceControl$Transaction.apply:3581 android.view.SurfaceControl$Transaction.apply:3569 android.view.SurfaceControl$Transaction.apply:3519 com.android.wm.shell.transition.RemoteTransitionHandler.mergeAnimationIfNeeded:76 com.android.wm.shell.transition.RemoteTransitionHandler.mergeAnimation:280 com.android.wm.shell.transition.DefaultMixedTransition.mergeAnimation:156 
07-21 11:20:09.622  4627  4750 V WindowManagerShell: Merged (#66) into remote
07-21 11:20:09.622 10573 10797 I Rubin   : [59] R0.e.s(Unknown Source) : Notify com.samsung.android.rubin.inferenceengine.contextanalytics.engine.loggers.AppUsageLogger's database is updated.
07-21 11:20:09.622  4627  4750 V WindowManagerShell: Transition was merged: (#66) android.os.BinderProxy@885186@0 into (#64) android.os.BinderProxy@2cb1576@0
07-21 11:20:09.622  4627  4750 D DesktopModeWindowDecorViewModel: onTransitionMergeOrTransferred: remains=1, m=android.os.BinderProxy@885186, p=android.os.BinderProxy@2cb1576, t=false
07-21 11:20:09.622  4627  4750 V ShellTaskOrganizer: Task appeared taskId=64905 listener=FullscreenTaskListener
07-21 11:20:09.622  4627  4750 V ShellTaskOrganizer: Fullscreen Task Appeared: #64905
07-21 11:20:09.622  3233  3293 I PkgPredictorService-SecIpmManagerServiceImpl: reportToNAP uid:1000 com.samsung.android.sm_cn/com.samsung.android.sm.iafd.dialog.AppErrorDialogActivityCN thisTime:87
07-21 11:20:09.622  3233  3293 D PkgPredictorService-SecIpmManagerServiceImpl: reportToNAP: mHeavyLaunchCounter is false
07-21 11:20:09.622  7065  7065 I AFL#SSS:AssistHolder: onActivityEvent Snapshot Destroyed:ComponentInfo{com.penguenlabs.pushnote/com.penguenlabs.pushnote.features.MainActivity}
07-21 11:20:09.622  1930  2013 I SurfaceFlinger: id=721 createSurf, flag=20004, Dim Layer for - Task=64905#721
07-21 11:20:09.623  1930  1930 I SurfaceFlinger: RequestedLayer [25187f1 com.samsung.android.sm_cn/co[...].dialog.AppErrorDialogActivityCN#715] hidden!! flag  from(1) --> to(0)
07-21 11:20:09.623  1930  1930 I SurfaceFlinger: RequestedLayer [a6ceb14 com.samsung.android.sm_cn/co[...].dialog.AppErrorDialogActivityCN#712] hidden!! flag  from(1) --> to(0)
07-21 11:20:09.623  1930  1930 I SurfaceFlinger: RequestedLayer [com.samsung.android.sm_cn/com.samsun[...].AppErrorDialogActivityCN$_19351#716] hidden!! flag  from(1) --> to(0)
07-21 11:20:09.623  1930  1930 I SurfaceFlinger: RequestedLayer [Surface(name=a6ceb14 com.samsung.and[...]mation-leash of window_animation#718] hidden!! flag  from(1) --> to(0)
07-21 11:20:09.623  1930  1930 E SurfaceFlinger: alpha changed 1.000 -> 0.000 - Surface(name=a6ceb14 com.samsung.android.sm_cn/com.samsung.android.sm.iafd.dialog.AppErrorDialogActivityCN#712)/@0x2e4c362 - animation-leash of window_animation#718
07-21 11:20:09.623  1930  1930 I SurfaceFlinger: RequestedLayer [com.samsung.android.sm_cn/com.samsun[...].AppErrorDialogActivityCN$_19351#717] hidden!! flag  from(1) --> to(0)
07-21 11:20:09.623  1930  1930 E SurfaceFlinger: alpha changed 1.000 -> 0.000 - Task=64905#710
07-21 11:20:09.623  1930  1930 I SurfaceFlinger: RequestedLayer [ActivityRecord{265694941 u0 com.sams[...]AppErrorDialogActivityCN t64905}#711] hidden!! flag  from(1) --> to(0)
07-21 11:20:09.623  1930  1930 I SurfaceFlinger: [LayerHierarchy{RequestedLayerState{a6ceb14 com.samsung.android.sm_cn/com.samsung.android.sm.iafd.dialog.AppErrorDialogActivityCN#712 parentId=718 z=1} 1 children}] reparent to LayerHierarchy{RequestedLayerState{Surface(name=a6ceb14 com.samsung.android.sm_cn/com.samsung.android.sm.iafd.dialog.AppErrorDialogActivityCN#712)/@0x2e4c362 - animation-leash of window_animation#718 parentId=711 z=1} 1 children}
07-21 11:20:09.623  1930  1930 I SurfaceFlinger: [Surface(name=a6ceb14 com.samsung.android.sm_cn/com.samsung.android.sm.iafd.dialog.AppErrorDialogActivityCN#712)/@0x2e4c362 - animation-leash of window_animation#718] attach to parent LayerHierarchy{RequestedLayerState{ActivityRecord{265694941 u0 com.samsung.android.sm_cn/com.samsung.android.sm.iafd.dialog.AppErrorDialogActivityCN t64905}#711 parentId=710} 2 children}
07-21 11:20:09.623  1930  1930 I SurfaceFlinger: [Transition Root: Task=64905#719] attach to parent LayerHierarchy{RequestedLayerState{DefaultTaskDisplayArea_d0#10 parentId=9} 11 children}
07-21 11:20:09.623  1930  1930 I SurfaceFlinger: [5c69620 ActivityRecordInputSink com.samsung.android.sm_cn/com.samsung.android.sm.iafd.dialog.AppErrorDialogActivityCN#720] attach to parent LayerHierarchy{RequestedLayerState{ActivityRecord{265694941 u0 com.samsung.android.sm_cn/com.samsung.android.sm.iafd.dialog.AppErrorDialogActivityCN t64905}#711 parentId=710} 3 children}
07-21 11:20:09.623  1930  1930 I SurfaceFlinger: [Dim Layer for - Task=64905#721] attach to parent LayerHierarchy{RequestedLayerState{Task=64905#710 parentId=10 z=7} 2 children}
07-21 11:20:09.623 19351 19351 I VRI[AppErrorDialogActivityCN]@8e4deb8: Creating new active sync group VRI[AppErrorDialogActivityCN]@8e4deb8#11
07-21 11:20:09.623  5038  5038 I HoneySpace.Player: [Player:A(9.257)] container x: 580.4045, y: 155.7481, scale : 0.4945769
07-21 11:20:09.623  5038  5038 I HoneySpace.Player: [Player:A(9.257)] container x: 605.733, y: 165.90144, scale : 0.45825234
07-21 11:20:09.623  5038  5038 I HoneySpace.Player: [Player:A(9.257)] container x: 629.0142, y: 165.90144, scale : 0.45825234
07-21 11:20:09.623 19351 28579 I VRI[AppErrorDialogActivityCN]@8e4deb8: Setting up sync and frameCommitCallback
07-21 11:20:09.624  5038  7986 I HoneySpace.RecentTasks: onRunningTaskAppeared
07-21 11:20:09.624  5038 29711 I HoneySpace.Player: Transaction committed! targetRect-RectF(629.0142, 165.90144, 1288.8976, 1353.584)
07-21 11:20:09.624  5038  5255 I HoneySpace.RecentTasks: onRecentTasksChanged l:200546322
07-21 11:20:09.624  5038  7575 I VRI[LauncherActivity]@16ceedf: mWNT: t=0xb40000720e8c2a00 mBlastBufferQueue=0xb400007185fef400 fn= 333 HdrRenderState mRenderHdrSdrRatio=1.0 caller= com.android.systemui.shared.launcher.ViewRootImplCompat.mergeWithNextTransaction:4 com.honeyspace.transition.utils.SurfaceTransactionApplier.scheduleApply$lambda$1:16 com.honeyspace.transition.utils.SurfaceTransactionApplier.b:0 
07-21 11:20:09.624  5038  7575 I VRI[LauncherActivity]@16ceedf: mWNT: t=0xb40000720e8c2c00 mBlastBufferQueue=0xb400007185fef400 fn= 333 HdrRenderState mRenderHdrSdrRatio=1.0 caller= com.android.systemui.shared.launcher.ViewRootImplCompat.mergeWithNextTransaction:4 com.honeyspace.transition.utils.SurfaceTransactionApplier.scheduleApply$lambda$1:16 com.honeyspace.transition.utils.SurfaceTransactionApplier.b:0 
07-21 11:20:09.624  5038  7575 I VRI[LauncherActivity]@16ceedf: mWNT: t=0xb40000720e8c2e00 mBlastBufferQueue=0xb400007185fef400 fn= 333 HdrRenderState mRenderHdrSdrRatio=1.0 caller= com.android.systemui.shared.launcher.ViewRootImplCompat.mergeWithNextTransaction:4 com.honeyspace.transition.utils.SurfaceTransactionApplier.scheduleApply$lambda$1:16 com.honeyspace.transition.utils.SurfaceTransactionApplier.b:0 
